Archive member included to satisfy reference by file (symbol)

./lib/nfc_t2t_lib_gcc.a(nfc_t2t_lib.c.o)
                              target/smardCard_nrf52840/main.c.o (nfc_t2t_setup)
./lib/nfc_t2t_lib_gcc.a(nfc_t2t_lib_al.c.o)
                              ./lib/nfc_t2t_lib_gcc.a(nfc_t2t_lib.c.o) (nfc_t2t_lib_al_setup)
c:/program files (x86)/gnu tools arm embedded/9 2019-q4-major/bin/../lib/gcc/arm-none-eabi/9.2.1/../../../../arm-none-eabi/lib/thumb/v7e-m+fp/hard\libc_nano.a(lib_a-ctype_.o)
                              target/smardCard_nrf52840/nrf_log_str_formatter.c.o (_ctype_)
c:/program files (x86)/gnu tools arm embedded/9 2019-q4-major/bin/../lib/gcc/arm-none-eabi/9.2.1/../../../../arm-none-eabi/lib/thumb/v7e-m+fp/hard\libc_nano.a(lib_a-exit.o)
                              c:/program files (x86)/gnu tools arm embedded/9 2019-q4-major/bin/../lib/gcc/arm-none-eabi/9.2.1/../../../../arm-none-eabi/lib/thumb/v7e-m+fp/hard/crt0.o (exit)
c:/program files (x86)/gnu tools arm embedded/9 2019-q4-major/bin/../lib/gcc/arm-none-eabi/9.2.1/../../../../arm-none-eabi/lib/thumb/v7e-m+fp/hard\libc_nano.a(lib_a-impure.o)
                              c:/program files (x86)/gnu tools arm embedded/9 2019-q4-major/bin/../lib/gcc/arm-none-eabi/9.2.1/../../../../arm-none-eabi/lib/thumb/v7e-m+fp/hard\libc_nano.a(lib_a-exit.o) (_global_impure_ptr)
c:/program files (x86)/gnu tools arm embedded/9 2019-q4-major/bin/../lib/gcc/arm-none-eabi/9.2.1/../../../../arm-none-eabi/lib/thumb/v7e-m+fp/hard\libc_nano.a(lib_a-init.o)
                              c:/program files (x86)/gnu tools arm embedded/9 2019-q4-major/bin/../lib/gcc/arm-none-eabi/9.2.1/../../../../arm-none-eabi/lib/thumb/v7e-m+fp/hard/crt0.o (__libc_init_array)
c:/program files (x86)/gnu tools arm embedded/9 2019-q4-major/bin/../lib/gcc/arm-none-eabi/9.2.1/../../../../arm-none-eabi/lib/thumb/v7e-m+fp/hard\libc_nano.a(lib_a-malloc.o)
                              target/smardCard_nrf52840/main.c.o (malloc)
c:/program files (x86)/gnu tools arm embedded/9 2019-q4-major/bin/../lib/gcc/arm-none-eabi/9.2.1/../../../../arm-none-eabi/lib/thumb/v7e-m+fp/hard\libc_nano.a(lib_a-memcmp.o)
                              target/smardCard_nrf52840/ble_advdata.c.o (memcmp)
c:/program files (x86)/gnu tools arm embedded/9 2019-q4-major/bin/../lib/gcc/arm-none-eabi/9.2.1/../../../../arm-none-eabi/lib/thumb/v7e-m+fp/hard\libc_nano.a(lib_a-memcpy-stub.o)
                              target/smardCard_nrf52840/ble_advdata.c.o (memcpy)
c:/program files (x86)/gnu tools arm embedded/9 2019-q4-major/bin/../lib/gcc/arm-none-eabi/9.2.1/../../../../arm-none-eabi/lib/thumb/v7e-m+fp/hard\libc_nano.a(lib_a-memset.o)
                              c:/program files (x86)/gnu tools arm embedded/9 2019-q4-major/bin/../lib/gcc/arm-none-eabi/9.2.1/../../../../arm-none-eabi/lib/thumb/v7e-m+fp/hard/crt0.o (memset)
c:/program files (x86)/gnu tools arm embedded/9 2019-q4-major/bin/../lib/gcc/arm-none-eabi/9.2.1/../../../../arm-none-eabi/lib/thumb/v7e-m+fp/hard\libc_nano.a(lib_a-nano-freer.o)
                              c:/program files (x86)/gnu tools arm embedded/9 2019-q4-major/bin/../lib/gcc/arm-none-eabi/9.2.1/../../../../arm-none-eabi/lib/thumb/v7e-m+fp/hard\libc_nano.a(lib_a-malloc.o) (_free_r)
c:/program files (x86)/gnu tools arm embedded/9 2019-q4-major/bin/../lib/gcc/arm-none-eabi/9.2.1/../../../../arm-none-eabi/lib/thumb/v7e-m+fp/hard\libc_nano.a(lib_a-nano-mallocr.o)
                              c:/program files (x86)/gnu tools arm embedded/9 2019-q4-major/bin/../lib/gcc/arm-none-eabi/9.2.1/../../../../arm-none-eabi/lib/thumb/v7e-m+fp/hard\libc_nano.a(lib_a-malloc.o) (_malloc_r)
c:/program files (x86)/gnu tools arm embedded/9 2019-q4-major/bin/../lib/gcc/arm-none-eabi/9.2.1/../../../../arm-none-eabi/lib/thumb/v7e-m+fp/hard\libc_nano.a(lib_a-sbrkr.o)
                              c:/program files (x86)/gnu tools arm embedded/9 2019-q4-major/bin/../lib/gcc/arm-none-eabi/9.2.1/../../../../arm-none-eabi/lib/thumb/v7e-m+fp/hard\libc_nano.a(lib_a-nano-mallocr.o) (_sbrk_r)
c:/program files (x86)/gnu tools arm embedded/9 2019-q4-major/bin/../lib/gcc/arm-none-eabi/9.2.1/../../../../arm-none-eabi/lib/thumb/v7e-m+fp/hard\libc_nano.a(lib_a-strcpy.o)
                              target/smardCard_nrf52840/SEGGER_RTT.c.o (strcpy)
c:/program files (x86)/gnu tools arm embedded/9 2019-q4-major/bin/../lib/gcc/arm-none-eabi/9.2.1/../../../../arm-none-eabi/lib/thumb/v7e-m+fp/hard\libc_nano.a(lib_a-strlen.o)
                              target/smardCard_nrf52840/main.c.o (strlen)
c:/program files (x86)/gnu tools arm embedded/9 2019-q4-major/bin/../lib/gcc/arm-none-eabi/9.2.1/../../../../arm-none-eabi/lib/thumb/v7e-m+fp/hard\libc_nano.a(lib_a-mlock.o)
                              c:/program files (x86)/gnu tools arm embedded/9 2019-q4-major/bin/../lib/gcc/arm-none-eabi/9.2.1/../../../../arm-none-eabi/lib/thumb/v7e-m+fp/hard\libc_nano.a(lib_a-nano-freer.o) (__malloc_lock)
[...]
Memory Configuration

Name             Origin             Length             Attributes
FLASH            0x00027000         0x000d9000         xr
RAM              0x20002300         0x0003dd00         xrw
*default*        0x00000000         0xffffffff

Linker script and memory map


.text           0x00027000     0xa4b0
 *(.isr_vector)
 .isr_vector    0x00027000      0x200 target/smardCard_nrf52840/gcc_startup_nrf52840.S.o
                0x00027000                __isr_vector
 *(.text*)
 .text          0x00027200       0x40 c:/program files (x86)/gnu tools arm embedded/9 2019-q4-major/bin/../lib/gcc/arm-none-eabi/9.2.1/thumb/v7e-m+fp/hard/crtbegin.o
 .text          0x00027240       0x74 c:/program files (x86)/gnu tools arm embedded/9 2019-q4-major/bin/../lib/gcc/arm-none-eabi/9.2.1/../../../../arm-none-eabi/lib/thumb/v7e-m+fp/hard/crt0.o
                0x00027240                _start
                0x00027240                _mainCRTStartup
 .text.sd_ble_gap_adv_set_configure
                0x000272b4        0x4 target/smardCard_nrf52840/main.c.o
 .text.sd_ble_gap_adv_start
                0x000272b8        0x4 target/smardCard_nrf52840/main.c.o
 .text.sd_ble_gap_disconnect
                0x000272bc        0x4 target/smardCard_nrf52840/main.c.o
 .text.sd_ble_gap_ppcp_set
                0x000272c0        0x4 target/smardCard_nrf52840/main.c.o
 .text.sd_ble_gap_device_name_set
                0x000272c4        0x4 target/smardCard_nrf52840/main.c.o
 .text.sd_ble_gap_sec_params_reply
                0x000272c8        0x4 target/smardCard_nrf52840/main.c.o
 .text.sd_ble_gap_phy_update
                0x000272cc        0x4 target/smardCard_nrf52840/main.c.o
 .text.sd_ble_gatts_sys_attr_set
                0x000272d0        0x4 target/smardCard_nrf52840/main.c.o
 .text.read_button1_GPIO
                0x000272d4       0x14 target/smardCard_nrf52840/main.c.o
                0x000272d4                read_button1_GPIO
 .text.read_button2_GPIO
                0x000272e8       0x14 target/smardCard_nrf52840/main.c.o
                0x000272e8                read_button2_GPIO
 .text.read_button3_GPIO
                0x000272fc       0x18 target/smardCard_nrf52840/main.c.o
                0x000272fc                read_button3_GPIO
 .text.nrf_qwr_error_handler
                0x00027314        0x4 target/smardCard_nrf52840/main.c.o
 .text.BTN1_PRESS_DOWN_Handler
                0x00027318        0x8 target/smardCard_nrf52840/main.c.o
                0x00027318                BTN1_PRESS_DOWN_Handler
 .text.BTN2_PRESS_DOWN_Handler
                0x00027320        0x8 target/smardCard_nrf52840/main.c.o
                0x00027320                BTN2_PRESS_DOWN_Handler
 .text.BTN3_PRESS_DOWN_Handler
                0x00027328        0x8 target/smardCard_nrf52840/main.c.o
                0x00027328                BTN3_PRESS_DOWN_Handler
 .text.BTN1_PRESS_UP_Handler
                0x00027330        0x8 target/smardCard_nrf52840/main.c.o
                0x00027330                BTN1_PRESS_UP_Handler
 .text.BTN2_PRESS_UP_Handler
                0x00027338        0x8 target/smardCard_nrf52840/main.c.o
                0x00027338                BTN2_PRESS_UP_Handler
 .text.BTN3_PRESS_UP_Handler
                0x00027340        0x8 target/smardCard_nrf52840/main.c.o
                0x00027340                BTN3_PRESS_UP_Handler
 .text.nfc_callback
                0x00027348       0x18 target/smardCard_nrf52840/main.c.o
 .text.on_conn_params_evt
                0x00027360       0x24 target/smardCard_nrf52840/main.c.o
 .text.led_write_handler
                0x00027384       0x40 target/smardCard_nrf52840/main.c.o
 .text.button_event_handler
                0x000273c4       0x60 target/smardCard_nrf52840/main.c.o
 .text.conn_params_error_handler
                0x00027424        0x4 target/smardCard_nrf52840/main.c.o
 .text.EPD_1IN54_V2_TurnOnDisplay
                0x00027428       0x80 target/smardCard_nrf52840/main.c.o
 .text.ble_evt_handler
                0x000274a8      0x134 target/smardCard_nrf52840/main.c.o
 .text.EPD_1IN54_V2_Init
                0x000275dc      0x2fc target/smardCard_nrf52840/main.c.o
                0x000275dc                EPD_1IN54_V2_Init
 .text.EPD_1IN54_V2_Display
                0x000278d8       0x68 target/smardCard_nrf52840/main.c.o
                0x000278d8                EPD_1IN54_V2_Display
 .text.EPD_1IN54_V2_Clear
                0x00027940       0x68 target/smardCard_nrf52840/main.c.o
                0x00027940                EPD_1IN54_V2_Clear
 .text.startup.main
                0x000279a8      0x52c target/smardCard_nrf52840/main.c.o
                0x000279a8                main
 .text.spiCallbackFunc
                0x00027ed4        0xc target/smardCard_nrf52840/board_spi.c.o
 .text.SPI_Init
                0x00027ee0       0x60 target/smardCard_nrf52840/board_spi.c.o
                0x00027ee0                SPI_Init
 .text.SPI_ReadWriteData
                0x00027f40       0x40 target/smardCard_nrf52840/board_spi.c.o
                0x00027f40                SPI_ReadWriteData
 .text.SPI_Enable
                0x00027f80       0x54 target/smardCard_nrf52840/board_spi.c.o
                0x00027f80                SPI_Enable
 .text.SPI_Disable
                0x00027fd4        0xc target/smardCard_nrf52840/board_spi.c.o
                0x00027fd4                SPI_Disable
 .text.Paint_NewImage
                0x00027fe0       0x44 target/smardCard_nrf52840/GUI_Paint.c.o
                0x00027fe0                Paint_NewImage
 .text.Paint_SelectImage
                0x00028024        0xc target/smardCard_nrf52840/GUI_Paint.c.o
                0x00028024                Paint_SelectImage
 .text.Paint_Clear
                0x00028030       0xa0 target/smardCard_nrf52840/GUI_Paint.c.o
                0x00028030                Paint_Clear
 .text.Paint_DrawBitMap
                0x000280d0       0x48 target/smardCard_nrf52840/GUI_Paint.c.o
                0x000280d0                Paint_DrawBitMap
 .text.button_init
                0x00028118       0x34 target/smardCard_nrf52840/multi_button.c.o
                0x00028118                button_init
 .text.button_attach
                0x0002814c        0x8 target/smardCard_nrf52840/multi_button.c.o
                0x0002814c                button_attach
 .text.button_start
                0x00028154       0x2c target/smardCard_nrf52840/multi_button.c.o
                0x00028154                button_start
 .text.button_ticks
                0x00028180      0x1c0 target/smardCard_nrf52840/multi_button.c.o
                0x00028180                button_ticks
 .text.bsp_board_led_on
                0x00028340       0x24 target/smardCard_nrf52840/boards.c.o
                0x00028340                bsp_board_led_on
 .text.bsp_board_led_off
                0x00028364       0x24 target/smardCard_nrf52840/boards.c.o
                0x00028364                bsp_board_led_off
 .text.bsp_board_leds_on
                0x00028388       0x2c target/smardCard_nrf52840/boards.c.o
                0x00028388                bsp_board_leds_on
 .text.bsp_board_led_invert
                0x000283b4       0x34 target/smardCard_nrf52840/boards.c.o
                0x000283b4                bsp_board_led_invert
 .text.bsp_board_init
                0x000283e8       0x5c target/smardCard_nrf52840/boards.c.o
                0x000283e8                bsp_board_init
 .text          0x00028444       0x3c target/smardCard_nrf52840/gcc_startup_nrf52840.S.o
                0x00028444                Reset_Handler
                0x0002846c                NMI_Handler
                0x0002846e                HardFault_Handler
                0x00028470                MemoryManagement_Handler
                0x00028472                BusFault_Handler
                0x00028474                UsageFault_Handler
                0x00028476                SVC_Handler
                0x00028478                DebugMon_Handler
                0x0002847a                PendSV_Handler
                0x0002847c                SysTick_Handler
                0x0002847e                TEMP_IRQHandler
                0x0002847e                RADIO_IRQHandler
                0x0002847e                PWM3_IRQHandler
                0x0002847e                FPU_IRQHandler
                0x0002847e                USBD_IRQHandler
                0x0002847e                QDEC_IRQHandler
                0x0002847e                PDM_IRQHandler
                0x0002847e                CRYPTOCELL_IRQHandler
                0x0002847e                PWM1_IRQHandler
                0x0002847e                SWI4_EGU4_IRQHandler
                0x0002847e                POWER_CLOCK_IRQHandler
                0x0002847e                PWM2_IRQHandler
                0x0002847e                ECB_IRQHandler
                0x0002847e                Default_Handler
                0x0002847e                SAADC_IRQHandler
                0x0002847e                CCM_AAR_IRQHandler
                0x0002847e                WDT_IRQHandler
                0x0002847e                SWI0_EGU0_IRQHandler
                0x0002847e                SWI5_EGU5_IRQHandler
                0x0002847e                RNG_IRQHandler
                0x0002847e                RTC2_IRQHandler
                0x0002847e                PWM0_IRQHandler
                0x0002847e                SWI3_EGU3_IRQHandler
                0x0002847e                SWI1_EGU1_IRQHandler
                0x0002847e                RTC0_IRQHandler
                0x0002847e                MWU_IRQHandler
                0x0002847e                I2S_IRQHandler
                0x0002847e                QSPI_IRQHandler
 .text.SystemInit
                0x00028480      0x220 target/smardCard_nrf52840/system_nrf52840.c.o
                0x00028480                SystemInit
 .text.sd_ble_gap_addr_get
                0x000286a0        0x4 target/smardCard_nrf52840/ble_advdata.c.o
 .text.sd_ble_gap_appearance_get
                0x000286a4        0x4 target/smardCard_nrf52840/ble_advdata.c.o
 .text.sd_ble_gap_device_name_get
                0x000286a8        0x4 target/smardCard_nrf52840/ble_advdata.c.o
 .text.sd_ble_uuid_encode
                0x000286ac        0x4 target/smardCard_nrf52840/ble_advdata.c.o
 .text.uuid_list_sized_encode.isra.0
                0x000286b0       0xf0 target/smardCard_nrf52840/ble_advdata.c.o
 .text.ble_advdata_encode
                0x000287a0      0x40c target/smardCard_nrf52840/ble_advdata.c.o
                0x000287a0                ble_advdata_encode
 .text.sd_ble_gap_conn_param_update
                0x00028bac        0x4 target/smardCard_nrf52840/ble_conn_params.c.o
 .text.sd_ble_gap_disconnect
                0x00028bb0        0x4 target/smardCard_nrf52840/ble_conn_params.c.o
 .text.sd_ble_gap_ppcp_set
                0x00028bb4        0x4 target/smardCard_nrf52840/ble_conn_params.c.o
 .text.sd_ble_gap_ppcp_get
                0x00028bb8        0x4 target/smardCard_nrf52840/ble_conn_params.c.o
 .text.update_timeout_handler
                0x00028bbc       0x78 target/smardCard_nrf52840/ble_conn_params.c.o
 .text.ble_evt_handler
                0x00028c34      0x1d4 target/smardCard_nrf52840/ble_conn_params.c.o
 .text.ble_conn_params_init
                0x00028e08       0x78 target/smardCard_nrf52840/ble_conn_params.c.o
                0x00028e08                ble_conn_params_init
 .text.ble_evt_handler
                0x00028e80      0x160 target/smardCard_nrf52840/ble_conn_state.c.o
 .text.sd_ble_gatts_characteristic_add
                0x00028fe0        0x4 target/smardCard_nrf52840/ble_srv_common.c.o
 .text.ble_srv_is_notification_enabled
                0x00028fe4        0x8 target/smardCard_nrf52840/ble_srv_common.c.o
                0x00028fe4                ble_srv_is_notification_enabled
 .text.characteristic_add
                0x00028fec      0x278 target/smardCard_nrf52840/ble_srv_common.c.o
                0x00028fec                characteristic_add
 .text.sd_ble_gap_data_length_update
                0x00029264        0x4 target/smardCard_nrf52840/nrf_ble_gatt.c.o
 .text.sd_ble_gattc_exchange_mtu_request
                0x00029268        0x4 target/smardCard_nrf52840/nrf_ble_gatt.c.o
 .text.sd_ble_gatts_exchange_mtu_reply
                0x0002926c        0x4 target/smardCard_nrf52840/nrf_ble_gatt.c.o
 .text.data_length_update.constprop.0
                0x00029270       0x8c target/smardCard_nrf52840/nrf_ble_gatt.c.o
 .text.nrf_ble_gatt_init
                0x000292fc       0x28 target/smardCard_nrf52840/nrf_ble_gatt.c.o
                0x000292fc                nrf_ble_gatt_init
 .text.nrf_ble_gatt_on_ble_evt
                0x00029324      0x1c8 target/smardCard_nrf52840/nrf_ble_gatt.c.o
                0x00029324                nrf_ble_gatt_on_ble_evt
 .text.sd_ble_gatts_rw_authorize_reply
                0x000294ec        0x4 target/smardCard_nrf52840/nrf_ble_qwr.c.o
 .text.sd_ble_user_mem_reply
                0x000294f0        0x4 target/smardCard_nrf52840/nrf_ble_qwr.c.o
 .text.nrf_ble_qwr_init
                0x000294f4       0x24 target/smardCard_nrf52840/nrf_ble_qwr.c.o
                0x000294f4                nrf_ble_qwr_init
 .text.nrf_ble_qwr_conn_handle_assign
                0x00029518       0x18 target/smardCard_nrf52840/nrf_ble_qwr.c.o
                0x00029518                nrf_ble_qwr_conn_handle_assign
 .text.nrf_ble_qwr_on_ble_evt
                0x00029530       0xf4 target/smardCard_nrf52840/nrf_ble_qwr.c.o
                0x00029530                nrf_ble_qwr_on_ble_evt
 .text.sd_ble_gatts_service_add
                0x00029624        0x4 target/smardCard_nrf52840/ble_lbs.c.o
 .text.sd_ble_gatts_hvx
                0x00029628        0x4 target/smardCard_nrf52840/ble_lbs.c.o
 .text.sd_ble_uuid_vs_add
                0x0002962c        0x4 target/smardCard_nrf52840/ble_lbs.c.o
 .text.ble_lbs_on_ble_evt
                0x00029630       0x30 target/smardCard_nrf52840/ble_lbs.c.o
                0x00029630                ble_lbs_on_ble_evt
 .text.ble_lbs_init
                0x00029660       0xd0 target/smardCard_nrf52840/ble_lbs.c.o
                0x00029660                ble_lbs_init
 .text.ble_lbs_on_button_change
                0x00029730       0x40 target/smardCard_nrf52840/ble_lbs.c.o
                0x00029730                ble_lbs_on_button_change
 .text.sd_clock_hfclk_request
                0x00029770        0x4 target/smardCard_nrf52840/nrf_drv_clock.c.o
 .text.sd_clock_hfclk_release
                0x00029774        0x4 target/smardCard_nrf52840/nrf_drv_clock.c.o
 .text.clock_irq_handler
                0x00029778       0x44 target/smardCard_nrf52840/nrf_drv_clock.c.o
 .text.soc_evt_handler
                0x000297bc       0x28 target/smardCard_nrf52840/nrf_drv_clock.c.o
 .text.sd_state_evt_handler
                0x000297e4       0xc8 target/smardCard_nrf52840/nrf_drv_clock.c.o
 .text.nrf_drv_clock_init
                0x000298ac       0x48 target/smardCard_nrf52840/nrf_drv_clock.c.o
                0x000298ac                nrf_drv_clock_init
 .text.nrf_drv_clock_hfclk_request
                0x000298f4       0x7c target/smardCard_nrf52840/nrf_drv_clock.c.o
                0x000298f4                nrf_drv_clock_hfclk_request
 .text.nrf_drv_clock_hfclk_release
                0x00029970       0x5c target/smardCard_nrf52840/nrf_drv_clock.c.o
                0x00029970                nrf_drv_clock_hfclk_release
 .text.spim_evt_handler
                0x000299cc       0x3c target/smardCard_nrf52840/nrf_drv_spi.c.o
 .text.nrf_drv_spi_init
                0x00029a08       0x80 target/smardCard_nrf52840/nrf_drv_spi.c.o
                0x00029a08                nrf_drv_spi_init
 .text.uarte_evt_handler
                0x00029a88       0x34 target/smardCard_nrf52840/nrf_drv_uart.c.o
 .text.uart_evt_handler
                0x00029abc       0x34 target/smardCard_nrf52840/nrf_drv_uart.c.o
 .text.nrf_drv_uart_init
                0x00029af0       0x88 target/smardCard_nrf52840/nrf_drv_uart.c.o
                0x00029af0                nrf_drv_uart_init
 .text.nrfx_clock_init
                0x00029b78       0x18 target/smardCard_nrf52840/nrfx_clock.c.o
                0x00029b78                nrfx_clock_init
 .text.nrfx_clock_enable
                0x00029b90       0x2c target/smardCard_nrf52840/nrfx_clock.c.o
                0x00029b90                nrfx_clock_enable
 .text.nrfx_clock_lfclk_stop
                0x00029bbc       0x38 target/smardCard_nrf52840/nrfx_clock.c.o
                0x00029bbc                nrfx_clock_lfclk_stop
 .text.nrfx_clock_hfclk_start
                0x00029bf4       0x24 target/smardCard_nrf52840/nrfx_clock.c.o
                0x00029bf4                nrfx_clock_hfclk_start
 .text.nrfx_clock_hfclk_stop
                0x00029c18       0x48 target/smardCard_nrf52840/nrfx_clock.c.o
                0x00029c18                nrfx_clock_hfclk_stop
 .text.nrfx_gpiote_init
                0x00029c60       0xac target/smardCard_nrf52840/nrfx_gpiote.c.o
                0x00029c60                nrfx_gpiote_init
 .text.nrfx_gpiote_is_init
                0x00029d0c       0x14 target/smardCard_nrf52840/nrfx_gpiote.c.o
                0x00029d0c                nrfx_gpiote_is_init
 .text.nrfx_gpiote_in_init
                0x00029d20      0x160 target/smardCard_nrf52840/nrfx_gpiote.c.o
                0x00029d20                nrfx_gpiote_in_init
 .text.nrfx_gpiote_in_event_enable
                0x00029e80       0xd8 target/smardCard_nrf52840/nrfx_gpiote.c.o
                0x00029e80                nrfx_gpiote_in_event_enable
 .text.nrfx_gpiote_in_event_disable
                0x00029f58       0x74 target/smardCard_nrf52840/nrfx_gpiote.c.o
                0x00029f58                nrfx_gpiote_in_event_disable
 .text.nrfx_gpiote_in_is_set
                0x00029fcc       0x20 target/smardCard_nrf52840/nrfx_gpiote.c.o
                0x00029fcc                nrfx_gpiote_in_is_set
 .text.GPIOTE_IRQHandler
                0x00029fec      0x2ac target/smardCard_nrf52840/nrfx_gpiote.c.o
                0x00029fec                GPIOTE_IRQHandler
 .text.nrfx_nfct_field_event_handler
                0x0002a298       0xb8 target/smardCard_nrf52840/nrfx_nfct.c.o
 .text.nrfx_nfct_field_timer_handler
                0x0002a350       0x58 target/smardCard_nrf52840/nrfx_nfct.c.o
 .text.nrfx_nfct_init
                0x0002a3a8      0x118 target/smardCard_nrf52840/nrfx_nfct.c.o
                0x0002a3a8                nrfx_nfct_init
 .text.nrfx_nfct_enable
                0x0002a4c0       0x2c target/smardCard_nrf52840/nrfx_nfct.c.o
                0x0002a4c0                nrfx_nfct_enable
 .text.nrfx_nfct_rx
                0x0002a4ec       0x34 target/smardCard_nrf52840/nrfx_nfct.c.o
                0x0002a4ec                nrfx_nfct_rx
 .text.nrfx_nfct_tx
                0x0002a520       0x54 target/smardCard_nrf52840/nrfx_nfct.c.o
                0x0002a520                nrfx_nfct_tx
 .text.nrfx_nfct_state_force
                0x0002a574       0x58 target/smardCard_nrf52840/nrfx_nfct.c.o
                0x0002a574                nrfx_nfct_state_force
 .text.nrfx_nfct_init_substate_force
                0x0002a5cc       0x44 target/smardCard_nrf52840/nrfx_nfct.c.o
                0x0002a5cc                nrfx_nfct_init_substate_force
 .text.nrfx_nfct_nfcid1_default_bytes_get
                0x0002a610       0x94 target/smardCard_nrf52840/nrfx_nfct.c.o
                0x0002a610                nrfx_nfct_nfcid1_default_bytes_get
 .text.NFCT_IRQHandler
                0x0002a6a4      0x21c target/smardCard_nrf52840/nrfx_nfct.c.o
                0x0002a6a4                NFCT_IRQHandler
 .text.SPIM0_SPIS0_TWIM0_TWIS0_SPI0_TWI0_IRQHandler
                0x0002a8c0        0xc target/smardCard_nrf52840/nrfx_prs.c.o
                0x0002a8c0                SPIM0_SPIS0_TWIM0_TWIS0_SPI0_TWI0_IRQHandler
 .text.SPIM1_SPIS1_TWIM1_TWIS1_SPI1_TWI1_IRQHandler
                0x0002a8cc        0xc target/smardCard_nrf52840/nrfx_prs.c.o
                0x0002a8cc                SPIM1_SPIS1_TWIM1_TWIS1_SPI1_TWI1_IRQHandler
 .text.SPIM2_SPIS2_SPI2_IRQHandler
                0x0002a8d8        0xc target/smardCard_nrf52840/nrfx_prs.c.o
                0x0002a8d8                SPIM2_SPIS2_SPI2_IRQHandler
 .text.COMP_LPCOMP_IRQHandler
                0x0002a8e4        0xc target/smardCard_nrf52840/nrfx_prs.c.o
                0x0002a8e4                COMP_LPCOMP_IRQHandler
 .text.UARTE0_UART0_IRQHandler
                0x0002a8f0        0xc target/smardCard_nrf52840/nrfx_prs.c.o
                0x0002a8f0                UARTE0_UART0_IRQHandler
 .text.nrfx_prs_acquire
                0x0002a8fc       0x90 target/smardCard_nrf52840/nrfx_prs.c.o
                0x0002a8fc                nrfx_prs_acquire
 .text.nrfx_prs_release
                0x0002a98c       0x6c target/smardCard_nrf52840/nrfx_prs.c.o
                0x0002a98c                nrfx_prs_release
 .text.nrfx_spim_0_irq_handler
                0x0002a9f8       0x78 target/smardCard_nrf52840/nrfx_spim.c.o
                0x0002a9f8                nrfx_spim_0_irq_handler
 .text.nrfx_spim_1_irq_handler
                0x0002aa70       0x80 target/smardCard_nrf52840/nrfx_spim.c.o
                0x0002aa70                nrfx_spim_1_irq_handler
 .text.SPIM3_IRQHandler
                0x0002aaf0       0x80 target/smardCard_nrf52840/nrfx_spim.c.o
                0x0002aaf0                SPIM3_IRQHandler
 .text.nrfx_spim_2_irq_handler
                0x0002ab70       0x80 target/smardCard_nrf52840/nrfx_spim.c.o
                0x0002ab70                nrfx_spim_2_irq_handler
 .text.nrfx_spim_init
                0x0002abf0      0x270 target/smardCard_nrf52840/nrfx_spim.c.o
                0x0002abf0                nrfx_spim_init
 .text.nrfx_spim_uninit
                0x0002ae60       0xd8 target/smardCard_nrf52840/nrfx_spim.c.o
                0x0002ae60                nrfx_spim_uninit
 .text.nrfx_spim_xfer
                0x0002af38      0x198 target/smardCard_nrf52840/nrfx_spim.c.o
                0x0002af38                nrfx_spim_xfer
 .text.nrfx_timer_init
                0x0002b0d0       0xfc target/smardCard_nrf52840/nrfx_timer.c.o
                0x0002b0d0                nrfx_timer_init
 .text.nrfx_timer_enable
                0x0002b1cc       0x1c target/smardCard_nrf52840/nrfx_timer.c.o
                0x0002b1cc                nrfx_timer_enable
 .text.nrfx_timer_disable
                0x0002b1e8       0x1c target/smardCard_nrf52840/nrfx_timer.c.o
                0x0002b1e8                nrfx_timer_disable
 .text.nrfx_timer_clear
                0x0002b204        0x8 target/smardCard_nrf52840/nrfx_timer.c.o
                0x0002b204                nrfx_timer_clear
 .text.nrfx_timer_extended_compare
                0x0002b20c       0x60 target/smardCard_nrf52840/nrfx_timer.c.o
                0x0002b20c                nrfx_timer_extended_compare
 .text.TIMER0_IRQHandler
                0x0002b26c       0x58 target/smardCard_nrf52840/nrfx_timer.c.o
                0x0002b26c                TIMER0_IRQHandler
 .text.TIMER1_IRQHandler
                0x0002b2c4       0x58 target/smardCard_nrf52840/nrfx_timer.c.o
                0x0002b2c4                TIMER1_IRQHandler
 .text.TIMER2_IRQHandler
                0x0002b31c       0x58 target/smardCard_nrf52840/nrfx_timer.c.o
                0x0002b31c                TIMER2_IRQHandler
 .text.TIMER3_IRQHandler
                0x0002b374       0x58 target/smardCard_nrf52840/nrfx_timer.c.o
                0x0002b374                TIMER3_IRQHandler
 .text.TIMER4_IRQHandler
                0x0002b3cc       0x58 target/smardCard_nrf52840/nrfx_timer.c.o
                0x0002b3cc                TIMER4_IRQHandler
 .text.nrfx_uart_0_irq_handler
                0x0002b424      0x1c4 target/smardCard_nrf52840/nrfx_uart.c.o
                0x0002b424                nrfx_uart_0_irq_handler
 .text.nrfx_uart_init
                0x0002b5e8      0x1f0 target/smardCard_nrf52840/nrfx_uart.c.o
                0x0002b5e8                nrfx_uart_init
 .text.nrfx_uart_uninit
                0x0002b7d8      0x10c target/smardCard_nrf52840/nrfx_uart.c.o
                0x0002b7d8                nrfx_uart_uninit
 .text.nrfx_uart_tx
                0x0002b8e4       0xd0 target/smardCard_nrf52840/nrfx_uart.c.o
                0x0002b8e4                nrfx_uart_tx
 .text.UARTE1_IRQHandler
                0x0002b9b4      0x154 target/smardCard_nrf52840/nrfx_uarte.c.o
                0x0002b9b4                UARTE1_IRQHandler
 .text.nrfx_uarte_0_irq_handler
                0x0002bb08      0x160 target/smardCard_nrf52840/nrfx_uarte.c.o
                0x0002bb08                nrfx_uarte_0_irq_handler
 .text.nrfx_uarte_init
                0x0002bc68      0x22c target/smardCard_nrf52840/nrfx_uarte.c.o
                0x0002bc68                nrfx_uarte_init
 .text.nrfx_uarte_uninit
                0x0002be94      0x170 target/smardCard_nrf52840/nrfx_uarte.c.o
                0x0002be94                nrfx_uarte_uninit
 .text.nrfx_uarte_tx
                0x0002c004       0xb4 target/smardCard_nrf52840/nrfx_uarte.c.o
                0x0002c004                nrfx_uarte_tx
 .text.gpiote_event_handler
                0x0002c0b8       0x74 target/smardCard_nrf52840/app_button.c.o
 .text.detection_delay_timeout_handler
                0x0002c12c      0x264 target/smardCard_nrf52840/app_button.c.o
 .text.app_button_init
                0x0002c390       0xc0 target/smardCard_nrf52840/app_button.c.o
                0x0002c390                app_button_init
 .text.app_button_enable
                0x0002c450       0x2c target/smardCard_nrf52840/app_button.c.o
                0x0002c450                app_button_enable
 .text.app_button_disable
                0x0002c47c       0x5c target/smardCard_nrf52840/app_button.c.o
                0x0002c47c                app_button_disable
 .text.app_error_handler_bare
                0x0002c4d8       0x20 target/smardCard_nrf52840/app_error.c.o
                0x0002c4d8                app_error_handler_bare
 .text.app_error_fault_handler
                0x0002c4f8       0x70 target/smardCard_nrf52840/app_error_weak.c.o
                0x0002c4f8                app_error_fault_handler
 .text.compare_func
                0x0002c568       0x18 target/smardCard_nrf52840/app_timer2.c.o
 .text.rtc_irq  0x0002c580      0x318 target/smardCard_nrf52840/app_timer2.c.o
 .text.app_timer_init
                0x0002c898       0x6c target/smardCard_nrf52840/app_timer2.c.o
                0x0002c898                app_timer_init
 .text.app_timer_create
                0x0002c904       0x1c target/smardCard_nrf52840/app_timer2.c.o
                0x0002c904                app_timer_create
 .text.app_timer_start
                0x0002c920       0x8c target/smardCard_nrf52840/app_timer2.c.o
                0x0002c920                app_timer_start
 .text.app_timer_stop
                0x0002c9ac       0x44 target/smardCard_nrf52840/app_timer2.c.o
                0x0002c9ac                app_timer_stop
 .text.app_util_critical_region_enter
                0x0002c9f0       0x4c target/smardCard_nrf52840/app_util_platform.c.o
                0x0002c9f0                app_util_critical_region_enter
 .text.app_util_critical_region_exit
                0x0002ca3c       0x30 target/smardCard_nrf52840/app_util_platform.c.o
                0x0002ca3c                app_util_critical_region_exit
 .text.drv_rtc_init
                0x0002ca6c       0xc0 target/smardCard_nrf52840/drv_rtc.c.o
                0x0002ca6c                drv_rtc_init
 .text.drv_rtc_start
                0x0002cb2c        0x8 target/smardCard_nrf52840/drv_rtc.c.o
                0x0002cb2c                drv_rtc_start
 .text.drv_rtc_stop
                0x0002cb34        0x8 target/smardCard_nrf52840/drv_rtc.c.o
                0x0002cb34                drv_rtc_stop
 .text.drv_rtc_compare_set
                0x0002cb3c       0x4c target/smardCard_nrf52840/drv_rtc.c.o
                0x0002cb3c                drv_rtc_compare_set
 .text.drv_rtc_windowed_compare_set
                0x0002cb88       0xf8 target/smardCard_nrf52840/drv_rtc.c.o
                0x0002cb88                drv_rtc_windowed_compare_set
 .text.drv_rtc_overflow_enable
                0x0002cc80       0x14 target/smardCard_nrf52840/drv_rtc.c.o
                0x0002cc80                drv_rtc_overflow_enable
 .text.drv_rtc_overflow_pending
                0x0002cc94       0x20 target/smardCard_nrf52840/drv_rtc.c.o
                0x0002cc94                drv_rtc_overflow_pending
 .text.drv_rtc_compare_disable
                0x0002ccb4       0x18 target/smardCard_nrf52840/drv_rtc.c.o
                0x0002ccb4                drv_rtc_compare_disable
 .text.drv_rtc_compare_pending
                0x0002cccc       0x20 target/smardCard_nrf52840/drv_rtc.c.o
                0x0002cccc                drv_rtc_compare_pending
 .text.drv_rtc_counter_get
                0x0002ccec        0x8 target/smardCard_nrf52840/drv_rtc.c.o
                0x0002ccec                drv_rtc_counter_get
 .text.drv_rtc_irq_trigger
                0x0002ccf4       0x24 target/smardCard_nrf52840/drv_rtc.c.o
                0x0002ccf4                drv_rtc_irq_trigger
 .text.RTC1_IRQHandler
                0x0002cd18       0x14 target/smardCard_nrf52840/drv_rtc.c.o
                0x0002cd18                RTC1_IRQHandler
 .text.nrf_atfifo_init
                0x0002cd2c       0x30 target/smardCard_nrf52840/nrf_atfifo.c.o
                0x0002cd2c                nrf_atfifo_init
 .text.nrf_atfifo_item_alloc
                0x0002cd5c       0x5c target/smardCard_nrf52840/nrf_atfifo.c.o
                0x0002cd5c                nrf_atfifo_item_alloc
 .text.nrf_atfifo_item_put
                0x0002cdb8       0x20 target/smardCard_nrf52840/nrf_atfifo.c.o
                0x0002cdb8                nrf_atfifo_item_put
 .text.nrf_atfifo_item_get
                0x0002cdd8       0x60 target/smardCard_nrf52840/nrf_atfifo.c.o
                0x0002cdd8                nrf_atfifo_item_get
 .text.nrf_atfifo_item_free
                0x0002ce38       0x20 target/smardCard_nrf52840/nrf_atfifo.c.o
                0x0002ce38                nrf_atfifo_item_free
 .text.nrf_atflags_set
                0x0002ce58       0x14 target/smardCard_nrf52840/nrf_atflags.c.o
                0x0002ce58                nrf_atflags_set
 .text.nrf_atflags_clear
                0x0002ce6c       0x14 target/smardCard_nrf52840/nrf_atflags.c.o
                0x0002ce6c                nrf_atflags_clear
 .text.nrf_atflags_get
                0x0002ce80       0x14 target/smardCard_nrf52840/nrf_atflags.c.o
                0x0002ce80                nrf_atflags_get
 .text.nrf_atomic_u32_fetch_store
                0x0002ce94       0x1c target/smardCard_nrf52840/nrf_atomic.c.o
                0x0002ce94                nrf_atomic_u32_fetch_store
 .text.nrf_atomic_u32_or
                0x0002ceb0       0x1c target/smardCard_nrf52840/nrf_atomic.c.o
                0x0002ceb0                nrf_atomic_u32_or
 .text.nrf_atomic_u32_and
                0x0002cecc       0x1c target/smardCard_nrf52840/nrf_atomic.c.o
                0x0002cecc                nrf_atomic_u32_and
 .text.nrf_atomic_u32_add
                0x0002cee8       0x1c target/smardCard_nrf52840/nrf_atomic.c.o
                0x0002cee8                nrf_atomic_u32_add
 .text.nrf_atomic_u32_sub
                0x0002cf04       0x1c target/smardCard_nrf52840/nrf_atomic.c.o
                0x0002cf04                nrf_atomic_u32_sub
 .text.nrf_atomic_flag_set
                0x0002cf20       0x20 target/smardCard_nrf52840/nrf_atomic.c.o
                0x0002cf20                nrf_atomic_flag_set
 .text.nrf_atomic_flag_clear_fetch
                0x0002cf40       0x20 target/smardCard_nrf52840/nrf_atomic.c.o
                0x0002cf40                nrf_atomic_flag_clear_fetch
 .text.nrf_balloc_init
                0x0002cf60       0x38 target/smardCard_nrf52840/nrf_balloc.c.o
                0x0002cf60                nrf_balloc_init
 .text.nrf_balloc_alloc
                0x0002cf98       0x50 target/smardCard_nrf52840/nrf_balloc.c.o
                0x0002cf98                nrf_balloc_alloc
 .text.nrf_balloc_free
                0x0002cfe8       0x38 target/smardCard_nrf52840/nrf_balloc.c.o
                0x0002cfe8                nrf_balloc_free
 .text.nrf_fprintf_buffer_flush
                0x0002d020       0x18 target/smardCard_nrf52840/nrf_fprintf.c.o
                0x0002d020                nrf_fprintf_buffer_flush
 .text.nrf_fprintf
                0x0002d038       0x20 target/smardCard_nrf52840/nrf_fprintf.c.o
                0x0002d038                nrf_fprintf
 .text.unsigned_print
                0x0002d058      0x14c target/smardCard_nrf52840/nrf_fprintf_format.c.o
 .text.nrf_fprintf_fmt
                0x0002d1a4      0x5cc target/smardCard_nrf52840/nrf_fprintf_format.c.o
                0x0002d1a4                nrf_fprintf_fmt
 .text.nrf_memobj_pool_init
                0x0002d770        0x4 target/smardCard_nrf52840/nrf_memobj.c.o
                0x0002d770                nrf_memobj_pool_init
 .text.nrf_memobj_alloc
                0x0002d774       0x94 target/smardCard_nrf52840/nrf_memobj.c.o
                0x0002d774                nrf_memobj_alloc
 .text.nrf_memobj_get
                0x0002d808        0x8 target/smardCard_nrf52840/nrf_memobj.c.o
                0x0002d808                nrf_memobj_get
 .text.nrf_memobj_put
                0x0002d810       0x58 target/smardCard_nrf52840/nrf_memobj.c.o
                0x0002d810                nrf_memobj_put
 .text.nrf_memobj_write
                0x0002d868       0x68 target/smardCard_nrf52840/nrf_memobj.c.o
                0x0002d868                nrf_memobj_write
 .text.nrf_memobj_read
                0x0002d8d0       0x68 target/smardCard_nrf52840/nrf_memobj.c.o
                0x0002d8d0                nrf_memobj_read
 .text.sd_app_evt_wait
                0x0002d938        0x4 target/smardCard_nrf52840/nrf_pwr_mgmt.c.o
 .text.nrf_pwr_mgmt_init
                0x0002d93c       0x2c target/smardCard_nrf52840/nrf_pwr_mgmt.c.o
                0x0002d93c                nrf_pwr_mgmt_init
 .text.nrf_pwr_mgmt_run
                0x0002d968       0x54 target/smardCard_nrf52840/nrf_pwr_mgmt.c.o
                0x0002d968                nrf_pwr_mgmt_run
 .text.nrf_ringbuf_init
                0x0002d9bc       0x1c target/smardCard_nrf52840/nrf_ringbuf.c.o
                0x0002d9bc                nrf_ringbuf_init
 .text.nrf_section_iter_init
                0x0002d9d8       0x14 target/smardCard_nrf52840/nrf_section_iter.c.o
                0x0002d9d8                nrf_section_iter_init
 .text.nrf_section_iter_next
                0x0002d9ec       0x18 target/smardCard_nrf52840/nrf_section_iter.c.o
                0x0002d9ec                nrf_section_iter_next
 .text.nrf_sortlist_add
                0x0002da04       0x28 target/smardCard_nrf52840/nrf_sortlist.c.o
                0x0002da04                nrf_sortlist_add
 .text.nrf_sortlist_pop
                0x0002da2c        0xc target/smardCard_nrf52840/nrf_sortlist.c.o
                0x0002da2c                nrf_sortlist_pop
 .text.nrf_sortlist_peek
                0x0002da38        0x8 target/smardCard_nrf52840/nrf_sortlist.c.o
                0x0002da38                nrf_sortlist_peek
 .text.nrf_sortlist_remove
                0x0002da40       0x1c target/smardCard_nrf52840/nrf_sortlist.c.o
                0x0002da40                nrf_sortlist_remove
 .text.nrf_strerror_get
                0x0002da5c       0x50 target/smardCard_nrf52840/nrf_strerror.c.o
                0x0002da5c                nrf_strerror_get
 .text.nrf_log_backend_serial_put
                0x0002daac       0xd8 target/smardCard_nrf52840/nrf_log_backend_serial.c.o
                0x0002daac                nrf_log_backend_serial_put
 .text.uart_evt_handler
                0x0002db84        0xc target/smardCard_nrf52840/nrf_log_backend_uart.c.o
 .text.nrf_log_backend_uart_flush
                0x0002db90        0x4 target/smardCard_nrf52840/nrf_log_backend_uart.c.o
 .text.nrf_log_backend_uart_put
                0x0002db94       0x20 target/smardCard_nrf52840/nrf_log_backend_uart.c.o
 .text.serial_tx
                0x0002dbb4       0x4c target/smardCard_nrf52840/nrf_log_backend_uart.c.o
 .text.nrf_log_backend_uart_panic_set
                0x0002dc00       0x7c target/smardCard_nrf52840/nrf_log_backend_uart.c.o
 .text.nrf_log_backend_uart_init
                0x0002dc7c       0x68 target/smardCard_nrf52840/nrf_log_backend_uart.c.o
                0x0002dc7c                nrf_log_backend_uart_init
 .text.nrf_log_default_backends_init
                0x0002dce4       0x20 target/smardCard_nrf52840/nrf_log_default_backends.c.o
                0x0002dce4                nrf_log_default_backends_init
 .text.nrf_log_init
                0x0002dd04       0x28 target/smardCard_nrf52840/nrf_log_frontend.c.o
                0x0002dd04                nrf_log_init
 .text.nrf_log_module_name_get
                0x0002dd2c       0x48 target/smardCard_nrf52840/nrf_log_frontend.c.o
                0x0002dd2c                nrf_log_module_name_get
 .text.nrf_log_color_id_get
                0x0002dd74       0x2c target/smardCard_nrf52840/nrf_log_frontend.c.o
                0x0002dd74                nrf_log_color_id_get
 .text.nrf_log_frontend_dequeue
                0x0002dda0      0x250 target/smardCard_nrf52840/nrf_log_frontend.c.o
                0x0002dda0                nrf_log_frontend_dequeue
 .text.nrf_log_frontend_std_0
                0x0002dff0      0x188 target/smardCard_nrf52840/nrf_log_frontend.c.o
                0x0002dff0                nrf_log_frontend_std_0
 .text.nrf_log_frontend_std_1
                0x0002e178      0x19c target/smardCard_nrf52840/nrf_log_frontend.c.o
                0x0002e178                nrf_log_frontend_std_1
 .text.nrf_log_frontend_std_2
                0x0002e314      0x1b0 target/smardCard_nrf52840/nrf_log_frontend.c.o
                0x0002e314                nrf_log_frontend_std_2
 .text.nrf_log_backend_add
                0x0002e4c4       0x5c target/smardCard_nrf52840/nrf_log_frontend.c.o
                0x0002e4c4                nrf_log_backend_add
 .text.nrf_log_panic
                0x0002e520       0x28 target/smardCard_nrf52840/nrf_log_frontend.c.o
                0x0002e520                nrf_log_panic
 .text.prefix_process
                0x0002e548       0x80 target/smardCard_nrf52840/nrf_log_str_formatter.c.o
 .text.nrf_log_std_entry_process
                0x0002e5c8       0xf0 target/smardCard_nrf52840/nrf_log_str_formatter.c.o
                0x0002e5c8                nrf_log_std_entry_process
 .text.nrf_log_hexdump_entry_process
                0x0002e6b8       0xfc target/smardCard_nrf52840/nrf_log_str_formatter.c.o
                0x0002e6b8                nrf_log_hexdump_entry_process
 .text.nfc_ndef_msg_encode
                0x0002e7b4       0x7c target/smardCard_nrf52840/nfc_ndef_msg.c.o
                0x0002e7b4                nfc_ndef_msg_encode
 .text.nfc_ndef_msg_record_add
                0x0002e830       0x1c target/smardCard_nrf52840/nfc_ndef_msg.c.o
                0x0002e830                nfc_ndef_msg_record_add
 .text.nfc_ndef_record_encode
                0x0002e84c       0xb8 target/smardCard_nrf52840/nfc_ndef_record.c.o
                0x0002e84c                nfc_ndef_record_encode
 .text.clock_event_handler
                0x0002e904        0x8 target/smardCard_nrf52840/nfc_platform.c.o
 .text.nfc_platform_setup
                0x0002e90c       0x28 target/smardCard_nrf52840/nfc_platform.c.o
                0x0002e90c                nfc_platform_setup
 .text.nfc_platform_event_handler
                0x0002e934       0x1c target/smardCard_nrf52840/nfc_platform.c.o
                0x0002e934                nfc_platform_event_handler
 .text.nfc_text_rec_payload_constructor
                0x0002e950       0x60 target/smardCard_nrf52840/nfc_text_rec.c.o
                0x0002e950                nfc_text_rec_payload_constructor
 .text.sd_softdevice_enable
                0x0002e9b0        0x4 target/smardCard_nrf52840/nrf_sdh.c.o
 .text.nrf_sdh_enable_request
                0x0002e9b4      0x118 target/smardCard_nrf52840/nrf_sdh.c.o
                0x0002e9b4                nrf_sdh_enable_request
 .text.nrf_sdh_is_enabled
                0x0002eacc        0xc target/smardCard_nrf52840/nrf_sdh.c.o
                0x0002eacc                nrf_sdh_is_enabled
 .text.SWI2_EGU2_IRQHandler
                0x0002ead8       0x2c target/smardCard_nrf52840/nrf_sdh.c.o
                0x0002ead8                SWI2_EGU2_IRQHandler
 .text.sd_ble_enable
                0x0002eb04        0x4 target/smardCard_nrf52840/nrf_sdh_ble.c.o
 .text.sd_ble_cfg_set
                0x0002eb08        0x4 target/smardCard_nrf52840/nrf_sdh_ble.c.o
 .text.sd_ble_evt_get
                0x0002eb0c        0x4 target/smardCard_nrf52840/nrf_sdh_ble.c.o
 .text.nrf_sdh_ble_evts_poll
                0x0002eb10       0x5c target/smardCard_nrf52840/nrf_sdh_ble.c.o
 .text.nrf_sdh_ble_default_cfg_set
                0x0002eb6c       0xb4 target/smardCard_nrf52840/nrf_sdh_ble.c.o
                0x0002eb6c                nrf_sdh_ble_default_cfg_set
 .text.nrf_sdh_ble_enable
                0x0002ec20       0x14 target/smardCard_nrf52840/nrf_sdh_ble.c.o
                0x0002ec20                nrf_sdh_ble_enable
 .text.sd_evt_get
                0x0002ec34        0x4 target/smardCard_nrf52840/nrf_sdh_soc.c.o
 .text.nrf_sdh_soc_evts_poll
                0x0002ec38       0x4c target/smardCard_nrf52840/nrf_sdh_soc.c.o
 .text.alNfcCallback
                0x0002ec84      0x340 ./lib/nfc_t2t_lib_gcc.a(nfc_t2t_lib.c.o)
 .text.nfc_t2t_setup
                0x0002efc4       0x64 ./lib/nfc_t2t_lib_gcc.a(nfc_t2t_lib.c.o)
                0x0002efc4                nfc_t2t_setup
 .text.nfc_t2t_payload_set
                0x0002f028       0xf4 ./lib/nfc_t2t_lib_gcc.a(nfc_t2t_lib.c.o)
                0x0002f028                nfc_t2t_payload_set
 .text.nfc_t2t_internal_set
                0x0002f11c       0x34 ./lib/nfc_t2t_lib_gcc.a(nfc_t2t_lib.c.o)
                0x0002f11c                nfc_t2t_internal_set
 .text.nfc_t2t_emulation_start
                0x0002f150       0x34 ./lib/nfc_t2t_lib_gcc.a(nfc_t2t_lib.c.o)
                0x0002f150                nfc_t2t_emulation_start
 .text.nrfx_nfct_evt_handler
                0x0002f184       0xf4 ./lib/nfc_t2t_lib_gcc.a(nfc_t2t_lib_al.c.o)
 .text.nfc_t2t_lib_al_setup
                0x0002f278       0xf8 ./lib/nfc_t2t_lib_gcc.a(nfc_t2t_lib_al.c.o)
                0x0002f278                nfc_t2t_lib_al_setup
 .text.nfc_t2t_lib_al_start
                0x0002f370        0x4 ./lib/nfc_t2t_lib_gcc.a(nfc_t2t_lib_al.c.o)
                0x0002f370                nfc_t2t_lib_al_start
 .text.nfc_t2t_lib_al_send
                0x0002f374       0x18 ./lib/nfc_t2t_lib_gcc.a(nfc_t2t_lib_al.c.o)
                0x0002f374                nfc_t2t_lib_al_send
 .text.exit     0x0002f38c       0x28 c:/program files (x86)/gnu tools arm embedded/9 2019-q4-major/bin/../lib/gcc/arm-none-eabi/9.2.1/../../../../arm-none-eabi/lib/thumb/v7e-m+fp/hard\libc_nano.a(lib_a-exit.o)
                0x0002f38c                exit
 .text.__libc_init_array
                0x0002f3b4       0x48 c:/program files (x86)/gnu tools arm embedded/9 2019-q4-major/bin/../lib/gcc/arm-none-eabi/9.2.1/../../../../arm-none-eabi/lib/thumb/v7e-m+fp/hard\libc_nano.a(lib_a-init.o)
                0x0002f3b4                __libc_init_array
 .text.malloc   0x0002f3fc       0x10 c:/program files (x86)/gnu tools arm embedded/9 2019-q4-major/bin/../lib/gcc/arm-none-eabi/9.2.1/../../../../arm-none-eabi/lib/thumb/v7e-m+fp/hard\libc_nano.a(lib_a-malloc.o)
                0x0002f3fc                malloc
 .text.memcpy   0x0002f40c       0x1c c:/program files (x86)/gnu tools arm embedded/9 2019-q4-major/bin/../lib/gcc/arm-none-eabi/9.2.1/../../../../arm-none-eabi/lib/thumb/v7e-m+fp/hard\libc_nano.a(lib_a-memcpy-stub.o)
                0x0002f40c                memcpy
 .text.memset   0x0002f428       0x10 c:/program files (x86)/gnu tools arm embedded/9 2019-q4-major/bin/../lib/gcc/arm-none-eabi/9.2.1/../../../../arm-none-eabi/lib/thumb/v7e-m+fp/hard\libc_nano.a(lib_a-memset.o)
                0x0002f428                memset
 .text._malloc_r
                0x0002f438       0xb4 c:/program files (x86)/gnu tools arm embedded/9 2019-q4-major/bin/../lib/gcc/arm-none-eabi/9.2.1/../../../../arm-none-eabi/lib/thumb/v7e-m+fp/hard\libc_nano.a(lib_a-nano-mallocr.o)
                0x0002f438                _malloc_r
 .text._sbrk_r  0x0002f4ec       0x20 c:/program files (x86)/gnu tools arm embedded/9 2019-q4-major/bin/../lib/gcc/arm-none-eabi/9.2.1/../../../../arm-none-eabi/lib/thumb/v7e-m+fp/hard\libc_nano.a(lib_a-sbrkr.o)
                0x0002f4ec                _sbrk_r
 .text          0x0002f50c       0x10 c:/program files (x86)/gnu tools arm embedded/9 2019-q4-major/bin/../lib/gcc/arm-none-eabi/9.2.1/../../../../arm-none-eabi/lib/thumb/v7e-m+fp/hard\libc_nano.a(lib_a-strlen.o)
                0x0002f50c                strlen
 .text.__malloc_lock
                0x0002f51c        0xc c:/program files (x86)/gnu tools arm embedded/9 2019-q4-major/bin/../lib/gcc/arm-none-eabi/9.2.1/../../../../arm-none-eabi/lib/thumb/v7e-m+fp/hard\libc_nano.a(lib_a-mlock.o)
                0x0002f51c                __malloc_lock
 .text.__malloc_unlock
                0x0002f528        0xc c:/program files (x86)/gnu tools arm embedded/9 2019-q4-major/bin/../lib/gcc/arm-none-eabi/9.2.1/../../../../arm-none-eabi/lib/thumb/v7e-m+fp/hard\libc_nano.a(lib_a-mlock.o)
                0x0002f528                __malloc_unlock
 .text.__retarget_lock_acquire_recursive
                0x0002f534        0x2 c:/program files (x86)/gnu tools arm embedded/9 2019-q4-major/bin/../lib/gcc/arm-none-eabi/9.2.1/../../../../arm-none-eabi/lib/thumb/v7e-m+fp/hard\libc_nano.a(lib_a-lock.o)
                0x0002f534                __retarget_lock_acquire_recursive
 .text.__retarget_lock_release_recursive
                0x0002f536        0x2 c:/program files (x86)/gnu tools arm embedded/9 2019-q4-major/bin/../lib/gcc/arm-none-eabi/9.2.1/../../../../arm-none-eabi/lib/thumb/v7e-m+fp/hard\libc_nano.a(lib_a-lock.o)
                0x0002f536                __retarget_lock_release_recursive
 .text._sbrk    0x0002f538       0x1c c:/program files (x86)/gnu tools arm embedded/9 2019-q4-major/bin/../lib/gcc/arm-none-eabi/9.2.1/../../../../arm-none-eabi/lib/thumb/v7e-m+fp/hard\libnosys.a(sbrk.o)
                0x0002f538                _sbrk
 .text._exit    0x0002f554        0x4 c:/program files (x86)/gnu tools arm embedded/9 2019-q4-major/bin/../lib/gcc/arm-none-eabi/9.2.1/../../../../arm-none-eabi/lib/thumb/v7e-m+fp/hard\libnosys.a(_exit.o)
                0x0002f554                _exit
 *(.init)
 .init          0x0002f558        0x4 c:/program files (x86)/gnu tools arm embedded/9 2019-q4-major/bin/../lib/gcc/arm-none-eabi/9.2.1/thumb/v7e-m+fp/hard/crti.o
                0x0002f558                _init
 .init          0x0002f55c        0x8 c:/program files (x86)/gnu tools arm embedded/9 2019-q4-major/bin/../lib/gcc/arm-none-eabi/9.2.1/thumb/v7e-m+fp/hard/crtn.o
 *(.fini)
 .fini          0x0002f564        0x4 c:/program files (x86)/gnu tools arm embedded/9 2019-q4-major/bin/../lib/gcc/arm-none-eabi/9.2.1/thumb/v7e-m+fp/hard/crti.o
                0x0002f564                _fini
 .fini          0x0002f568        0x8 c:/program files (x86)/gnu tools arm embedded/9 2019-q4-major/bin/../lib/gcc/arm-none-eabi/9.2.1/thumb/v7e-m+fp/hard/crtn.o
 *crtbegin.o(.ctors)
 *crtbegin?.o(.ctors)
 *(EXCLUDE_FILE(*crtend.o *crtend?.o) .ctors)
 *(SORT_BY_NAME(.ctors.*))
 *(.ctors)
 *crtbegin.o(.dtors)
 *crtbegin?.o(.dtors)
 *(EXCLUDE_FILE(*crtend.o *crtend?.o) .dtors)
 *(SORT_BY_NAME(.dtors.*))
 *(.dtors)
 *(.rodata*)
 .rodata.led_write_handler.str1.4
                0x0002f570       0x26 target/smardCard_nrf52840/main.c.o
 *fill*         0x0002f596        0x2 
 .rodata.button_event_handler.str1.4
                0x0002f598       0x1a target/smardCard_nrf52840/main.c.o
 *fill*         0x0002f5b2        0x2 
 .rodata.ble_evt_handler.str1.4
                0x0002f5b4       0x19 target/smardCard_nrf52840/main.c.o
 *fill*         0x0002f5cd        0x3 
 .rodata.main.str1.4
                0x0002f5d0       0x28 target/smardCard_nrf52840/main.c.o
 .rodata        0x0002f5f8       0x3c target/smardCard_nrf52840/main.c.o
 *fill*         0x0002f634        0xc 
 .rodata.delay_machine_code.8841
                0x0002f640        0x6 target/smardCard_nrf52840/main.c.o
 *fill*         0x0002f646        0x2 
 .rodata.en_code
                0x0002f648        0x2 target/smardCard_nrf52840/main.c.o
 *fill*         0x0002f64a        0x2 
 .rodata.en_payload
                0x0002f64c        0xc target/smardCard_nrf52840/main.c.o
 .rodata.gImage_1in54
                0x0002f658     0x1388 target/smardCard_nrf52840/main.c.o
                0x0002f658                gImage_1in54
 .rodata.no_code
                0x000309e0        0x2 target/smardCard_nrf52840/main.c.o
 *fill*         0x000309e2        0x2 
 .rodata.no_payload
                0x000309e4        0xd target/smardCard_nrf52840/main.c.o
 *fill*         0x000309f1        0x3 
 .rodata.pl_code
                0x000309f4        0x2 target/smardCard_nrf52840/main.c.o
 *fill*         0x000309f6        0x2 
 .rodata.pl_payload
                0x000309f8        0xf target/smardCard_nrf52840/main.c.o
 *fill*         0x00030a07        0x1 
 .rodata        0x00030a08       0x10 target/smardCard_nrf52840/board_spi.c.o
 .rodata.s_spiHandle
                0x00030a18       0x10 target/smardCard_nrf52840/board_spi.c.o
 .rodata.m_board_led_list
                0x00030a28        0x4 target/smardCard_nrf52840/boards.c.o
 .rodata.CSWTCH.6
                0x00030a2c        0x4 target/smardCard_nrf52840/system_nrf52840.c.o
 .rodata.data_length_update.constprop.0.str1.4
                0x00030a30       0xe2 target/smardCard_nrf52840/nrf_ble_gatt.c.o
 *fill*         0x00030b12        0x2 
 .rodata.nrf_ble_gatt_on_ble_evt.str1.4
                0x00030b14       0x63 target/smardCard_nrf52840/nrf_ble_gatt.c.o
 *fill*         0x00030b77        0x1 
 .rodata.str1.4
                0x00030b78        0xd target/smardCard_nrf52840/nrf_ble_gatt.c.o
 *fill*         0x00030b85        0x3 
 .rodata        0x00030b88       0x10 target/smardCard_nrf52840/ble_lbs.c.o
 .rodata.str1.4
                0x00030b98        0x6 target/smardCard_nrf52840/nrf_drv_clock.c.o
 *fill*         0x00030b9e        0x2 
 .rodata        0x00030ba0       0x10 target/smardCard_nrf52840/nrf_drv_spi.c.o
 .rodata.irq_handlers.9577
                0x00030bb0       0x10 target/smardCard_nrf52840/nrfx_spim.c.o
 .rodata.irq_handlers.9601
                0x00030bc0        0x8 target/smardCard_nrf52840/nrfx_uarte.c.o
 .rodata.str1.4
                0x00030bc8        0xb target/smardCard_nrf52840/app_button.c.o
 *fill*         0x00030bd3        0x1 
 .rodata.m_detection_delay_timer_id
                0x00030bd4        0x4 target/smardCard_nrf52840/app_button.c.o
 .rodata.app_error_fault_handler.str1.4
                0x00030bd8       0x19 target/smardCard_nrf52840/app_error_weak.c.o
 *fill*         0x00030bf1        0x3 
 .rodata.str1.4
                0x00030bf4        0xa target/smardCard_nrf52840/app_timer2.c.o
 *fill*         0x00030bfe        0x2 
 .rodata        0x00030c00        0x4 target/smardCard_nrf52840/app_timer2.c.o
 .rodata.m_app_timer_sortlist
                0x00030c04        0xc target/smardCard_nrf52840/app_timer2.c.o
 .rodata.drv_rtc_init.str1.4
                0x00030c10       0x36 target/smardCard_nrf52840/drv_rtc.c.o
 *fill*         0x00030c46        0xa 
 .rodata.delay_machine_code.8841
                0x00030c50        0x6 target/smardCard_nrf52840/drv_rtc.c.o
 *fill*         0x00030c56        0x2 
 .rodata._aV2C.7901
                0x00030c58       0x10 target/smardCard_nrf52840/nrf_fprintf_format.c.o
 .rodata.str1.4
                0x00030c68        0x9 target/smardCard_nrf52840/nrf_pwr_mgmt.c.o
 *fill*         0x00030c71        0x3 
 .rodata.pwr_mgmt_data
                0x00030c74        0xc target/smardCard_nrf52840/nrf_pwr_mgmt.c.o
 .rodata.str1.4
                0x00030c80        0x9 target/smardCard_nrf52840/nrf_sortlist.c.o
 *fill*         0x00030c89        0x3 
 .rodata.str1.4
                0x00030c8c      0x3e9 target/smardCard_nrf52840/nrf_strerror.c.o
 *fill*         0x00031075        0x3 
 .rodata.m_unknown_str
                0x00031078       0x13 target/smardCard_nrf52840/nrf_strerror.c.o
 *fill*         0x0003108b        0x1 
 .rodata.nrf_strerror_array
                0x0003108c      0x128 target/smardCard_nrf52840/nrf_strerror.c.o
 .rodata        0x000311b4       0x20 target/smardCard_nrf52840/nrf_log_backend_uart.c.o
 .rodata.nrf_log_backend_uart_api
                0x000311d4        0xc target/smardCard_nrf52840/nrf_log_backend_uart.c.o
                0x000311d4                nrf_log_backend_uart_api
 .rodata.str1.4
                0x000311e0       0x11 target/smardCard_nrf52840/nrf_log_default_backends.c.o
 *fill*         0x000311f1        0x3 
 .rodata.nrf_log_frontend_dequeue.str1.4
                0x000311f4       0x11 target/smardCard_nrf52840/nrf_log_frontend.c.o
 *fill*         0x00031205        0x3 
 .rodata.str1.4
                0x00031208        0x4 target/smardCard_nrf52840/nrf_log_frontend.c.o
 .rodata.m_log_push_ringbuf
                0x0003120c        0xc target/smardCard_nrf52840/nrf_log_frontend.c.o
 .rodata.prefix_process.str1.4
                0x00031218       0x36 target/smardCard_nrf52840/nrf_log_str_formatter.c.o
 *fill*         0x0003124e        0x2 
 .rodata.nrf_log_std_entry_process.str1.4
                0x00031250        0x3 target/smardCard_nrf52840/nrf_log_str_formatter.c.o
 *fill*         0x00031253        0x1 
 .rodata.nrf_log_hexdump_entry_process.str1.4
                0x00031254       0x13 target/smardCard_nrf52840/nrf_log_str_formatter.c.o
                                 0x16 (size before relaxing)
 *fill*         0x00031267        0x1 
 .rodata.str1.4
                0x00031268       0x56 target/smardCard_nrf52840/nrf_log_str_formatter.c.o
 *fill*         0x000312be        0x2 
 .rodata.m_colors
                0x000312c0       0x24 target/smardCard_nrf52840/nrf_log_str_formatter.c.o
 .rodata.severity_names
                0x000312e4       0x14 target/smardCard_nrf52840/nrf_log_str_formatter.c.o
 .rodata.nfc_text_rec_type_field
                0x000312f8        0x1 target/smardCard_nrf52840/nfc_text_rec.c.o
                0x000312f8                nfc_text_rec_type_field
 *fill*         0x000312f9        0x3 
 .rodata.str1.4
                0x000312fc        0x8 target/smardCard_nrf52840/nrf_sdh.c.o
 .rodata        0x00031304        0x4 target/smardCard_nrf52840/nrf_sdh.c.o
 .rodata.sdh_req_observers
                0x00031308        0xc target/smardCard_nrf52840/nrf_sdh.c.o
 .rodata.sdh_stack_observers
                0x00031314        0xc target/smardCard_nrf52840/nrf_sdh.c.o
 .rodata.sdh_state_observers
                0x00031320        0xc target/smardCard_nrf52840/nrf_sdh.c.o
 .rodata.str1.4
                0x0003132c        0xc target/smardCard_nrf52840/nrf_sdh_ble.c.o
 .rodata.sdh_ble_observers
                0x00031338        0xc target/smardCard_nrf52840/nrf_sdh_ble.c.o
 .rodata.str1.4
                0x00031344        0xc target/smardCard_nrf52840/nrf_sdh_soc.c.o
 .rodata.sdh_soc_observers
                0x00031350        0xc target/smardCard_nrf52840/nrf_sdh_soc.c.o
 .rodata.nfclibDefaultId
                0x0003135c        0xa ./lib/nfc_t2t_lib_gcc.a(nfc_t2t_lib.c.o)
 *fill*         0x00031366        0x2 
 .rodata.statemachine
                0x00031368       0x2a ./lib/nfc_t2t_lib_gcc.a(nfc_t2t_lib.c.o)
 *fill*         0x00031392        0x2 
 .rodata        0x00031394        0x8 ./lib/nfc_t2t_lib_gcc.a(nfc_t2t_lib_al.c.o)
 .rodata.m_rx_desc
                0x0003139c        0x8 ./lib/nfc_t2t_lib_gcc.a(nfc_t2t_lib_al.c.o)
 .rodata._ctype_
                0x000313a4      0x101 c:/program files (x86)/gnu tools arm embedded/9 2019-q4-major/bin/../lib/gcc/arm-none-eabi/9.2.1/../../../../arm-none-eabi/lib/thumb/v7e-m+fp/hard\libc_nano.a(lib_a-ctype_.o)
                0x000313a4                _ctype_
 *fill*         0x000314a5        0x3 
 .rodata._global_impure_ptr
                0x000314a8        0x4 c:/program files (x86)/gnu tools arm embedded/9 2019-q4-major/bin/../lib/gcc/arm-none-eabi/9.2.1/../../../../arm-none-eabi/lib/thumb/v7e-m+fp/hard\libc_nano.a(lib_a-impure.o)
                0x000314a8                _global_impure_ptr
 *(.eh_frame*)
 .eh_frame      0x000314ac        0x0 c:/program files (x86)/gnu tools arm embedded/9 2019-q4-major/bin/../lib/gcc/arm-none-eabi/9.2.1/thumb/v7e-m+fp/hard/crtbegin.o
 .eh_frame      0x000314ac        0x4 c:/program files (x86)/gnu tools arm embedded/9 2019-q4-major/bin/../lib/gcc/arm-none-eabi/9.2.1/thumb/v7e-m+fp/hard/crtend.o

.glue_7         0x000314b0        0x0
 .glue_7        0x000314b0        0x0 linker stubs

.glue_7t        0x000314b0        0x0
 .glue_7t       0x000314b0        0x0 linker stubs

.vfp11_veneer   0x000314b0        0x0
 .vfp11_veneer  0x000314b0        0x0 linker stubs

.v4_bx          0x000314b0        0x0
 .v4_bx         0x000314b0        0x0 linker stubs

.iplt           0x000314b0        0x0
 .iplt          0x000314b0        0x0 c:/program files (x86)/gnu tools arm embedded/9 2019-q4-major/bin/../lib/gcc/arm-none-eabi/9.2.1/thumb/v7e-m+fp/hard/crtbegin.o

.mem_section_dummy_rom

.sdh_soc_observers
                0x000314b0        0x8
                0x000314b0                PROVIDE (__start_sdh_soc_observers = .)
 *(SORT_BY_NAME(.sdh_soc_observers*))
 .sdh_soc_observers0
                0x000314b0        0x8 target/smardCard_nrf52840/nrf_drv_clock.c.o
                0x000314b8                PROVIDE (__stop_sdh_soc_observers = .)

.pwr_mgmt_data  0x000314b8        0x0
                0x000314b8                PROVIDE (__start_pwr_mgmt_data = .)
 *(SORT_BY_NAME(.pwr_mgmt_data*))
                0x000314b8                PROVIDE (__stop_pwr_mgmt_data = .)

.sdh_ble_observers
                0x000314b8       0x30
                0x000314b8                PROVIDE (__start_sdh_ble_observers = .)
 *(SORT_BY_NAME(.sdh_ble_observers*))
 .sdh_ble_observers0
                0x000314b8        0x8 target/smardCard_nrf52840/ble_conn_state.c.o
 .sdh_ble_observers1
                0x000314c0        0x8 target/smardCard_nrf52840/main.c.o
 .sdh_ble_observers1
                0x000314c8        0x8 target/smardCard_nrf52840/ble_conn_params.c.o
 .sdh_ble_observers2
                0x000314d0       0x10 target/smardCard_nrf52840/main.c.o
 .sdh_ble_observers3
                0x000314e0        0x8 target/smardCard_nrf52840/main.c.o
                0x000314e8                PROVIDE (__stop_sdh_ble_observers = .)

.sdh_req_observers
                0x000314e8        0x0
                0x000314e8                PROVIDE (__start_sdh_req_observers = .)
 *(SORT_BY_NAME(.sdh_req_observers*))
                0x000314e8                PROVIDE (__stop_sdh_req_observers = .)

.sdh_state_observers
                0x000314e8        0x8
                0x000314e8                PROVIDE (__start_sdh_state_observers = .)
 *(SORT_BY_NAME(.sdh_state_observers*))
 .sdh_state_observers0
                0x000314e8        0x8 target/smardCard_nrf52840/nrf_drv_clock.c.o
                0x000314f0                PROVIDE (__stop_sdh_state_observers = .)

.sdh_stack_observers
                0x000314f0       0x10
                0x000314f0                PROVIDE (__start_sdh_stack_observers = .)
 *(SORT_BY_NAME(.sdh_stack_observers*))
 .sdh_stack_observers0
                0x000314f0        0x8 target/smardCard_nrf52840/nrf_sdh_ble.c.o
 .sdh_stack_observers0
                0x000314f8        0x8 target/smardCard_nrf52840/nrf_sdh_soc.c.o
                0x00031500                PROVIDE (__stop_sdh_stack_observers = .)

.nrf_queue      0x00031500        0x0
                [!provide]                PROVIDE (__start_nrf_queue = .)
 *(.nrf_queue)
                [!provide]                PROVIDE (__stop_nrf_queue = .)

.nrf_balloc     0x00031500       0x14
                [!provide]                PROVIDE (__start_nrf_balloc = .)
 *(.nrf_balloc)
 .nrf_balloc    0x00031500       0x14 target/smardCard_nrf52840/nrf_log_frontend.c.o
                0x00031500                log_mempool
                [!provide]                PROVIDE (__stop_nrf_balloc = .)

.cli_command    0x00031514        0x0
                [!provide]                PROVIDE (__start_cli_command = .)
 *(.cli_command)
                [!provide]                PROVIDE (__stop_cli_command = .)

.crypto_data    0x00031514        0x0
                [!provide]                PROVIDE (__start_crypto_data = .)
 *(SORT_BY_NAME(.crypto_data*))
                [!provide]                PROVIDE (__stop_crypto_data = .)

.log_const_data
                0x00031514       0x50
                0x00031514                PROVIDE (__start_log_const_data = .)
 *(SORT_BY_NAME(.log_const_data*))
 .log_const_data_app
                0x00031514        0x8 target/smardCard_nrf52840/nrf_log_frontend.c.o
                0x00031514                m_nrf_log_app_logs_data_const
 .log_const_data_app_button
                0x0003151c        0x8 target/smardCard_nrf52840/app_button.c.o
                0x0003151c                m_nrf_log_app_button_logs_data_const
 .log_const_data_app_timer
                0x00031524        0x8 target/smardCard_nrf52840/app_timer2.c.o
                0x00031524                m_nrf_log_app_timer_logs_data_const
 .log_const_data_clock
                0x0003152c        0x8 target/smardCard_nrf52840/nrf_drv_clock.c.o
                0x0003152c                m_nrf_log_clock_logs_data_const
 .log_const_data_nrf_ble_gatt
                0x00031534        0x8 target/smardCard_nrf52840/nrf_ble_gatt.c.o
                0x00031534                m_nrf_log_nrf_ble_gatt_logs_data_const
 .log_const_data_nrf_sdh
                0x0003153c        0x8 target/smardCard_nrf52840/nrf_sdh.c.o
                0x0003153c                m_nrf_log_nrf_sdh_logs_data_const
 .log_const_data_nrf_sdh_ble
                0x00031544        0x8 target/smardCard_nrf52840/nrf_sdh_ble.c.o
                0x00031544                m_nrf_log_nrf_sdh_ble_logs_data_const
 .log_const_data_nrf_sdh_soc
                0x0003154c        0x8 target/smardCard_nrf52840/nrf_sdh_soc.c.o
                0x0003154c                m_nrf_log_nrf_sdh_soc_logs_data_const
 .log_const_data_pwr_mgmt
                0x00031554        0x8 target/smardCard_nrf52840/nrf_pwr_mgmt.c.o
                0x00031554                m_nrf_log_pwr_mgmt_logs_data_const
 .log_const_data_sortlist
                0x0003155c        0x8 target/smardCard_nrf52840/nrf_sortlist.c.o
                0x0003155c                m_nrf_log_sortlist_logs_data_const
                0x00031564                PROVIDE (__stop_log_const_data = .)

.log_backends   0x00031564       0x10
                [!provide]                PROVIDE (__start_log_backends = .)
 *(SORT_BY_NAME(.log_backends*))
 .log_backends  0x00031564       0x10 target/smardCard_nrf52840/nrf_log_default_backends.c.o
                [!provide]                PROVIDE (__stop_log_backends = .)

.ARM.extab
 *(.ARM.extab* .gnu.linkonce.armextab.*)
                0x00031574                __exidx_start = .

.ARM.exidx      0x00031574        0x8
 *(.ARM.exidx* .gnu.linkonce.armexidx.*)
 .ARM.exidx     0x00031574        0x8 c:/program files (x86)/gnu tools arm embedded/9 2019-q4-major/bin/../lib/gcc/arm-none-eabi/9.2.1/../../../../arm-none-eabi/lib/thumb/v7e-m+fp/hard/crt0.o
                0x0003157c                __exidx_end = .

.rel.dyn        0x0003157c        0x0
 .rel.iplt      0x0003157c        0x0 c:/program files (x86)/gnu tools arm embedded/9 2019-q4-major/bin/../lib/gcc/arm-none-eabi/9.2.1/thumb/v7e-m+fp/hard/crtbegin.o
                0x0003157c                . = ALIGN (0x4)
                0x0003157c                __etext = .

.data           0x20002300       0xc0 load address 0x0003157c
                0x20002300                __data_start__ = .
 *(vtable)
 *(.data*)
 .data.buttons.13329
                0x20002300        0x8 target/smardCard_nrf52840/main.c.o
 .data.m_adv_data
                0x20002308       0x10 target/smardCard_nrf52840/main.c.o
 .data.m_adv_handle
                0x20002318        0x1 target/smardCard_nrf52840/main.c.o
 *fill*         0x20002319        0x1 
 .data.m_conn_handle
                0x2000231a        0x2 target/smardCard_nrf52840/main.c.o
 .data.s_transferOk
                0x2000231c        0x1 target/smardCard_nrf52840/board_spi.c.o
 *fill*         0x2000231d        0x3 
 .data.SystemCoreClock
                0x20002320        0x4 target/smardCard_nrf52840/system_nrf52840.c.o
                0x20002320                SystemCoreClock
 .data.m_timer_workaround
                0x20002324        0xc target/smardCard_nrf52840/nrfx_nfct.c.o
 .data.m_rtc_inst
                0x20002330        0x8 target/smardCard_nrf52840/app_timer2.c.o
 .data.m_uart   0x20002338       0x14 target/smardCard_nrf52840/nrf_log_backend_uart.c.o
                0x20002338                m_uart
 .data.log_backend_cb_uart_log_backend
                0x2000234c        0x8 target/smardCard_nrf52840/nrf_log_default_backends.c.o
 .data._impure_ptr
                0x20002354        0x4 c:/program files (x86)/gnu tools arm embedded/9 2019-q4-major/bin/../lib/gcc/arm-none-eabi/9.2.1/../../../../arm-none-eabi/lib/thumb/v7e-m+fp/hard\libc_nano.a(lib_a-impure.o)
                0x20002354                _impure_ptr
 .data.impure_data
                0x20002358       0x60 c:/program files (x86)/gnu tools arm embedded/9 2019-q4-major/bin/../lib/gcc/arm-none-eabi/9.2.1/../../../../arm-none-eabi/lib/thumb/v7e-m+fp/hard\libc_nano.a(lib_a-impure.o)
                0x200023b8                . = ALIGN (0x4)
                0x200023b8                PROVIDE (__preinit_array_start = .)
 *(.preinit_array)
                0x200023b8                PROVIDE (__preinit_array_end = .)
                0x200023b8                . = ALIGN (0x4)
                0x200023b8                PROVIDE (__init_array_start = .)
 *(SORT_BY_NAME(.init_array.*))
 *(.init_array)
 .init_array    0x200023b8        0x4 c:/program files (x86)/gnu tools arm embedded/9 2019-q4-major/bin/../lib/gcc/arm-none-eabi/9.2.1/thumb/v7e-m+fp/hard/crtbegin.o
                0x200023bc                PROVIDE (__init_array_end = .)
                0x200023bc                . = ALIGN (0x4)
                [!provide]                PROVIDE (__fini_array_start = .)
 *(SORT_BY_NAME(.fini_array.*))
 *(.fini_array)
 .fini_array    0x200023bc        0x4 c:/program files (x86)/gnu tools arm embedded/9 2019-q4-major/bin/../lib/gcc/arm-none-eabi/9.2.1/thumb/v7e-m+fp/hard/crtbegin.o
                [!provide]                PROVIDE (__fini_array_end = .)
 *(.jcr*)
                0x200023c0                . = ALIGN (0x4)
                0x200023c0                __data_end__ = .
LOAD c:/program files (x86)/gnu tools arm embedded/9 2019-q4-major/bin/../lib/gcc/arm-none-eabi/9.2.1/thumb/v7e-m+fp/hard/crti.o
LOAD c:/program files (x86)/gnu tools arm embedded/9 2019-q4-major/bin/../lib/gcc/arm-none-eabi/9.2.1/thumb/v7e-m+fp/hard/crtbegin.o
LOAD c:/program files (x86)/gnu tools arm embedded/9 2019-q4-major/bin/../lib/gcc/arm-none-eabi/9.2.1/../../../../arm-none-eabi/lib/thumb/v7e-m+fp/hard/crt0.o
LOAD target/smardCard_nrf52840/main.c.o
LOAD target/smardCard_nrf52840/board_spi.c.o
LOAD target/smardCard_nrf52840/GUI_Paint.c.o
LOAD target/smardCard_nrf52840/multi_button.c.o
LOAD target/smardCard_nrf52840/boards.c.o
LOAD target/smardCard_nrf52840/bsp.c.o
LOAD target/smardCard_nrf52840/gcc_startup_nrf52840.S.o
LOAD target/smardCard_nrf52840/system_nrf52840.c.o
LOAD target/smardCard_nrf52840/ble_advdata.c.o
LOAD target/smardCard_nrf52840/ble_conn_params.c.o
LOAD target/smardCard_nrf52840/ble_conn_state.c.o
LOAD target/smardCard_nrf52840/ble_srv_common.c.o
LOAD target/smardCard_nrf52840/nrf_ble_gatt.c.o
LOAD target/smardCard_nrf52840/nrf_ble_qwr.c.o
LOAD target/smardCard_nrf52840/ble_lbs.c.o
LOAD target/smardCard_nrf52840/app_fifo.c.o
LOAD target/smardCard_nrf52840/app_uart_fifo.c.o
LOAD target/smardCard_nrf52840/nrf_drv_clock.c.o
LOAD target/smardCard_nrf52840/nrf_drv_spi.c.o
LOAD target/smardCard_nrf52840/nrf_drv_uart.c.o
LOAD target/smardCard_nrf52840/nrf_nvic.c.o
LOAD target/smardCard_nrf52840/nrf_soc.c.o
LOAD target/smardCard_nrf52840/nrfx_atomic.c.o
LOAD target/smardCard_nrf52840/nrfx_clock.c.o
LOAD target/smardCard_nrf52840/nrfx_gpiote.c.o
LOAD target/smardCard_nrf52840/nrfx_nfct.c.o
LOAD target/smardCard_nrf52840/nrfx_prs.c.o
LOAD target/smardCard_nrf52840/nrfx_spi.c.o
LOAD target/smardCard_nrf52840/nrfx_spim.c.o
LOAD target/smardCard_nrf52840/nrfx_timer.c.o
LOAD target/smardCard_nrf52840/nrfx_uart.c.o
LOAD target/smardCard_nrf52840/nrfx_uarte.c.o
LOAD target/smardCard_nrf52840/retarget.c.o
LOAD target/smardCard_nrf52840/app_button.c.o
LOAD target/smardCard_nrf52840/app_error.c.o
LOAD target/smardCard_nrf52840/app_error_handler_gcc.c.o
LOAD target/smardCard_nrf52840/app_error_weak.c.o
LOAD target/smardCard_nrf52840/app_scheduler.c.o
LOAD target/smardCard_nrf52840/app_timer2.c.o
LOAD target/smardCard_nrf52840/app_util_platform.c.o
LOAD target/smardCard_nrf52840/drv_rtc.c.o
LOAD target/smardCard_nrf52840/hardfault_handler_gcc.c.o
LOAD target/smardCard_nrf52840/hardfault_implementation.c.o
LOAD target/smardCard_nrf52840/nrf_assert.c.o
LOAD target/smardCard_nrf52840/nrf_atfifo.c.o
LOAD target/smardCard_nrf52840/nrf_atflags.c.o
LOAD target/smardCard_nrf52840/nrf_atomic.c.o
LOAD target/smardCard_nrf52840/nrf_balloc.c.o
LOAD target/smardCard_nrf52840/nrf_fprintf.c.o
LOAD target/smardCard_nrf52840/nrf_fprintf_format.c.o
LOAD target/smardCard_nrf52840/nrf_memobj.c.o
LOAD target/smardCard_nrf52840/nrf_pwr_mgmt.c.o
LOAD target/smardCard_nrf52840/nrf_ringbuf.c.o
LOAD target/smardCard_nrf52840/nrf_section_iter.c.o
LOAD target/smardCard_nrf52840/nrf_sortlist.c.o
LOAD target/smardCard_nrf52840/nrf_strerror.c.o
LOAD target/smardCard_nrf52840/nrf_log_backend_rtt.c.o
LOAD target/smardCard_nrf52840/nrf_log_backend_serial.c.o
LOAD target/smardCard_nrf52840/nrf_log_backend_uart.c.o
LOAD target/smardCard_nrf52840/nrf_log_default_backends.c.o
LOAD target/smardCard_nrf52840/nrf_log_frontend.c.o
LOAD target/smardCard_nrf52840/nrf_log_str_formatter.c.o
LOAD target/smardCard_nrf52840/nfc_ndef_msg.c.o
LOAD target/smardCard_nrf52840/nfc_ndef_record.c.o
LOAD target/smardCard_nrf52840/nfc_platform.c.o
LOAD target/smardCard_nrf52840/nfc_text_rec.c.o
LOAD target/smardCard_nrf52840/SEGGER_RTT.c.o
LOAD target/smardCard_nrf52840/SEGGER_RTT_Syscalls_GCC.c.o
LOAD target/smardCard_nrf52840/SEGGER_RTT_printf.c.o
LOAD target/smardCard_nrf52840/nrf_sdh.c.o
LOAD target/smardCard_nrf52840/nrf_sdh_ble.c.o
LOAD target/smardCard_nrf52840/nrf_sdh_soc.c.o
LOAD target/smardCard_nrf52840/utf.c.o
LOAD ./lib/nfc_t2t_lib_gcc.a
LOAD c:/program files (x86)/gnu tools arm embedded/9 2019-q4-major/bin/../lib/gcc/arm-none-eabi/9.2.1/../../../../arm-none-eabi/lib/thumb/v7e-m+fp/hard\libc_nano.a
LOAD c:/program files (x86)/gnu tools arm embedded/9 2019-q4-major/bin/../lib/gcc/arm-none-eabi/9.2.1/../../../../arm-none-eabi/lib/thumb/v7e-m+fp/hard\libnosys.a
LOAD c:/program files (x86)/gnu tools arm embedded/9 2019-q4-major/bin/../lib/gcc/arm-none-eabi/9.2.1/../../../../arm-none-eabi/lib/thumb/v7e-m+fp/hard\libm.a
START GROUP
LOAD c:/program files (x86)/gnu tools arm embedded/9 2019-q4-major/bin/../lib/gcc/arm-none-eabi/9.2.1/thumb/v7e-m+fp/hard\libgcc.a
LOAD c:/program files (x86)/gnu tools arm embedded/9 2019-q4-major/bin/../lib/gcc/arm-none-eabi/9.2.1/../../../../arm-none-eabi/lib/thumb/v7e-m+fp/hard\libg_nano.a
LOAD c:/program files (x86)/gnu tools arm embedded/9 2019-q4-major/bin/../lib/gcc/arm-none-eabi/9.2.1/../../../../arm-none-eabi/lib/thumb/v7e-m+fp/hard\libc_nano.a
END GROUP
START GROUP
LOAD c:/program files (x86)/gnu tools arm embedded/9 2019-q4-major/bin/../lib/gcc/arm-none-eabi/9.2.1/thumb/v7e-m+fp/hard\libgcc.a
LOAD c:/program files (x86)/gnu tools arm embedded/9 2019-q4-major/bin/../lib/gcc/arm-none-eabi/9.2.1/../../../../arm-none-eabi/lib/thumb/v7e-m+fp/hard\libc_nano.a
END GROUP
LOAD c:/program files (x86)/gnu tools arm embedded/9 2019-q4-major/bin/../lib/gcc/arm-none-eabi/9.2.1/thumb/v7e-m+fp/hard/crtend.o
LOAD c:/program files (x86)/gnu tools arm embedded/9 2019-q4-major/bin/../lib/gcc/arm-none-eabi/9.2.1/thumb/v7e-m+fp/hard/crtn.o
START GROUP
LOAD c:/program files (x86)/gnu tools arm embedded/9 2019-q4-major/bin/../lib/gcc/arm-none-eabi/9.2.1/thumb/v7e-m+fp/hard\libgcc.a
LOAD c:/program files (x86)/gnu tools arm embedded/9 2019-q4-major/bin/../lib/gcc/arm-none-eabi/9.2.1/../../../../arm-none-eabi/lib/thumb/v7e-m+fp/hard\libc.a
LOAD c:/program files (x86)/gnu tools arm embedded/9 2019-q4-major/bin/../lib/gcc/arm-none-eabi/9.2.1/../../../../arm-none-eabi/lib/thumb/v7e-m+fp/hard\libnosys.a
END GROUP

.igot.plt       0x200023c0        0x0 load address 0x0003163c
 .igot.plt      0x200023c0        0x0 c:/program files (x86)/gnu tools arm embedded/9 2019-q4-major/bin/../lib/gcc/arm-none-eabi/9.2.1/thumb/v7e-m+fp/hard/crtbegin.o
                0x200023c0                . = ALIGN (0x4)

.mem_section_dummy_ram

.cli_sorted_cmd_ptrs
                0x200023c0        0x0
                [!provide]                PROVIDE (__start_cli_sorted_cmd_ptrs = .)
 *(.cli_sorted_cmd_ptrs)
                [!provide]                PROVIDE (__stop_cli_sorted_cmd_ptrs = .)

.fs_data        0x200023c0        0x0
                [!provide]                PROVIDE (__start_fs_data = .)
 *(.fs_data)
                [!provide]                PROVIDE (__stop_fs_data = .)

.log_dynamic_data
                0x200023c0        0x0
                0x200023c0                PROVIDE (__start_log_dynamic_data = .)
 *(SORT_BY_NAME(.log_dynamic_data*))
                [!provide]                PROVIDE (__stop_log_dynamic_data = .)

.log_filter_data
                0x200023c0        0x0
                [!provide]                PROVIDE (__start_log_filter_data = .)
 *(SORT_BY_NAME(.log_filter_data*))
                [!provide]                PROVIDE (__stop_log_filter_data = .)

.bss            0x200023c0      0xc48 load address 0x00031640
                0x200023c0                . = ALIGN (0x4)
                0x200023c0                __bss_start__ = .
 *(.bss*)
 .bss           0x200023c0       0x1c c:/program files (x86)/gnu tools arm embedded/9 2019-q4-major/bin/../lib/gcc/arm-none-eabi/9.2.1/thumb/v7e-m+fp/hard/crtbegin.o
 .bss.m_enc_advdata
                0x200023dc       0x1f target/smardCard_nrf52840/main.c.o
 *fill*         0x200023fb        0x1 
 .bss.m_enc_scan_response_data
                0x200023fc       0x1f target/smardCard_nrf52840/main.c.o
 *fill*         0x2000241b        0x1 
 .bss.m_gatt    0x2000241c       0x14 target/smardCard_nrf52840/main.c.o
 .bss.m_lbs     0x20002430       0x18 target/smardCard_nrf52840/main.c.o
 .bss.m_qwr     0x20002448        0xc target/smardCard_nrf52840/main.c.o
 .bss.m_rx_buf  0x20002454        0x8 target/smardCard_nrf52840/main.c.o
 .bss.head_handle
                0x2000245c        0x4 target/smardCard_nrf52840/multi_button.c.o
 .bss.m_conn_params_config
                0x20002460       0x1c target/smardCard_nrf52840/ble_conn_params.c.o
 .bss.m_conn_params_instances
                0x2000247c       0x14 target/smardCard_nrf52840/ble_conn_params.c.o
 .bss.m_preferred_conn_params
                0x20002490        0x8 target/smardCard_nrf52840/ble_conn_params.c.o
 .bss.m_timer_data
                0x20002498       0x20 target/smardCard_nrf52840/ble_conn_params.c.o
 .bss.m_bcs     0x200024b8       0x7c target/smardCard_nrf52840/ble_conn_state.c.o
 .bss.m_clock_cb
                0x20002534       0x14 target/smardCard_nrf52840/nrf_drv_clock.c.o
 .bss.m_contexts
                0x20002548       0x10 target/smardCard_nrf52840/nrf_drv_spi.c.o
 .bss.m_handlers
                0x20002558       0x10 target/smardCard_nrf52840/nrf_drv_spi.c.o
 .bss.m_contexts
                0x20002568        0x8 target/smardCard_nrf52840/nrf_drv_uart.c.o
 .bss.m_handlers
                0x20002570        0x8 target/smardCard_nrf52840/nrf_drv_uart.c.o
 .bss.m_clock_cb
                0x20002578        0x8 target/smardCard_nrf52840/nrfx_clock.c.o
 .bss.m_cb      0x20002580       0x5c target/smardCard_nrf52840/nrfx_gpiote.c.o
 .bss.is_field_validation_pending.9767
                0x200025dc        0x1 target/smardCard_nrf52840/nrfx_nfct.c.o
 *fill*         0x200025dd        0x3 
 .bss.m_nfct_cb
                0x200025e0       0x10 target/smardCard_nrf52840/nrfx_nfct.c.o
 .bss.m_prs_box_0
                0x200025f0        0x8 target/smardCard_nrf52840/nrfx_prs.c.o
 .bss.m_prs_box_1
                0x200025f8        0x8 target/smardCard_nrf52840/nrfx_prs.c.o
 .bss.m_prs_box_2
                0x20002600        0x8 target/smardCard_nrf52840/nrfx_prs.c.o
 .bss.m_prs_box_3
                0x20002608        0x8 target/smardCard_nrf52840/nrfx_prs.c.o
 .bss.m_prs_box_4
                0x20002610        0x8 target/smardCard_nrf52840/nrfx_prs.c.o
 .bss.m_cb      0x20002618       0x90 target/smardCard_nrf52840/nrfx_spim.c.o
 .bss.m_cb      0x200026a8       0x3c target/smardCard_nrf52840/nrfx_timer.c.o
 *fill*         0x200026e4        0x4 
 .bss.m_cb      0x200026e8       0x2c target/smardCard_nrf52840/nrfx_uart.c.o
 .bss.m_cb      0x20002714       0x48 target/smardCard_nrf52840/nrfx_uarte.c.o
 .bss.m_button_count
                0x2000275c        0x1 target/smardCard_nrf52840/app_button.c.o
 *fill*         0x2000275d        0x3 
 .bss.m_detection_delay
                0x20002760        0x4 target/smardCard_nrf52840/app_button.c.o
 *fill*         0x20002764        0x4 
 .bss.m_detection_delay_timer_id_data
                0x20002768       0x20 target/smardCard_nrf52840/app_button.c.o
 .bss.m_pin_active
                0x20002788        0x8 target/smardCard_nrf52840/app_button.c.o
 .bss.m_pin_states
                0x20002790       0x20 target/smardCard_nrf52840/app_button.c.o
 .bss.mp_buttons
                0x200027b0        0x4 target/smardCard_nrf52840/app_button.c.o
 .bss.m_app_timer_sortlist_sortlist_cb
                0x200027b4        0x4 target/smardCard_nrf52840/app_timer2.c.o
 .bss.m_base_counter
                0x200027b8        0x8 target/smardCard_nrf52840/app_timer2.c.o
 .bss.m_global_active
                0x200027c0        0x1 target/smardCard_nrf52840/app_timer2.c.o
 *fill*         0x200027c1        0x3 
 .bss.m_req_fifo_data
                0x200027c4       0x58 target/smardCard_nrf52840/app_timer2.c.o
 .bss.m_req_fifo_inst
                0x2000281c       0x10 target/smardCard_nrf52840/app_timer2.c.o
 *fill*         0x2000282c        0x4 
 .bss.m_stamp64
                0x20002830        0x8 target/smardCard_nrf52840/app_timer2.c.o
 .bss.mp_active_timer
                0x20002838        0x4 target/smardCard_nrf52840/app_timer2.c.o
 .bss.m_cb      0x2000283c        0x8 target/smardCard_nrf52840/drv_rtc.c.o
 .bss.m_handlers
                0x20002844        0x4 target/smardCard_nrf52840/drv_rtc.c.o
 .bss.m_handlers_iter
                0x20002848        0x8 target/smardCard_nrf52840/nrf_pwr_mgmt.c.o
 .bss.m_shutdown_started
                0x20002850        0x1 target/smardCard_nrf52840/nrf_pwr_mgmt.c.o
 *fill*         0x20002851        0x3 
 .bss.m_sysoff_mtx
                0x20002854        0x4 target/smardCard_nrf52840/nrf_pwr_mgmt.c.o
 .bss.m_async_mode
                0x20002858        0x1 target/smardCard_nrf52840/nrf_log_backend_uart.c.o
 *fill*         0x20002859        0x3 
 .bss.m_string_buff
                0x2000285c       0x40 target/smardCard_nrf52840/nrf_log_backend_uart.c.o
 .bss.m_xfer_done
                0x2000289c        0x1 target/smardCard_nrf52840/nrf_log_backend_uart.c.o
 *fill*         0x2000289d        0x3 
 .bss.log_mempool_nrf_balloc_cb
                0x200028a0        0x8 target/smardCard_nrf52840/nrf_log_frontend.c.o
 .bss.log_mempool_nrf_balloc_pool_mem
                0x200028a8       0xc0 target/smardCard_nrf52840/nrf_log_frontend.c.o
 .bss.log_mempool_nrf_balloc_pool_stack
                0x20002968        0x8 target/smardCard_nrf52840/nrf_log_frontend.c.o
 .bss.m_log_data
                0x20002970      0x420 target/smardCard_nrf52840/nrf_log_frontend.c.o
 .bss.m_log_push_ringbuf_buf
                0x20002d90       0x80 target/smardCard_nrf52840/nrf_log_frontend.c.o
 .bss.m_log_push_ringbuf_cb
                0x20002e10       0x18 target/smardCard_nrf52840/nrf_log_frontend.c.o
 .bss.m_clock_handler_item
                0x20002e28        0x8 target/smardCard_nrf52840/nfc_platform.c.o
 .bss.m_nrf_sdh_continue
                0x20002e30        0x1 target/smardCard_nrf52840/nrf_sdh.c.o
 .bss.m_nrf_sdh_enabled
                0x20002e31        0x1 target/smardCard_nrf52840/nrf_sdh.c.o
 .bss.m_nrf_sdh_suspended
                0x20002e32        0x1 target/smardCard_nrf52840/nrf_sdh.c.o
 .bss.m_stack_is_enabled
                0x20002e33        0x1 target/smardCard_nrf52840/nrf_sdh_ble.c.o
 .bss.nfclib    0x20002e34       0x6c ./lib/nfc_t2t_lib_gcc.a(nfc_t2t_lib.c.o)
 .bss.m_nfc_lib_callback
                0x20002ea0        0x4 ./lib/nfc_t2t_lib_gcc.a(nfc_t2t_lib_al.c.o)
 .bss.m_nfc_lib_context
                0x20002ea4        0x4 ./lib/nfc_t2t_lib_gcc.a(nfc_t2t_lib_al.c.o)
 .bss.m_nfc_rx_buffer
                0x20002ea8       0x10 ./lib/nfc_t2t_lib_gcc.a(nfc_t2t_lib_al.c.o)
 .bss.m_nfcid1_data
                0x20002eb8        0xa ./lib/nfc_t2t_lib_gcc.a(nfc_t2t_lib_al.c.o)
 .bss.m_nfcid1_length
                0x20002ec2        0x1 ./lib/nfc_t2t_lib_gcc.a(nfc_t2t_lib_al.c.o)
 .bss.m_slp_req_received
                0x20002ec3        0x1 ./lib/nfc_t2t_lib_gcc.a(nfc_t2t_lib_al.c.o)
 .bss.__malloc_free_list
                0x20002ec4        0x4 c:/program files (x86)/gnu tools arm embedded/9 2019-q4-major/bin/../lib/gcc/arm-none-eabi/9.2.1/../../../../arm-none-eabi/lib/thumb/v7e-m+fp/hard\libc_nano.a(lib_a-nano-mallocr.o)
                0x20002ec4                __malloc_free_list
 .bss.__malloc_sbrk_start
                0x20002ec8        0x4 c:/program files (x86)/gnu tools arm embedded/9 2019-q4-major/bin/../lib/gcc/arm-none-eabi/9.2.1/../../../../arm-none-eabi/lib/thumb/v7e-m+fp/hard\libc_nano.a(lib_a-nano-mallocr.o)
                0x20002ec8                __malloc_sbrk_start
 .bss.heap_end.5507
                0x20002ecc        0x4 c:/program files (x86)/gnu tools arm embedded/9 2019-q4-major/bin/../lib/gcc/arm-none-eabi/9.2.1/../../../../arm-none-eabi/lib/thumb/v7e-m+fp/hard\libnosys.a(sbrk.o)
 *(COMMON)
 COMMON         0x20002ed0      0x100 target/smardCard_nrf52840/main.c.o
                0x20002ed0                m_ndef_msg_buf
 COMMON         0x20002fd0       0x18 target/smardCard_nrf52840/GUI_Paint.c.o
                0x20002fd0                Paint
 COMMON         0x20002fe8        0x2 target/smardCard_nrf52840/nrf_drv_uart.c.o
                0x20002fe8                nrf_drv_uart_use_easy_dma
 COMMON         0x20002fea        0x1 target/smardCard_nrf52840/nrfx_clock.c.o
                0x20002fea                nrfx_clock_irq_enabled
 *fill*         0x20002feb        0x1 
 COMMON         0x20002fec        0xc target/smardCard_nrf52840/app_util_platform.c.o
                0x20002fec                nrf_nvic_state
 COMMON         0x20002ff8        0x4 c:/program files (x86)/gnu tools arm embedded/9 2019-q4-major/bin/../lib/gcc/arm-none-eabi/9.2.1/../../../../arm-none-eabi/lib/thumb/v7e-m+fp/hard\libc_nano.a(lib_a-reent.o)
                0x20002ff8                errno
 COMMON         0x20002ffc        0x9 c:/program files (x86)/gnu tools arm embedded/9 2019-q4-major/bin/../lib/gcc/arm-none-eabi/9.2.1/../../../../arm-none-eabi/lib/thumb/v7e-m+fp/hard\libc_nano.a(lib_a-lock.o)
                0x20002ffc                __lock___atexit_recursive_mutex
                0x20002ffd                __lock___arc4random_mutex
                0x20002ffe                __lock___env_recursive_mutex
                0x20002fff                __lock___sinit_recursive_mutex
                0x20003000                __lock___malloc_recursive_mutex
                0x20003001                __lock___at_quick_exit_mutex
                0x20003002                __lock___dd_hash_mutex
                0x20003003                __lock___tz_mutex
                0x20003004                __lock___sfp_recursive_mutex
                0x20003008                . = ALIGN (0x4)
 *fill*         0x20003005        0x3 
                0x20003008                __bss_end__ = .

.heap           0x20003008     0x2000
                0x20003008                __HeapBase = .
                0x20003008                __end__ = .
                0x20003008                PROVIDE (end = .)
 *(.heap*)
 .heap          0x20003008     0x2000 target/smardCard_nrf52840/gcc_startup_nrf52840.S.o
                0x20005008                __HeapLimit = .

.stack_dummy    0x20003008     0x2000
 *(.stack*)
 .stack         0x20003008     0x2000 target/smardCard_nrf52840/gcc_startup_nrf52840.S.o
                0x20040000                __StackTop = (ORIGIN (RAM) + LENGTH (RAM))
                0x2003e000                __StackLimit = (__StackTop - SIZEOF (.stack_dummy))
                0x20040000                PROVIDE (__stack = __StackTop)
                0x00000001                ASSERT ((__StackLimit >= __HeapLimit), region RAM overflowed with stack)
                0x000000c0                DataInitFlashUsed = (__bss_start__ - __data_start__)
                0x0000a57c                CodeFlashUsed = (__etext - ORIGIN (FLASH))
                0x0000a63c                TotalFlashUsed = (CodeFlashUsed + DataInitFlashUsed)
                0x00000001                ASSERT ((TotalFlashUsed <= LENGTH (FLASH)), region FLASH overflowed with .data and user data)
OUTPUT(target/smardCard_nrf52840.out elf32-littlearm)

.ARM.attributes
                0x00000000       0x30
 .ARM.attributes
                0x00000000       0x1e c:/program files (x86)/gnu tools arm embedded/9 2019-q4-major/bin/../lib/gcc/arm-none-eabi/9.2.1/thumb/v7e-m+fp/hard/crti.o
 .ARM.attributes
                0x0000001e       0x34 c:/program files (x86)/gnu tools arm embedded/9 2019-q4-major/bin/../lib/gcc/arm-none-eabi/9.2.1/thumb/v7e-m+fp/hard/crtbegin.o
 .ARM.attributes
                0x00000052       0x1c c:/program files (x86)/gnu tools arm embedded/9 2019-q4-major/bin/../lib/gcc/arm-none-eabi/9.2.1/../../../../arm-none-eabi/lib/thumb/v7e-m+fp/hard/crt0.o
 .ARM.attributes
                0x0000006e       0x34 target/smardCard_nrf52840/main.c.o
 .ARM.attributes
                0x000000a2       0x34 target/smardCard_nrf52840/board_spi.c.o
 .ARM.attributes
                0x000000d6       0x34 target/smardCard_nrf52840/GUI_Paint.c.o
 .ARM.attributes
                0x0000010a       0x34 target/smardCard_nrf52840/multi_button.c.o
 .ARM.attributes
                0x0000013e       0x34 target/smardCard_nrf52840/boards.c.o
 .ARM.attributes
                0x00000172       0x20 target/smardCard_nrf52840/gcc_startup_nrf52840.S.o
 .ARM.attributes
                0x00000192       0x34 target/smardCard_nrf52840/system_nrf52840.c.o
 .ARM.attributes
                0x000001c6       0x34 target/smardCard_nrf52840/ble_advdata.c.o
 .ARM.attributes
                0x000001fa       0x34 target/smardCard_nrf52840/ble_conn_params.c.o
 .ARM.attributes
                0x0000022e       0x34 target/smardCard_nrf52840/ble_conn_state.c.o
 .ARM.attributes
                0x00000262       0x34 target/smardCard_nrf52840/ble_srv_common.c.o
 .ARM.attributes
                0x00000296       0x34 target/smardCard_nrf52840/nrf_ble_gatt.c.o
 .ARM.attributes
                0x000002ca       0x34 target/smardCard_nrf52840/nrf_ble_qwr.c.o
 .ARM.attributes
                0x000002fe       0x34 target/smardCard_nrf52840/ble_lbs.c.o
 .ARM.attributes
                0x00000332       0x34 target/smardCard_nrf52840/nrf_drv_clock.c.o
 .ARM.attributes
                0x00000366       0x34 target/smardCard_nrf52840/nrf_drv_spi.c.o
 .ARM.attributes
                0x0000039a       0x34 target/smardCard_nrf52840/nrf_drv_uart.c.o
 .ARM.attributes
                0x000003ce       0x34 target/smardCard_nrf52840/nrfx_clock.c.o
 .ARM.attributes
                0x00000402       0x34 target/smardCard_nrf52840/nrfx_gpiote.c.o
 .ARM.attributes
                0x00000436       0x34 target/smardCard_nrf52840/nrfx_nfct.c.o
 .ARM.attributes
                0x0000046a       0x34 target/smardCard_nrf52840/nrfx_prs.c.o
 .ARM.attributes
                0x0000049e       0x34 target/smardCard_nrf52840/nrfx_spim.c.o
 .ARM.attributes
                0x000004d2       0x34 target/smardCard_nrf52840/nrfx_timer.c.o
 .ARM.attributes
                0x00000506       0x34 target/smardCard_nrf52840/nrfx_uart.c.o
 .ARM.attributes
                0x0000053a       0x34 target/smardCard_nrf52840/nrfx_uarte.c.o
 .ARM.attributes
                0x0000056e       0x34 target/smardCard_nrf52840/app_button.c.o
 .ARM.attributes
                0x000005a2       0x34 target/smardCard_nrf52840/app_error.c.o
 .ARM.attributes
                0x000005d6       0x34 target/smardCard_nrf52840/app_error_weak.c.o
 .ARM.attributes
                0x0000060a       0x34 target/smardCard_nrf52840/app_timer2.c.o
 .ARM.attributes
                0x0000063e       0x34 target/smardCard_nrf52840/app_util_platform.c.o
 .ARM.attributes
                0x00000672       0x34 target/smardCard_nrf52840/drv_rtc.c.o
 .ARM.attributes
                0x000006a6       0x34 target/smardCard_nrf52840/nrf_atfifo.c.o
 .ARM.attributes
                0x000006da       0x34 target/smardCard_nrf52840/nrf_atflags.c.o
 .ARM.attributes
                0x0000070e       0x34 target/smardCard_nrf52840/nrf_atomic.c.o
 .ARM.attributes
                0x00000742       0x34 target/smardCard_nrf52840/nrf_balloc.c.o
 .ARM.attributes
                0x00000776       0x34 target/smardCard_nrf52840/nrf_fprintf.c.o
 .ARM.attributes
                0x000007aa       0x34 target/smardCard_nrf52840/nrf_fprintf_format.c.o
 .ARM.attributes
                0x000007de       0x34 target/smardCard_nrf52840/nrf_memobj.c.o
 .ARM.attributes
                0x00000812       0x34 target/smardCard_nrf52840/nrf_pwr_mgmt.c.o
 .ARM.attributes
                0x00000846       0x34 target/smardCard_nrf52840/nrf_ringbuf.c.o
 .ARM.attributes
                0x0000087a       0x34 target/smardCard_nrf52840/nrf_section_iter.c.o
 .ARM.attributes
                0x000008ae       0x34 target/smardCard_nrf52840/nrf_sortlist.c.o
 .ARM.attributes
                0x000008e2       0x34 target/smardCard_nrf52840/nrf_strerror.c.o
 .ARM.attributes
                0x00000916       0x34 target/smardCard_nrf52840/nrf_log_backend_serial.c.o
 .ARM.attributes
                0x0000094a       0x34 target/smardCard_nrf52840/nrf_log_backend_uart.c.o
 .ARM.attributes
                0x0000097e       0x34 target/smardCard_nrf52840/nrf_log_default_backends.c.o
 .ARM.attributes
                0x000009b2       0x34 target/smardCard_nrf52840/nrf_log_frontend.c.o
 .ARM.attributes
                0x000009e6       0x34 target/smardCard_nrf52840/nrf_log_str_formatter.c.o
 .ARM.attributes
                0x00000a1a       0x34 target/smardCard_nrf52840/nfc_ndef_msg.c.o
 .ARM.attributes
                0x00000a4e       0x34 target/smardCard_nrf52840/nfc_ndef_record.c.o
 .ARM.attributes
                0x00000a82       0x34 target/smardCard_nrf52840/nfc_platform.c.o
 .ARM.attributes
                0x00000ab6       0x34 target/smardCard_nrf52840/nfc_text_rec.c.o
 .ARM.attributes
                0x00000aea       0x34 target/smardCard_nrf52840/nrf_sdh.c.o
 .ARM.attributes
                0x00000b1e       0x34 target/smardCard_nrf52840/nrf_sdh_ble.c.o
 .ARM.attributes
                0x00000b52       0x34 target/smardCard_nrf52840/nrf_sdh_soc.c.o
 .ARM.attributes
                0x00000b86       0x39 ./lib/nfc_t2t_lib_gcc.a(nfc_t2t_lib.c.o)
 .ARM.attributes
                0x00000bbf       0x39 ./lib/nfc_t2t_lib_gcc.a(nfc_t2t_lib_al.c.o)
 .ARM.attributes
                0x00000bf8       0x32 c:/program files (x86)/gnu tools arm embedded/9 2019-q4-major/bin/../lib/gcc/arm-none-eabi/9.2.1/../../../../arm-none-eabi/lib/thumb/v7e-m+fp/hard\libc_nano.a(lib_a-ctype_.o)
 .ARM.attributes
                0x00000c2a       0x34 c:/program files (x86)/gnu tools arm embedded/9 2019-q4-major/bin/../lib/gcc/arm-none-eabi/9.2.1/../../../../arm-none-eabi/lib/thumb/v7e-m+fp/hard\libc_nano.a(lib_a-exit.o)
 .ARM.attributes
                0x00000c5e       0x32 c:/program files (x86)/gnu tools arm embedded/9 2019-q4-major/bin/../lib/gcc/arm-none-eabi/9.2.1/../../../../arm-none-eabi/lib/thumb/v7e-m+fp/hard\libc_nano.a(lib_a-impure.o)
 .ARM.attributes
                0x00000c90       0x34 c:/program files (x86)/gnu tools arm embedded/9 2019-q4-major/bin/../lib/gcc/arm-none-eabi/9.2.1/../../../../arm-none-eabi/lib/thumb/v7e-m+fp/hard\libc_nano.a(lib_a-init.o)
 .ARM.attributes
                0x00000cc4       0x34 c:/program files (x86)/gnu tools arm embedded/9 2019-q4-major/bin/../lib/gcc/arm-none-eabi/9.2.1/../../../../arm-none-eabi/lib/thumb/v7e-m+fp/hard\libc_nano.a(lib_a-malloc.o)
 .ARM.attributes
                0x00000cf8       0x34 c:/program files (x86)/gnu tools arm embedded/9 2019-q4-major/bin/../lib/gcc/arm-none-eabi/9.2.1/../../../../arm-none-eabi/lib/thumb/v7e-m+fp/hard\libc_nano.a(lib_a-memcpy-stub.o)
 .ARM.attributes
                0x00000d2c       0x34 c:/program files (x86)/gnu tools arm embedded/9 2019-q4-major/bin/../lib/gcc/arm-none-eabi/9.2.1/../../../../arm-none-eabi/lib/thumb/v7e-m+fp/hard\libc_nano.a(lib_a-memset.o)
 .ARM.attributes
                0x00000d60       0x34 c:/program files (x86)/gnu tools arm embedded/9 2019-q4-major/bin/../lib/gcc/arm-none-eabi/9.2.1/../../../../arm-none-eabi/lib/thumb/v7e-m+fp/hard\libc_nano.a(lib_a-nano-mallocr.o)
 .ARM.attributes