Archive member included to satisfy reference by file (symbol)

./lib/nfc_t2t_lib_gcc.a(nfc_t2t_lib.c.o)
                              target/smardCard_nrf52840/main.c.o (nfc_t2t_setup)
./lib/nfc_t2t_lib_gcc.a(nfc_t2t_lib_al.c.o)
                              ./lib/nfc_t2t_lib_gcc.a(nfc_t2t_lib.c.o) (nfc_t2t_lib_al_setup)
c:/program files (x86)/gnu tools arm embedded/9 2019-q4-major/bin/../lib/gcc/arm-none-eabi/9.2.1/../../../../arm-none-eabi/lib/thumb/v7e-m+fp/hard\libc_nano.a(lib_a-ctype_.o)
                              target/smardCard_nrf52840/nrf_log_str_formatter.c.o (_ctype_)
c:/program files (x86)/gnu tools arm embedded/9 2019-q4-major/bin/../lib/gcc/arm-none-eabi/9.2.1/../../../../arm-none-eabi/lib/thumb/v7e-m+fp/hard\libc_nano.a(lib_a-exit.o)
                              c:/program files (x86)/gnu tools arm embedded/9 2019-q4-major/bin/../lib/gcc/arm-none-eabi/9.2.1/../../../../arm-none-eabi/lib/thumb/v7e-m+fp/hard/crt0.o (exit)
c:/program files (x86)/gnu tools arm embedded/9 2019-q4-major/bin/../lib/gcc/arm-none-eabi/9.2.1/../../../../arm-none-eabi/lib/thumb/v7e-m+fp/hard\libc_nano.a(lib_a-impure.o)
                              c:/program files (x86)/gnu tools arm embedded/9 2019-q4-major/bin/../lib/gcc/arm-none-eabi/9.2.1/../../../../arm-none-eabi/lib/thumb/v7e-m+fp/hard\libc_nano.a(lib_a-exit.o) (_global_impure_ptr)
c:/program files (x86)/gnu tools arm embedded/9 2019-q4-major/bin/../lib/gcc/arm-none-eabi/9.2.1/../../../../arm-none-eabi/lib/thumb/v7e-m+fp/hard\libc_nano.a(lib_a-init.o)
                              c:/program files (x86)/gnu tools arm embedded/9 2019-q4-major/bin/../lib/gcc/arm-none-eabi/9.2.1/../../../../arm-none-eabi/lib/thumb/v7e-m+fp/hard/crt0.o (__libc_init_array)
c:/program files (x86)/gnu tools arm embedded/9 2019-q4-major/bin/../lib/gcc/arm-none-eabi/9.2.1/../../../../arm-none-eabi/lib/thumb/v7e-m+fp/hard\libc_nano.a(lib_a-malloc.o)
                              target/smardCard_nrf52840/main.c.o (malloc)
c:/program files (x86)/gnu tools arm embedded/9 2019-q4-major/bin/../lib/gcc/arm-none-eabi/9.2.1/../../../../arm-none-eabi/lib/thumb/v7e-m+fp/hard\libc_nano.a(lib_a-memcmp.o)
                              target/smardCard_nrf52840/ble_advdata.c.o (memcmp)
c:/program files (x86)/gnu tools arm embedded/9 2019-q4-major/bin/../lib/gcc/arm-none-eabi/9.2.1/../../../../arm-none-eabi/lib/thumb/v7e-m+fp/hard\libc_nano.a(lib_a-memcpy-stub.o)
                              target/smardCard_nrf52840/ble_advdata.c.o (memcpy)
c:/program files (x86)/gnu tools arm embedded/9 2019-q4-major/bin/../lib/gcc/arm-none-eabi/9.2.1/../../../../arm-none-eabi/lib/thumb/v7e-m+fp/hard\libc_nano.a(lib_a-memset.o)
                              c:/program files (x86)/gnu tools arm embedded/9 2019-q4-major/bin/../lib/gcc/arm-none-eabi/9.2.1/../../../../arm-none-eabi/lib/thumb/v7e-m+fp/hard/crt0.o (memset)
c:/program files (x86)/gnu tools arm embedded/9 2019-q4-major/bin/../lib/gcc/arm-none-eabi/9.2.1/../../../../arm-none-eabi/lib/thumb/v7e-m+fp/hard\libc_nano.a(lib_a-nano-freer.o)
                              c:/program files (x86)/gnu tools arm embedded/9 2019-q4-major/bin/../lib/gcc/arm-none-eabi/9.2.1/../../../../arm-none-eabi/lib/thumb/v7e-m+fp/hard\libc_nano.a(lib_a-malloc.o) (_free_r)
c:/program files (x86)/gnu tools arm embedded/9 2019-q4-major/bin/../lib/gcc/arm-none-eabi/9.2.1/../../../../arm-none-eabi/lib/thumb/v7e-m+fp/hard\libc_nano.a(lib_a-nano-mallocr.o)
                              c:/program files (x86)/gnu tools arm embedded/9 2019-q4-major/bin/../lib/gcc/arm-none-eabi/9.2.1/../../../../arm-none-eabi/lib/thumb/v7e-m+fp/hard\libc_nano.a(lib_a-malloc.o) (_malloc_r)
c:/program files (x86)/gnu tools arm embedded/9 2019-q4-major/bin/../lib/gcc/arm-none-eabi/9.2.1/../../../../arm-none-eabi/lib/thumb/v7e-m+fp/hard\libc_nano.a(lib_a-sbrkr.o)
                              c:/program files (x86)/gnu tools arm embedded/9 2019-q4-major/bin/../lib/gcc/arm-none-eabi/9.2.1/../../../../arm-none-eabi/lib/thumb/v7e-m+fp/hard\libc_nano.a(lib_a-nano-mallocr.o) (_sbrk_r)
c:/program files (x86)/gnu tools arm embedded/9 2019-q4-major/bin/../lib/gcc/arm-none-eabi/9.2.1/../../../../arm-none-eabi/lib/thumb/v7e-m+fp/hard\libc_nano.a(lib_a-strcpy.o)
                              target/smardCard_nrf52840/SEGGER_RTT.c.o (strcpy)
c:/program files (x86)/gnu tools arm embedded/9 2019-q4-major/bin/../lib/gcc/arm-none-eabi/9.2.1/../../../../arm-none-eabi/lib/thumb/v7e-m+fp/hard\libc_nano.a(lib_a-strlen.o)
                              target/smardCard_nrf52840/main.c.o (strlen)
c:/program files (x86)/gnu tools arm embedded/9 2019-q4-major/bin/../lib/gcc/arm-none-eabi/9.2.1/../../../../arm-none-eabi/lib/thumb/v7e-m+fp/hard\libc_nano.a(lib_a-mlock.o)
                              c:/program files (x86)/gnu tools arm embedded/9 2019-q4-major/bin/../lib/gcc/arm-none-eabi/9.2.1/../../../../arm-none-eabi/lib/thumb/v7e-m+fp/hard\libc_nano.a(lib_a-nano-freer.o) (__malloc_lock)
[...]
Memory Configuration

Name             Origin             Length             Attributes
FLASH            0x00027000         0x000d9000         xr
RAM              0x20002bf0         0x0003d410         xrw
*default*        0x00000000         0xffffffff

Linker script and memory map


.text           0x00027000     0xc0f0
 *(.isr_vector)
 .isr_vector    0x00027000      0x200 target/smardCard_nrf52840/gcc_startup_nrf52840.S.o
                0x00027000                __isr_vector
 *(.text*)
 .text          0x00027200       0x40 c:/program files (x86)/gnu tools arm embedded/9 2019-q4-major/bin/../lib/gcc/arm-none-eabi/9.2.1/thumb/v7e-m+fp/hard/crtbegin.o
 .text          0x00027240       0x74 c:/program files (x86)/gnu tools arm embedded/9 2019-q4-major/bin/../lib/gcc/arm-none-eabi/9.2.1/../../../../arm-none-eabi/lib/thumb/v7e-m+fp/hard/crt0.o
                0x00027240                _start
                0x00027240                _mainCRTStartup
 .text.sd_ble_gap_adv_set_configure
                0x000272b4        0x4 target/smardCard_nrf52840/main.c.o
 .text.sd_ble_gap_adv_start
                0x000272b8        0x4 target/smardCard_nrf52840/main.c.o
 .text.sd_ble_gap_disconnect
                0x000272bc        0x4 target/smardCard_nrf52840/main.c.o
 .text.sd_ble_gap_ppcp_set
                0x000272c0        0x4 target/smardCard_nrf52840/main.c.o
 .text.sd_ble_gap_device_name_set
                0x000272c4        0x4 target/smardCard_nrf52840/main.c.o
 .text.sd_ble_gap_sec_params_reply
                0x000272c8        0x4 target/smardCard_nrf52840/main.c.o
 .text.sd_ble_gap_phy_update
                0x000272cc        0x4 target/smardCard_nrf52840/main.c.o
 .text.sd_ble_gatts_sys_attr_set
                0x000272d0        0x4 target/smardCard_nrf52840/main.c.o
 .text.read_button1_GPIO
                0x000272d4       0x14 target/smardCard_nrf52840/main.c.o
                0x000272d4                read_button1_GPIO
 .text.read_button2_GPIO
                0x000272e8       0x14 target/smardCard_nrf52840/main.c.o
                0x000272e8                read_button2_GPIO
 .text.read_button3_GPIO
                0x000272fc       0x18 target/smardCard_nrf52840/main.c.o
                0x000272fc                read_button3_GPIO
 .text.BTN1_PRESS_DOWN_Handler
                0x00027314        0x8 target/smardCard_nrf52840/main.c.o
                0x00027314                BTN1_PRESS_DOWN_Handler
 .text.BTN2_PRESS_DOWN_Handler
                0x0002731c        0x8 target/smardCard_nrf52840/main.c.o
                0x0002731c                BTN2_PRESS_DOWN_Handler
 .text.BTN3_PRESS_DOWN_Handler
                0x00027324        0x8 target/smardCard_nrf52840/main.c.o
                0x00027324                BTN3_PRESS_DOWN_Handler
 .text.BTN1_PRESS_UP_Handler
                0x0002732c        0x8 target/smardCard_nrf52840/main.c.o
                0x0002732c                BTN1_PRESS_UP_Handler
 .text.BTN2_PRESS_UP_Handler
                0x00027334        0x8 target/smardCard_nrf52840/main.c.o
                0x00027334                BTN2_PRESS_UP_Handler
 .text.BTN3_PRESS_UP_Handler
                0x0002733c        0x8 target/smardCard_nrf52840/main.c.o
                0x0002733c                BTN3_PRESS_UP_Handler
 .text.nfc_callback
                0x00027344       0x18 target/smardCard_nrf52840/main.c.o
 .text.nrf_qwr_error_handler
                0x0002735c        0x4 target/smardCard_nrf52840/main.c.o
 .text.on_conn_params_evt
                0x00027360       0x24 target/smardCard_nrf52840/main.c.o
 .text.button_event_handler
                0x00027384       0x60 target/smardCard_nrf52840/main.c.o
 .text.conn_params_error_handler
                0x000273e4        0x4 target/smardCard_nrf52840/main.c.o
 .text.EPD_1IN54_V2_TurnOnDisplay
                0x000273e8       0x80 target/smardCard_nrf52840/main.c.o
 .text.ble_evt_handler
                0x00027468      0x134 target/smardCard_nrf52840/main.c.o
 .text.led_write_handler
                0x0002759c       0xa4 target/smardCard_nrf52840/main.c.o
 .text.EPD_1IN54_V2_Init
                0x00027640      0x2fc target/smardCard_nrf52840/main.c.o
                0x00027640                EPD_1IN54_V2_Init
 .text.EPD_1IN54_V2_Display
                0x0002793c       0x68 target/smardCard_nrf52840/main.c.o
                0x0002793c                EPD_1IN54_V2_Display
 .text.EPD_1IN54_V2_Clear
                0x000279a4       0x68 target/smardCard_nrf52840/main.c.o
                0x000279a4                EPD_1IN54_V2_Clear
 .text.startup.main
                0x00027a0c      0x528 target/smardCard_nrf52840/main.c.o
                0x00027a0c                main
 .text.spiCallbackFunc
                0x00027f34        0xc target/smardCard_nrf52840/board_spi.c.o
 .text.SPI_Init
                0x00027f40       0x60 target/smardCard_nrf52840/board_spi.c.o
                0x00027f40                SPI_Init
 .text.SPI_ReadWriteData
                0x00027fa0       0x40 target/smardCard_nrf52840/board_spi.c.o
                0x00027fa0                SPI_ReadWriteData
 .text.SPI_Enable
                0x00027fe0       0x54 target/smardCard_nrf52840/board_spi.c.o
                0x00027fe0                SPI_Enable
 .text.SPI_Disable
                0x00028034        0xc target/smardCard_nrf52840/board_spi.c.o
                0x00028034                SPI_Disable
 .text.Paint_SetPixel.part.0
                0x00028040      0x110 target/smardCard_nrf52840/GUI_Paint.c.o
 .text.Paint_DrawChar.part.0
                0x00028150       0xfc target/smardCard_nrf52840/GUI_Paint.c.o
 .text.Paint_NewImage
                0x0002824c       0x44 target/smardCard_nrf52840/GUI_Paint.c.o
                0x0002824c                Paint_NewImage
 .text.Paint_SelectImage
                0x00028290        0xc target/smardCard_nrf52840/GUI_Paint.c.o
                0x00028290                Paint_SelectImage
 .text.Paint_Clear
                0x0002829c       0xa0 target/smardCard_nrf52840/GUI_Paint.c.o
                0x0002829c                Paint_Clear
 .text.Paint_DrawString_EN
                0x0002833c       0x90 target/smardCard_nrf52840/GUI_Paint.c.o
                0x0002833c                Paint_DrawString_EN
 .text.Paint_DrawString_CN
                0x000283cc      0x24c target/smardCard_nrf52840/GUI_Paint.c.o
                0x000283cc                Paint_DrawString_CN
 .text.Paint_DrawNum
                0x00028618      0x10c target/smardCard_nrf52840/GUI_Paint.c.o
                0x00028618                Paint_DrawNum
 .text.button_init
                0x00028724       0x34 target/smardCard_nrf52840/multi_button.c.o
                0x00028724                button_init
 .text.button_attach
                0x00028758        0x8 target/smardCard_nrf52840/multi_button.c.o
                0x00028758                button_attach
 .text.button_start
                0x00028760       0x2c target/smardCard_nrf52840/multi_button.c.o
                0x00028760                button_start
 .text.button_ticks
                0x0002878c      0x1c0 target/smardCard_nrf52840/multi_button.c.o
                0x0002878c                button_ticks
 .text.bsp_board_led_on
                0x0002894c       0x24 target/smardCard_nrf52840/boards.c.o
                0x0002894c                bsp_board_led_on
 .text.bsp_board_led_off
                0x00028970       0x24 target/smardCard_nrf52840/boards.c.o
                0x00028970                bsp_board_led_off
 .text.bsp_board_leds_on
                0x00028994       0x2c target/smardCard_nrf52840/boards.c.o
                0x00028994                bsp_board_leds_on
 .text.bsp_board_led_invert
                0x000289c0       0x34 target/smardCard_nrf52840/boards.c.o
                0x000289c0                bsp_board_led_invert
 .text.bsp_board_init
                0x000289f4       0x5c target/smardCard_nrf52840/boards.c.o
                0x000289f4                bsp_board_init
 .text          0x00028a50       0x3c target/smardCard_nrf52840/gcc_startup_nrf52840.S.o
                0x00028a50                Reset_Handler
                0x00028a78                NMI_Handler
                0x00028a7a                HardFault_Handler
                0x00028a7c                MemoryManagement_Handler
                0x00028a7e                BusFault_Handler
                0x00028a80                UsageFault_Handler
                0x00028a82                SVC_Handler
                0x00028a84                DebugMon_Handler
                0x00028a86                PendSV_Handler
                0x00028a88                SysTick_Handler
                0x00028a8a                TEMP_IRQHandler
                0x00028a8a                RADIO_IRQHandler
                0x00028a8a                PWM3_IRQHandler
                0x00028a8a                FPU_IRQHandler
                0x00028a8a                USBD_IRQHandler
                0x00028a8a                QDEC_IRQHandler
                0x00028a8a                PDM_IRQHandler
                0x00028a8a                CRYPTOCELL_IRQHandler
                0x00028a8a                PWM1_IRQHandler
                0x00028a8a                SWI4_EGU4_IRQHandler
                0x00028a8a                POWER_CLOCK_IRQHandler
                0x00028a8a                PWM2_IRQHandler
                0x00028a8a                ECB_IRQHandler
                0x00028a8a                Default_Handler
                0x00028a8a                SAADC_IRQHandler
                0x00028a8a                CCM_AAR_IRQHandler
                0x00028a8a                WDT_IRQHandler
                0x00028a8a                SWI0_EGU0_IRQHandler
                0x00028a8a                SWI5_EGU5_IRQHandler
                0x00028a8a                RNG_IRQHandler
                0x00028a8a                RTC2_IRQHandler
                0x00028a8a                PWM0_IRQHandler
                0x00028a8a                SWI3_EGU3_IRQHandler
                0x00028a8a                SWI1_EGU1_IRQHandler
                0x00028a8a                RTC0_IRQHandler
                0x00028a8a                MWU_IRQHandler
                0x00028a8a                I2S_IRQHandler
                0x00028a8a                QSPI_IRQHandler
 .text.SystemInit
                0x00028a8c      0x220 target/smardCard_nrf52840/system_nrf52840.c.o
                0x00028a8c                SystemInit
 .text.sd_ble_gap_addr_get
                0x00028cac        0x4 target/smardCard_nrf52840/ble_advdata.c.o
 .text.sd_ble_gap_appearance_get
                0x00028cb0        0x4 target/smardCard_nrf52840/ble_advdata.c.o
 .text.sd_ble_gap_device_name_get
                0x00028cb4        0x4 target/smardCard_nrf52840/ble_advdata.c.o
 .text.sd_ble_uuid_encode
                0x00028cb8        0x4 target/smardCard_nrf52840/ble_advdata.c.o
 .text.uuid_list_sized_encode.isra.0
                0x00028cbc       0xf0 target/smardCard_nrf52840/ble_advdata.c.o
 .text.ble_advdata_encode
                0x00028dac      0x40c target/smardCard_nrf52840/ble_advdata.c.o
                0x00028dac                ble_advdata_encode
 .text.sd_ble_gap_conn_param_update
                0x000291b8        0x4 target/smardCard_nrf52840/ble_conn_params.c.o
 .text.sd_ble_gap_disconnect
                0x000291bc        0x4 target/smardCard_nrf52840/ble_conn_params.c.o
 .text.sd_ble_gap_ppcp_set
                0x000291c0        0x4 target/smardCard_nrf52840/ble_conn_params.c.o
 .text.sd_ble_gap_ppcp_get
                0x000291c4        0x4 target/smardCard_nrf52840/ble_conn_params.c.o
 .text.update_timeout_handler
                0x000291c8       0x78 target/smardCard_nrf52840/ble_conn_params.c.o
 .text.ble_evt_handler
                0x00029240      0x1d4 target/smardCard_nrf52840/ble_conn_params.c.o
 .text.ble_conn_params_init
                0x00029414       0x78 target/smardCard_nrf52840/ble_conn_params.c.o
                0x00029414                ble_conn_params_init
 .text.ble_evt_handler
                0x0002948c      0x160 target/smardCard_nrf52840/ble_conn_state.c.o
 .text.sd_ble_gatts_characteristic_add
                0x000295ec        0x4 target/smardCard_nrf52840/ble_srv_common.c.o
 .text.ble_srv_is_notification_enabled
                0x000295f0        0x8 target/smardCard_nrf52840/ble_srv_common.c.o
                0x000295f0                ble_srv_is_notification_enabled
 .text.characteristic_add
                0x000295f8      0x278 target/smardCard_nrf52840/ble_srv_common.c.o
                0x000295f8                characteristic_add
 .text.sd_ble_gap_data_length_update
                0x00029870        0x4 target/smardCard_nrf52840/nrf_ble_gatt.c.o
 .text.sd_ble_gattc_exchange_mtu_request
                0x00029874        0x4 target/smardCard_nrf52840/nrf_ble_gatt.c.o
 .text.sd_ble_gatts_exchange_mtu_reply
                0x00029878        0x4 target/smardCard_nrf52840/nrf_ble_gatt.c.o
 .text.data_length_update.constprop.0
                0x0002987c       0x8c target/smardCard_nrf52840/nrf_ble_gatt.c.o
 .text.nrf_ble_gatt_init
                0x00029908       0x30 target/smardCard_nrf52840/nrf_ble_gatt.c.o
                0x00029908                nrf_ble_gatt_init
 .text.nrf_ble_gatt_on_ble_evt
                0x00029938      0x1c8 target/smardCard_nrf52840/nrf_ble_gatt.c.o
                0x00029938                nrf_ble_gatt_on_ble_evt
 .text.sd_ble_gatts_rw_authorize_reply
                0x00029b00        0x4 target/smardCard_nrf52840/nrf_ble_qwr.c.o
 .text.sd_ble_user_mem_reply
                0x00029b04        0x4 target/smardCard_nrf52840/nrf_ble_qwr.c.o
 .text.nrf_ble_qwr_init
                0x00029b08       0x24 target/smardCard_nrf52840/nrf_ble_qwr.c.o
                0x00029b08                nrf_ble_qwr_init
 .text.nrf_ble_qwr_conn_handle_assign
                0x00029b2c       0x18 target/smardCard_nrf52840/nrf_ble_qwr.c.o
                0x00029b2c                nrf_ble_qwr_conn_handle_assign
 .text.nrf_ble_qwr_on_ble_evt
                0x00029b44       0xf4 target/smardCard_nrf52840/nrf_ble_qwr.c.o
                0x00029b44                nrf_ble_qwr_on_ble_evt
 .text.sd_ble_gatts_service_add
                0x00029c38        0x4 target/smardCard_nrf52840/ble_lbs.c.o
 .text.sd_ble_gatts_hvx
                0x00029c3c        0x4 target/smardCard_nrf52840/ble_lbs.c.o
 .text.sd_ble_uuid_vs_add
                0x00029c40        0x4 target/smardCard_nrf52840/ble_lbs.c.o
 .text.ble_lbs_on_ble_evt
                0x00029c44       0x2c target/smardCard_nrf52840/ble_lbs.c.o
                0x00029c44                ble_lbs_on_ble_evt
 .text.ble_lbs_init
                0x00029c70       0xd4 target/smardCard_nrf52840/ble_lbs.c.o
                0x00029c70                ble_lbs_init
 .text.ble_lbs_on_button_change
                0x00029d44       0x40 target/smardCard_nrf52840/ble_lbs.c.o
                0x00029d44                ble_lbs_on_button_change
 .text.sd_clock_hfclk_request
                0x00029d84        0x4 target/smardCard_nrf52840/nrf_drv_clock.c.o
 .text.sd_clock_hfclk_release
                0x00029d88        0x4 target/smardCard_nrf52840/nrf_drv_clock.c.o
 .text.clock_irq_handler
                0x00029d8c       0x44 target/smardCard_nrf52840/nrf_drv_clock.c.o
 .text.soc_evt_handler
                0x00029dd0       0x28 target/smardCard_nrf52840/nrf_drv_clock.c.o
 .text.sd_state_evt_handler
                0x00029df8       0xc8 target/smardCard_nrf52840/nrf_drv_clock.c.o
 .text.nrf_drv_clock_init
                0x00029ec0       0x48 target/smardCard_nrf52840/nrf_drv_clock.c.o
                0x00029ec0                nrf_drv_clock_init
 .text.nrf_drv_clock_hfclk_request
                0x00029f08       0x7c target/smardCard_nrf52840/nrf_drv_clock.c.o
                0x00029f08                nrf_drv_clock_hfclk_request
 .text.nrf_drv_clock_hfclk_release
                0x00029f84       0x5c target/smardCard_nrf52840/nrf_drv_clock.c.o
                0x00029f84                nrf_drv_clock_hfclk_release
 .text.spim_evt_handler
                0x00029fe0       0x3c target/smardCard_nrf52840/nrf_drv_spi.c.o
 .text.nrf_drv_spi_init
                0x0002a01c       0x80 target/smardCard_nrf52840/nrf_drv_spi.c.o
                0x0002a01c                nrf_drv_spi_init
 .text.uarte_evt_handler
                0x0002a09c       0x34 target/smardCard_nrf52840/nrf_drv_uart.c.o
 .text.uart_evt_handler
                0x0002a0d0       0x34 target/smardCard_nrf52840/nrf_drv_uart.c.o
 .text.nrf_drv_uart_init
                0x0002a104       0x88 target/smardCard_nrf52840/nrf_drv_uart.c.o
                0x0002a104                nrf_drv_uart_init
 .text.nrfx_clock_init
                0x0002a18c       0x18 target/smardCard_nrf52840/nrfx_clock.c.o
                0x0002a18c                nrfx_clock_init
 .text.nrfx_clock_enable
                0x0002a1a4       0x2c target/smardCard_nrf52840/nrfx_clock.c.o
                0x0002a1a4                nrfx_clock_enable
 .text.nrfx_clock_lfclk_stop
                0x0002a1d0       0x38 target/smardCard_nrf52840/nrfx_clock.c.o
                0x0002a1d0                nrfx_clock_lfclk_stop
 .text.nrfx_clock_hfclk_start
                0x0002a208       0x24 target/smardCard_nrf52840/nrfx_clock.c.o
                0x0002a208                nrfx_clock_hfclk_start
 .text.nrfx_clock_hfclk_stop
                0x0002a22c       0x48 target/smardCard_nrf52840/nrfx_clock.c.o
                0x0002a22c                nrfx_clock_hfclk_stop
 .text.nrfx_gpiote_init
                0x0002a274       0xac target/smardCard_nrf52840/nrfx_gpiote.c.o
                0x0002a274                nrfx_gpiote_init
 .text.nrfx_gpiote_is_init
                0x0002a320       0x14 target/smardCard_nrf52840/nrfx_gpiote.c.o
                0x0002a320                nrfx_gpiote_is_init
 .text.nrfx_gpiote_in_init
                0x0002a334      0x160 target/smardCard_nrf52840/nrfx_gpiote.c.o
                0x0002a334                nrfx_gpiote_in_init
 .text.nrfx_gpiote_in_event_enable
                0x0002a494       0xd8 target/smardCard_nrf52840/nrfx_gpiote.c.o
                0x0002a494                nrfx_gpiote_in_event_enable
 .text.nrfx_gpiote_in_event_disable
                0x0002a56c       0x74 target/smardCard_nrf52840/nrfx_gpiote.c.o
                0x0002a56c                nrfx_gpiote_in_event_disable
 .text.nrfx_gpiote_in_is_set
                0x0002a5e0       0x20 target/smardCard_nrf52840/nrfx_gpiote.c.o
                0x0002a5e0                nrfx_gpiote_in_is_set
 .text.GPIOTE_IRQHandler
                0x0002a600      0x2ac target/smardCard_nrf52840/nrfx_gpiote.c.o
                0x0002a600                GPIOTE_IRQHandler
 .text.nrfx_nfct_field_event_handler
                0x0002a8ac       0xb8 target/smardCard_nrf52840/nrfx_nfct.c.o
 .text.nrfx_nfct_field_timer_handler
                0x0002a964       0x58 target/smardCard_nrf52840/nrfx_nfct.c.o
 .text.nrfx_nfct_init
                0x0002a9bc      0x118 target/smardCard_nrf52840/nrfx_nfct.c.o
                0x0002a9bc                nrfx_nfct_init
 .text.nrfx_nfct_enable
                0x0002aad4       0x2c target/smardCard_nrf52840/nrfx_nfct.c.o
                0x0002aad4                nrfx_nfct_enable
 .text.nrfx_nfct_rx
                0x0002ab00       0x34 target/smardCard_nrf52840/nrfx_nfct.c.o
                0x0002ab00                nrfx_nfct_rx
 .text.nrfx_nfct_tx
                0x0002ab34       0x54 target/smardCard_nrf52840/nrfx_nfct.c.o
                0x0002ab34                nrfx_nfct_tx
 .text.nrfx_nfct_state_force
                0x0002ab88       0x58 target/smardCard_nrf52840/nrfx_nfct.c.o
                0x0002ab88                nrfx_nfct_state_force
 .text.nrfx_nfct_init_substate_force
                0x0002abe0       0x44 target/smardCard_nrf52840/nrfx_nfct.c.o
                0x0002abe0                nrfx_nfct_init_substate_force
 .text.nrfx_nfct_nfcid1_default_bytes_get
                0x0002ac24       0x94 target/smardCard_nrf52840/nrfx_nfct.c.o
                0x0002ac24                nrfx_nfct_nfcid1_default_bytes_get
 .text.NFCT_IRQHandler
                0x0002acb8      0x21c target/smardCard_nrf52840/nrfx_nfct.c.o
                0x0002acb8                NFCT_IRQHandler
 .text.SPIM0_SPIS0_TWIM0_TWIS0_SPI0_TWI0_IRQHandler
                0x0002aed4        0xc target/smardCard_nrf52840/nrfx_prs.c.o
                0x0002aed4                SPIM0_SPIS0_TWIM0_TWIS0_SPI0_TWI0_IRQHandler
 .text.SPIM1_SPIS1_TWIM1_TWIS1_SPI1_TWI1_IRQHandler
                0x0002aee0        0xc target/smardCard_nrf52840/nrfx_prs.c.o
                0x0002aee0                SPIM1_SPIS1_TWIM1_TWIS1_SPI1_TWI1_IRQHandler
 .text.SPIM2_SPIS2_SPI2_IRQHandler
                0x0002aeec        0xc target/smardCard_nrf52840/nrfx_prs.c.o
                0x0002aeec                SPIM2_SPIS2_SPI2_IRQHandler
 .text.COMP_LPCOMP_IRQHandler
                0x0002aef8        0xc target/smardCard_nrf52840/nrfx_prs.c.o
                0x0002aef8                COMP_LPCOMP_IRQHandler
 .text.UARTE0_UART0_IRQHandler
                0x0002af04        0xc target/smardCard_nrf52840/nrfx_prs.c.o
                0x0002af04                UARTE0_UART0_IRQHandler
 .text.nrfx_prs_acquire
                0x0002af10       0x90 target/smardCard_nrf52840/nrfx_prs.c.o
                0x0002af10                nrfx_prs_acquire
 .text.nrfx_prs_release
                0x0002afa0       0x6c target/smardCard_nrf52840/nrfx_prs.c.o
                0x0002afa0                nrfx_prs_release
 .text.nrfx_spim_0_irq_handler
                0x0002b00c       0x78 target/smardCard_nrf52840/nrfx_spim.c.o
                0x0002b00c                nrfx_spim_0_irq_handler
 .text.nrfx_spim_1_irq_handler
                0x0002b084       0x80 target/smardCard_nrf52840/nrfx_spim.c.o
                0x0002b084                nrfx_spim_1_irq_handler
 .text.SPIM3_IRQHandler
                0x0002b104       0x80 target/smardCard_nrf52840/nrfx_spim.c.o
                0x0002b104                SPIM3_IRQHandler
 .text.nrfx_spim_2_irq_handler
                0x0002b184       0x80 target/smardCard_nrf52840/nrfx_spim.c.o
                0x0002b184                nrfx_spim_2_irq_handler
 .text.nrfx_spim_init
                0x0002b204      0x270 target/smardCard_nrf52840/nrfx_spim.c.o
                0x0002b204                nrfx_spim_init
 .text.nrfx_spim_uninit
                0x0002b474       0xd8 target/smardCard_nrf52840/nrfx_spim.c.o
                0x0002b474                nrfx_spim_uninit
 .text.nrfx_spim_xfer
                0x0002b54c      0x198 target/smardCard_nrf52840/nrfx_spim.c.o
                0x0002b54c                nrfx_spim_xfer
 .text.nrfx_timer_init
                0x0002b6e4       0xfc target/smardCard_nrf52840/nrfx_timer.c.o
                0x0002b6e4                nrfx_timer_init
 .text.nrfx_timer_enable
                0x0002b7e0       0x1c target/smardCard_nrf52840/nrfx_timer.c.o
                0x0002b7e0                nrfx_timer_enable
 .text.nrfx_timer_disable
                0x0002b7fc       0x1c target/smardCard_nrf52840/nrfx_timer.c.o
                0x0002b7fc                nrfx_timer_disable
 .text.nrfx_timer_clear
                0x0002b818        0x8 target/smardCard_nrf52840/nrfx_timer.c.o
                0x0002b818                nrfx_timer_clear
 .text.nrfx_timer_extended_compare
                0x0002b820       0x60 target/smardCard_nrf52840/nrfx_timer.c.o
                0x0002b820                nrfx_timer_extended_compare
 .text.TIMER0_IRQHandler
                0x0002b880       0x58 target/smardCard_nrf52840/nrfx_timer.c.o
                0x0002b880                TIMER0_IRQHandler
 .text.TIMER1_IRQHandler
                0x0002b8d8       0x58 target/smardCard_nrf52840/nrfx_timer.c.o
                0x0002b8d8                TIMER1_IRQHandler
 .text.TIMER2_IRQHandler
                0x0002b930       0x58 target/smardCard_nrf52840/nrfx_timer.c.o
                0x0002b930                TIMER2_IRQHandler
 .text.TIMER3_IRQHandler
                0x0002b988       0x58 target/smardCard_nrf52840/nrfx_timer.c.o
                0x0002b988                TIMER3_IRQHandler
 .text.TIMER4_IRQHandler
                0x0002b9e0       0x58 target/smardCard_nrf52840/nrfx_timer.c.o
                0x0002b9e0                TIMER4_IRQHandler
 .text.nrfx_uart_0_irq_handler
                0x0002ba38      0x1c4 target/smardCard_nrf52840/nrfx_uart.c.o
                0x0002ba38                nrfx_uart_0_irq_handler
 .text.nrfx_uart_init
                0x0002bbfc      0x1f0 target/smardCard_nrf52840/nrfx_uart.c.o
                0x0002bbfc                nrfx_uart_init
 .text.nrfx_uart_uninit
                0x0002bdec      0x10c target/smardCard_nrf52840/nrfx_uart.c.o
                0x0002bdec                nrfx_uart_uninit
 .text.nrfx_uart_tx
                0x0002bef8       0xd0 target/smardCard_nrf52840/nrfx_uart.c.o
                0x0002bef8                nrfx_uart_tx
 .text.UARTE1_IRQHandler
                0x0002bfc8      0x154 target/smardCard_nrf52840/nrfx_uarte.c.o
                0x0002bfc8                UARTE1_IRQHandler
 .text.nrfx_uarte_0_irq_handler
                0x0002c11c      0x160 target/smardCard_nrf52840/nrfx_uarte.c.o
                0x0002c11c                nrfx_uarte_0_irq_handler
 .text.nrfx_uarte_init
                0x0002c27c      0x22c target/smardCard_nrf52840/nrfx_uarte.c.o
                0x0002c27c                nrfx_uarte_init
 .text.nrfx_uarte_uninit
                0x0002c4a8      0x170 target/smardCard_nrf52840/nrfx_uarte.c.o
                0x0002c4a8                nrfx_uarte_uninit
 .text.nrfx_uarte_tx
                0x0002c618       0xb4 target/smardCard_nrf52840/nrfx_uarte.c.o
                0x0002c618                nrfx_uarte_tx
 .text.gpiote_event_handler
                0x0002c6cc       0x74 target/smardCard_nrf52840/app_button.c.o
 .text.detection_delay_timeout_handler
                0x0002c740      0x264 target/smardCard_nrf52840/app_button.c.o
 .text.app_button_init
                0x0002c9a4       0xc0 target/smardCard_nrf52840/app_button.c.o
                0x0002c9a4                app_button_init
 .text.app_button_enable
                0x0002ca64       0x2c target/smardCard_nrf52840/app_button.c.o
                0x0002ca64                app_button_enable
 .text.app_button_disable
                0x0002ca90       0x5c target/smardCard_nrf52840/app_button.c.o
                0x0002ca90                app_button_disable
 .text.app_error_handler_bare
                0x0002caec       0x20 target/smardCard_nrf52840/app_error.c.o
                0x0002caec                app_error_handler_bare
 .text.app_error_fault_handler
                0x0002cb0c       0x70 target/smardCard_nrf52840/app_error_weak.c.o
                0x0002cb0c                app_error_fault_handler
 .text.compare_func
                0x0002cb7c       0x18 target/smardCard_nrf52840/app_timer2.c.o
 .text.rtc_irq  0x0002cb94      0x318 target/smardCard_nrf52840/app_timer2.c.o
 .text.app_timer_init
                0x0002ceac       0x6c target/smardCard_nrf52840/app_timer2.c.o
                0x0002ceac                app_timer_init
 .text.app_timer_create
                0x0002cf18       0x1c target/smardCard_nrf52840/app_timer2.c.o
                0x0002cf18                app_timer_create
 .text.app_timer_start
                0x0002cf34       0x8c target/smardCard_nrf52840/app_timer2.c.o
                0x0002cf34                app_timer_start
 .text.app_timer_stop
                0x0002cfc0       0x44 target/smardCard_nrf52840/app_timer2.c.o
                0x0002cfc0                app_timer_stop
 .text.app_util_critical_region_enter
                0x0002d004       0x4c target/smardCard_nrf52840/app_util_platform.c.o
                0x0002d004                app_util_critical_region_enter
 .text.app_util_critical_region_exit
                0x0002d050       0x30 target/smardCard_nrf52840/app_util_platform.c.o
                0x0002d050                app_util_critical_region_exit
 .text.drv_rtc_init
                0x0002d080       0xc0 target/smardCard_nrf52840/drv_rtc.c.o
                0x0002d080                drv_rtc_init
 .text.drv_rtc_start
                0x0002d140        0x8 target/smardCard_nrf52840/drv_rtc.c.o
                0x0002d140                drv_rtc_start
 .text.drv_rtc_stop
                0x0002d148        0x8 target/smardCard_nrf52840/drv_rtc.c.o
                0x0002d148                drv_rtc_stop
 .text.drv_rtc_compare_set
                0x0002d150       0x4c target/smardCard_nrf52840/drv_rtc.c.o
                0x0002d150                drv_rtc_compare_set
 .text.drv_rtc_windowed_compare_set
                0x0002d19c       0xf8 target/smardCard_nrf52840/drv_rtc.c.o
                0x0002d19c                drv_rtc_windowed_compare_set
 .text.drv_rtc_overflow_enable
                0x0002d294       0x14 target/smardCard_nrf52840/drv_rtc.c.o
                0x0002d294                drv_rtc_overflow_enable
 .text.drv_rtc_overflow_pending
                0x0002d2a8       0x20 target/smardCard_nrf52840/drv_rtc.c.o
                0x0002d2a8                drv_rtc_overflow_pending
 .text.drv_rtc_compare_disable
                0x0002d2c8       0x18 target/smardCard_nrf52840/drv_rtc.c.o
                0x0002d2c8                drv_rtc_compare_disable
 .text.drv_rtc_compare_pending
                0x0002d2e0       0x20 target/smardCard_nrf52840/drv_rtc.c.o
                0x0002d2e0                drv_rtc_compare_pending
 .text.drv_rtc_counter_get
                0x0002d300        0x8 target/smardCard_nrf52840/drv_rtc.c.o
                0x0002d300                drv_rtc_counter_get
 .text.drv_rtc_irq_trigger
                0x0002d308       0x24 target/smardCard_nrf52840/drv_rtc.c.o
                0x0002d308                drv_rtc_irq_trigger
 .text.RTC1_IRQHandler
                0x0002d32c       0x14 target/smardCard_nrf52840/drv_rtc.c.o
                0x0002d32c                RTC1_IRQHandler
 .text.nrf_atfifo_init
                0x0002d340       0x30 target/smardCard_nrf52840/nrf_atfifo.c.o
                0x0002d340                nrf_atfifo_init
 .text.nrf_atfifo_item_alloc
                0x0002d370       0x5c target/smardCard_nrf52840/nrf_atfifo.c.o
                0x0002d370                nrf_atfifo_item_alloc
 .text.nrf_atfifo_item_put
                0x0002d3cc       0x20 target/smardCard_nrf52840/nrf_atfifo.c.o
                0x0002d3cc                nrf_atfifo_item_put
 .text.nrf_atfifo_item_get
                0x0002d3ec       0x60 target/smardCard_nrf52840/nrf_atfifo.c.o
                0x0002d3ec                nrf_atfifo_item_get
 .text.nrf_atfifo_item_free
                0x0002d44c       0x20 target/smardCard_nrf52840/nrf_atfifo.c.o
                0x0002d44c                nrf_atfifo_item_free
 .text.nrf_atflags_set
                0x0002d46c       0x14 target/smardCard_nrf52840/nrf_atflags.c.o
                0x0002d46c                nrf_atflags_set
 .text.nrf_atflags_clear
                0x0002d480       0x14 target/smardCard_nrf52840/nrf_atflags.c.o
                0x0002d480                nrf_atflags_clear
 .text.nrf_atflags_get
                0x0002d494       0x14 target/smardCard_nrf52840/nrf_atflags.c.o
                0x0002d494                nrf_atflags_get
 .text.nrf_atomic_u32_fetch_store
                0x0002d4a8       0x1c target/smardCard_nrf52840/nrf_atomic.c.o
                0x0002d4a8                nrf_atomic_u32_fetch_store
 .text.nrf_atomic_u32_or
                0x0002d4c4       0x1c target/smardCard_nrf52840/nrf_atomic.c.o
                0x0002d4c4                nrf_atomic_u32_or
 .text.nrf_atomic_u32_and
                0x0002d4e0       0x1c target/smardCard_nrf52840/nrf_atomic.c.o
                0x0002d4e0                nrf_atomic_u32_and
 .text.nrf_atomic_u32_add
                0x0002d4fc       0x1c target/smardCard_nrf52840/nrf_atomic.c.o
                0x0002d4fc                nrf_atomic_u32_add
 .text.nrf_atomic_u32_sub
                0x0002d518       0x1c target/smardCard_nrf52840/nrf_atomic.c.o
                0x0002d518                nrf_atomic_u32_sub
 .text.nrf_atomic_flag_set
                0x0002d534       0x20 target/smardCard_nrf52840/nrf_atomic.c.o
                0x0002d534                nrf_atomic_flag_set
 .text.nrf_atomic_flag_clear_fetch
                0x0002d554       0x20 target/smardCard_nrf52840/nrf_atomic.c.o
                0x0002d554                nrf_atomic_flag_clear_fetch
 .text.nrf_balloc_init
                0x0002d574       0x38 target/smardCard_nrf52840/nrf_balloc.c.o
                0x0002d574                nrf_balloc_init
 .text.nrf_balloc_alloc
                0x0002d5ac       0x50 target/smardCard_nrf52840/nrf_balloc.c.o
                0x0002d5ac                nrf_balloc_alloc
 .text.nrf_balloc_free
                0x0002d5fc       0x38 target/smardCard_nrf52840/nrf_balloc.c.o
                0x0002d5fc                nrf_balloc_free
 .text.nrf_fprintf_buffer_flush
                0x0002d634       0x18 target/smardCard_nrf52840/nrf_fprintf.c.o
                0x0002d634                nrf_fprintf_buffer_flush
 .text.nrf_fprintf
                0x0002d64c       0x20 target/smardCard_nrf52840/nrf_fprintf.c.o
                0x0002d64c                nrf_fprintf
 .text.unsigned_print
                0x0002d66c      0x14c target/smardCard_nrf52840/nrf_fprintf_format.c.o
 .text.nrf_fprintf_fmt
                0x0002d7b8      0x5cc target/smardCard_nrf52840/nrf_fprintf_format.c.o
                0x0002d7b8                nrf_fprintf_fmt
 .text.nrf_memobj_pool_init
                0x0002dd84        0x4 target/smardCard_nrf52840/nrf_memobj.c.o
                0x0002dd84                nrf_memobj_pool_init
 .text.nrf_memobj_alloc
                0x0002dd88       0x94 target/smardCard_nrf52840/nrf_memobj.c.o
                0x0002dd88                nrf_memobj_alloc
 .text.nrf_memobj_get
                0x0002de1c        0x8 target/smardCard_nrf52840/nrf_memobj.c.o
                0x0002de1c                nrf_memobj_get
 .text.nrf_memobj_put
                0x0002de24       0x58 target/smardCard_nrf52840/nrf_memobj.c.o
                0x0002de24                nrf_memobj_put
 .text.nrf_memobj_write
                0x0002de7c       0x68 target/smardCard_nrf52840/nrf_memobj.c.o
                0x0002de7c                nrf_memobj_write
 .text.nrf_memobj_read
                0x0002dee4       0x68 target/smardCard_nrf52840/nrf_memobj.c.o
                0x0002dee4                nrf_memobj_read
 .text.sd_app_evt_wait
                0x0002df4c        0x4 target/smardCard_nrf52840/nrf_pwr_mgmt.c.o
 .text.nrf_pwr_mgmt_init
                0x0002df50       0x2c target/smardCard_nrf52840/nrf_pwr_mgmt.c.o
                0x0002df50                nrf_pwr_mgmt_init
 .text.nrf_pwr_mgmt_run
                0x0002df7c       0x54 target/smardCard_nrf52840/nrf_pwr_mgmt.c.o
                0x0002df7c                nrf_pwr_mgmt_run
 .text.nrf_ringbuf_init
                0x0002dfd0       0x1c target/smardCard_nrf52840/nrf_ringbuf.c.o
                0x0002dfd0                nrf_ringbuf_init
 .text.nrf_section_iter_init
                0x0002dfec       0x14 target/smardCard_nrf52840/nrf_section_iter.c.o
                0x0002dfec                nrf_section_iter_init
 .text.nrf_section_iter_next
                0x0002e000       0x18 target/smardCard_nrf52840/nrf_section_iter.c.o
                0x0002e000                nrf_section_iter_next
 .text.nrf_sortlist_add
                0x0002e018       0x28 target/smardCard_nrf52840/nrf_sortlist.c.o
                0x0002e018                nrf_sortlist_add
 .text.nrf_sortlist_pop
                0x0002e040        0xc target/smardCard_nrf52840/nrf_sortlist.c.o
                0x0002e040                nrf_sortlist_pop
 .text.nrf_sortlist_peek
                0x0002e04c        0x8 target/smardCard_nrf52840/nrf_sortlist.c.o
                0x0002e04c                nrf_sortlist_peek
 .text.nrf_sortlist_remove
                0x0002e054       0x1c target/smardCard_nrf52840/nrf_sortlist.c.o
                0x0002e054                nrf_sortlist_remove
 .text.nrf_strerror_get
                0x0002e070       0x50 target/smardCard_nrf52840/nrf_strerror.c.o
                0x0002e070                nrf_strerror_get
 .text.nrf_log_backend_serial_put
                0x0002e0c0       0xd8 target/smardCard_nrf52840/nrf_log_backend_serial.c.o
                0x0002e0c0                nrf_log_backend_serial_put
 .text.uart_evt_handler
                0x0002e198        0xc target/smardCard_nrf52840/nrf_log_backend_uart.c.o
 .text.nrf_log_backend_uart_flush
                0x0002e1a4        0x4 target/smardCard_nrf52840/nrf_log_backend_uart.c.o
 .text.nrf_log_backend_uart_put
                0x0002e1a8       0x20 target/smardCard_nrf52840/nrf_log_backend_uart.c.o
 .text.serial_tx
                0x0002e1c8       0x4c target/smardCard_nrf52840/nrf_log_backend_uart.c.o
 .text.nrf_log_backend_uart_panic_set
                0x0002e214       0x7c target/smardCard_nrf52840/nrf_log_backend_uart.c.o
 .text.nrf_log_backend_uart_init
                0x0002e290       0x68 target/smardCard_nrf52840/nrf_log_backend_uart.c.o
                0x0002e290                nrf_log_backend_uart_init
 .text.nrf_log_default_backends_init
                0x0002e2f8       0x20 target/smardCard_nrf52840/nrf_log_default_backends.c.o
                0x0002e2f8                nrf_log_default_backends_init
 .text.nrf_log_init
                0x0002e318       0x28 target/smardCard_nrf52840/nrf_log_frontend.c.o
                0x0002e318                nrf_log_init
 .text.nrf_log_module_name_get
                0x0002e340       0x48 target/smardCard_nrf52840/nrf_log_frontend.c.o
                0x0002e340                nrf_log_module_name_get
 .text.nrf_log_color_id_get
                0x0002e388       0x2c target/smardCard_nrf52840/nrf_log_frontend.c.o
                0x0002e388                nrf_log_color_id_get
 .text.nrf_log_frontend_dequeue
                0x0002e3b4      0x250 target/smardCard_nrf52840/nrf_log_frontend.c.o
                0x0002e3b4                nrf_log_frontend_dequeue
 .text.nrf_log_frontend_std_0
                0x0002e604      0x188 target/smardCard_nrf52840/nrf_log_frontend.c.o
                0x0002e604                nrf_log_frontend_std_0
 .text.nrf_log_frontend_std_1
                0x0002e78c      0x19c target/smardCard_nrf52840/nrf_log_frontend.c.o
                0x0002e78c                nrf_log_frontend_std_1
 .text.nrf_log_frontend_std_2
                0x0002e928      0x1b0 target/smardCard_nrf52840/nrf_log_frontend.c.o
                0x0002e928                nrf_log_frontend_std_2
 .text.nrf_log_backend_add
                0x0002ead8       0x5c target/smardCard_nrf52840/nrf_log_frontend.c.o
                0x0002ead8                nrf_log_backend_add
 .text.nrf_log_panic
                0x0002eb34       0x28 target/smardCard_nrf52840/nrf_log_frontend.c.o
                0x0002eb34                nrf_log_panic
 .text.prefix_process
                0x0002eb5c       0x80 target/smardCard_nrf52840/nrf_log_str_formatter.c.o
 .text.nrf_log_std_entry_process
                0x0002ebdc       0xf0 target/smardCard_nrf52840/nrf_log_str_formatter.c.o
                0x0002ebdc                nrf_log_std_entry_process
 .text.nrf_log_hexdump_entry_process
                0x0002eccc       0xfc target/smardCard_nrf52840/nrf_log_str_formatter.c.o
                0x0002eccc                nrf_log_hexdump_entry_process
 .text.nfc_ndef_msg_encode
                0x0002edc8       0x7c target/smardCard_nrf52840/nfc_ndef_msg.c.o
                0x0002edc8                nfc_ndef_msg_encode
 .text.nfc_ndef_msg_record_add
                0x0002ee44       0x1c target/smardCard_nrf52840/nfc_ndef_msg.c.o
                0x0002ee44                nfc_ndef_msg_record_add
 .text.nfc_ndef_record_encode
                0x0002ee60       0xb8 target/smardCard_nrf52840/nfc_ndef_record.c.o
                0x0002ee60                nfc_ndef_record_encode
 .text.clock_event_handler
                0x0002ef18        0x8 target/smardCard_nrf52840/nfc_platform.c.o
 .text.nfc_platform_setup
                0x0002ef20       0x28 target/smardCard_nrf52840/nfc_platform.c.o
                0x0002ef20                nfc_platform_setup
 .text.nfc_platform_event_handler
                0x0002ef48       0x1c target/smardCard_nrf52840/nfc_platform.c.o
                0x0002ef48                nfc_platform_event_handler
 .text.nfc_text_rec_payload_constructor
                0x0002ef64       0x60 target/smardCard_nrf52840/nfc_text_rec.c.o
                0x0002ef64                nfc_text_rec_payload_constructor
 .text.sd_softdevice_enable
                0x0002efc4        0x4 target/smardCard_nrf52840/nrf_sdh.c.o
 .text.nrf_sdh_enable_request
                0x0002efc8      0x118 target/smardCard_nrf52840/nrf_sdh.c.o
                0x0002efc8                nrf_sdh_enable_request
 .text.nrf_sdh_is_enabled
                0x0002f0e0        0xc target/smardCard_nrf52840/nrf_sdh.c.o
                0x0002f0e0                nrf_sdh_is_enabled
 .text.SWI2_EGU2_IRQHandler
                0x0002f0ec       0x2c target/smardCard_nrf52840/nrf_sdh.c.o
                0x0002f0ec                SWI2_EGU2_IRQHandler
 .text.sd_ble_enable
                0x0002f118        0x4 target/smardCard_nrf52840/nrf_sdh_ble.c.o
 .text.sd_ble_cfg_set
                0x0002f11c        0x4 target/smardCard_nrf52840/nrf_sdh_ble.c.o
 .text.sd_ble_evt_get
                0x0002f120        0x4 target/smardCard_nrf52840/nrf_sdh_ble.c.o
 .text.nrf_sdh_ble_evts_poll.part.0
                0x0002f124       0x54 target/smardCard_nrf52840/nrf_sdh_ble.c.o
 .text.nrf_sdh_ble_evts_poll
                0x0002f178       0x10 target/smardCard_nrf52840/nrf_sdh_ble.c.o
 .text.nrf_sdh_ble_default_cfg_set
                0x0002f188       0xd0 target/smardCard_nrf52840/nrf_sdh_ble.c.o
                0x0002f188                nrf_sdh_ble_default_cfg_set
 .text.nrf_sdh_ble_enable
                0x0002f258       0x14 target/smardCard_nrf52840/nrf_sdh_ble.c.o
                0x0002f258                nrf_sdh_ble_enable
 .text.sd_evt_get
                0x0002f26c        0x4 target/smardCard_nrf52840/nrf_sdh_soc.c.o
 .text.nrf_sdh_soc_evts_poll
                0x0002f270       0x4c target/smardCard_nrf52840/nrf_sdh_soc.c.o
 .text.alNfcCallback
                0x0002f2bc      0x340 ./lib/nfc_t2t_lib_gcc.a(nfc_t2t_lib.c.o)
 .text.nfc_t2t_setup
                0x0002f5fc       0x64 ./lib/nfc_t2t_lib_gcc.a(nfc_t2t_lib.c.o)
                0x0002f5fc                nfc_t2t_setup
 .text.nfc_t2t_payload_set
                0x0002f660       0xf4 ./lib/nfc_t2t_lib_gcc.a(nfc_t2t_lib.c.o)
                0x0002f660                nfc_t2t_payload_set
 .text.nfc_t2t_internal_set
                0x0002f754       0x34 ./lib/nfc_t2t_lib_gcc.a(nfc_t2t_lib.c.o)
                0x0002f754                nfc_t2t_internal_set
 .text.nfc_t2t_emulation_start
                0x0002f788       0x34 ./lib/nfc_t2t_lib_gcc.a(nfc_t2t_lib.c.o)
                0x0002f788                nfc_t2t_emulation_start
 .text.nrfx_nfct_evt_handler
                0x0002f7bc       0xf4 ./lib/nfc_t2t_lib_gcc.a(nfc_t2t_lib_al.c.o)
 .text.nfc_t2t_lib_al_setup
                0x0002f8b0       0xf8 ./lib/nfc_t2t_lib_gcc.a(nfc_t2t_lib_al.c.o)
                0x0002f8b0                nfc_t2t_lib_al_setup
 .text.nfc_t2t_lib_al_start
                0x0002f9a8        0x4 ./lib/nfc_t2t_lib_gcc.a(nfc_t2t_lib_al.c.o)
                0x0002f9a8                nfc_t2t_lib_al_start
 .text.nfc_t2t_lib_al_send
                0x0002f9ac       0x18 ./lib/nfc_t2t_lib_gcc.a(nfc_t2t_lib_al.c.o)
                0x0002f9ac                nfc_t2t_lib_al_send
 .text.exit     0x0002f9c4       0x28 c:/program files (x86)/gnu tools arm embedded/9 2019-q4-major/bin/../lib/gcc/arm-none-eabi/9.2.1/../../../../arm-none-eabi/lib/thumb/v7e-m+fp/hard\libc_nano.a(lib_a-exit.o)
                0x0002f9c4                exit
 .text.__libc_init_array
                0x0002f9ec       0x48 c:/program files (x86)/gnu tools arm embedded/9 2019-q4-major/bin/../lib/gcc/arm-none-eabi/9.2.1/../../../../arm-none-eabi/lib/thumb/v7e-m+fp/hard\libc_nano.a(lib_a-init.o)
                0x0002f9ec                __libc_init_array
 .text.malloc   0x0002fa34       0x10 c:/program files (x86)/gnu tools arm embedded/9 2019-q4-major/bin/../lib/gcc/arm-none-eabi/9.2.1/../../../../arm-none-eabi/lib/thumb/v7e-m+fp/hard\libc_nano.a(lib_a-malloc.o)
                0x0002fa34                malloc
 .text.memcpy   0x0002fa44       0x1c c:/program files (x86)/gnu tools arm embedded/9 2019-q4-major/bin/../lib/gcc/arm-none-eabi/9.2.1/../../../../arm-none-eabi/lib/thumb/v7e-m+fp/hard\libc_nano.a(lib_a-memcpy-stub.o)
                0x0002fa44                memcpy
 .text.memset   0x0002fa60       0x10 c:/program files (x86)/gnu tools arm embedded/9 2019-q4-major/bin/../lib/gcc/arm-none-eabi/9.2.1/../../../../arm-none-eabi/lib/thumb/v7e-m+fp/hard\libc_nano.a(lib_a-memset.o)
                0x0002fa60                memset
 .text._malloc_r
                0x0002fa70       0xb4 c:/program files (x86)/gnu tools arm embedded/9 2019-q4-major/bin/../lib/gcc/arm-none-eabi/9.2.1/../../../../arm-none-eabi/lib/thumb/v7e-m+fp/hard\libc_nano.a(lib_a-nano-mallocr.o)
                0x0002fa70                _malloc_r
 .text._sbrk_r  0x0002fb24       0x20 c:/program files (x86)/gnu tools arm embedded/9 2019-q4-major/bin/../lib/gcc/arm-none-eabi/9.2.1/../../../../arm-none-eabi/lib/thumb/v7e-m+fp/hard\libc_nano.a(lib_a-sbrkr.o)
                0x0002fb24                _sbrk_r
 .text          0x0002fb44       0x10 c:/program files (x86)/gnu tools arm embedded/9 2019-q4-major/bin/../lib/gcc/arm-none-eabi/9.2.1/../../../../arm-none-eabi/lib/thumb/v7e-m+fp/hard\libc_nano.a(lib_a-strlen.o)
                0x0002fb44                strlen
 .text.__malloc_lock
                0x0002fb54        0xc c:/program files (x86)/gnu tools arm embedded/9 2019-q4-major/bin/../lib/gcc/arm-none-eabi/9.2.1/../../../../arm-none-eabi/lib/thumb/v7e-m+fp/hard\libc_nano.a(lib_a-mlock.o)
                0x0002fb54                __malloc_lock
 .text.__malloc_unlock
                0x0002fb60        0xc c:/program files (x86)/gnu tools arm embedded/9 2019-q4-major/bin/../lib/gcc/arm-none-eabi/9.2.1/../../../../arm-none-eabi/lib/thumb/v7e-m+fp/hard\libc_nano.a(lib_a-mlock.o)
                0x0002fb60                __malloc_unlock
 .text.__retarget_lock_acquire_recursive
                0x0002fb6c        0x2 c:/program files (x86)/gnu tools arm embedded/9 2019-q4-major/bin/../lib/gcc/arm-none-eabi/9.2.1/../../../../arm-none-eabi/lib/thumb/v7e-m+fp/hard\libc_nano.a(lib_a-lock.o)
                0x0002fb6c                __retarget_lock_acquire_recursive
 .text.__retarget_lock_release_recursive
                0x0002fb6e        0x2 c:/program files (x86)/gnu tools arm embedded/9 2019-q4-major/bin/../lib/gcc/arm-none-eabi/9.2.1/../../../../arm-none-eabi/lib/thumb/v7e-m+fp/hard\libc_nano.a(lib_a-lock.o)
                0x0002fb6e                __retarget_lock_release_recursive
 .text._sbrk    0x0002fb70       0x1c c:/program files (x86)/gnu tools arm embedded/9 2019-q4-major/bin/../lib/gcc/arm-none-eabi/9.2.1/../../../../arm-none-eabi/lib/thumb/v7e-m+fp/hard\libnosys.a(sbrk.o)
                0x0002fb70                _sbrk
 .text._exit    0x0002fb8c        0x4 c:/program files (x86)/gnu tools arm embedded/9 2019-q4-major/bin/../lib/gcc/arm-none-eabi/9.2.1/../../../../arm-none-eabi/lib/thumb/v7e-m+fp/hard\libnosys.a(_exit.o)
                0x0002fb8c                _exit
 *(.init)
 .init          0x0002fb90        0x4 c:/program files (x86)/gnu tools arm embedded/9 2019-q4-major/bin/../lib/gcc/arm-none-eabi/9.2.1/thumb/v7e-m+fp/hard/crti.o
                0x0002fb90                _init
 .init          0x0002fb94        0x8 c:/program files (x86)/gnu tools arm embedded/9 2019-q4-major/bin/../lib/gcc/arm-none-eabi/9.2.1/thumb/v7e-m+fp/hard/crtn.o
 *(.fini)
 .fini          0x0002fb9c        0x4 c:/program files (x86)/gnu tools arm embedded/9 2019-q4-major/bin/../lib/gcc/arm-none-eabi/9.2.1/thumb/v7e-m+fp/hard/crti.o
                0x0002fb9c                _fini
 .fini          0x0002fba0        0x8 c:/program files (x86)/gnu tools arm embedded/9 2019-q4-major/bin/../lib/gcc/arm-none-eabi/9.2.1/thumb/v7e-m+fp/hard/crtn.o
 *crtbegin.o(.ctors)
 *crtbegin?.o(.ctors)
 *(EXCLUDE_FILE(*crtend.o *crtend?.o) .ctors)
 *(SORT_BY_NAME(.ctors.*))
 *(.ctors)
 *crtbegin.o(.dtors)
 *crtbegin?.o(.dtors)
 *(EXCLUDE_FILE(*crtend.o *crtend?.o) .dtors)
 *(SORT_BY_NAME(.dtors.*))
 *(.dtors)
 *(.rodata*)
 .rodata.button_event_handler.str1.4
                0x0002fba8       0x1a target/smardCard_nrf52840/main.c.o
 *fill*         0x0002fbc2        0x2 
 .rodata.ble_evt_handler.str1.4
                0x0002fbc4       0x19 target/smardCard_nrf52840/main.c.o
 *fill*         0x0002fbdd        0x3 
 .rodata.main.str1.4
                0x0002fbe0       0x27 target/smardCard_nrf52840/main.c.o
 *fill*         0x0002fc07        0x1 
 .rodata        0x0002fc08       0x3c target/smardCard_nrf52840/main.c.o
 *fill*         0x0002fc44        0xc 
 .rodata.delay_machine_code.9115
                0x0002fc50        0x6 target/smardCard_nrf52840/main.c.o
 *fill*         0x0002fc56        0x2 
 .rodata.en_code
                0x0002fc58        0x2 target/smardCard_nrf52840/main.c.o
 *fill*         0x0002fc5a        0x2 
 .rodata.en_payload
                0x0002fc5c        0xc target/smardCard_nrf52840/main.c.o
 .rodata.no_code
                0x0002fc68        0x2 target/smardCard_nrf52840/main.c.o
 *fill*         0x0002fc6a        0x2 
 .rodata.no_payload
                0x0002fc6c        0xd target/smardCard_nrf52840/main.c.o
 *fill*         0x0002fc79        0x3 
 .rodata.pl_code
                0x0002fc7c        0x2 target/smardCard_nrf52840/main.c.o
 *fill*         0x0002fc7e        0x2 
 .rodata.pl_payload
                0x0002fc80        0xf target/smardCard_nrf52840/main.c.o
 *fill*         0x0002fc8f        0x1 
 .rodata        0x0002fc90       0x10 target/smardCard_nrf52840/board_spi.c.o
 .rodata.s_spiHandle
                0x0002fca0       0x10 target/smardCard_nrf52840/board_spi.c.o
 .rodata.m_board_led_list
                0x0002fcb0        0x4 target/smardCard_nrf52840/boards.c.o
 .rodata.CSWTCH.6
                0x0002fcb4        0x4 target/smardCard_nrf52840/system_nrf52840.c.o
 .rodata.data_length_update.constprop.0.str1.4
                0x0002fcb8       0xe2 target/smardCard_nrf52840/nrf_ble_gatt.c.o
 *fill*         0x0002fd9a        0x2 
 .rodata.nrf_ble_gatt_on_ble_evt.str1.4
                0x0002fd9c       0x63 target/smardCard_nrf52840/nrf_ble_gatt.c.o
 *fill*         0x0002fdff        0x1 
 .rodata.str1.4
                0x0002fe00        0xd target/smardCard_nrf52840/nrf_ble_gatt.c.o
 *fill*         0x0002fe0d        0x3 
 .rodata        0x0002fe10       0x10 target/smardCard_nrf52840/ble_lbs.c.o
 .rodata.str1.4
                0x0002fe20        0x6 target/smardCard_nrf52840/nrf_drv_clock.c.o
 *fill*         0x0002fe26        0x2 
 .rodata        0x0002fe28       0x10 target/smardCard_nrf52840/nrf_drv_spi.c.o
 .rodata.irq_handlers.9577
                0x0002fe38       0x10 target/smardCard_nrf52840/nrfx_spim.c.o
 .rodata.irq_handlers.9601
                0x0002fe48        0x8 target/smardCard_nrf52840/nrfx_uarte.c.o
 .rodata.str1.4
                0x0002fe50        0xb target/smardCard_nrf52840/app_button.c.o
 *fill*         0x0002fe5b        0x1 
 .rodata.m_detection_delay_timer_id
                0x0002fe5c        0x4 target/smardCard_nrf52840/app_button.c.o
 .rodata.app_error_fault_handler.str1.4
                0x0002fe60       0x19 target/smardCard_nrf52840/app_error_weak.c.o
 *fill*         0x0002fe79        0x3 
 .rodata.str1.4
                0x0002fe7c        0xa target/smardCard_nrf52840/app_timer2.c.o
 *fill*         0x0002fe86        0x2 
 .rodata        0x0002fe88        0x4 target/smardCard_nrf52840/app_timer2.c.o
 .rodata.m_app_timer_sortlist
                0x0002fe8c        0xc target/smardCard_nrf52840/app_timer2.c.o
 .rodata.drv_rtc_init.str1.4
                0x0002fe98       0x36 target/smardCard_nrf52840/drv_rtc.c.o
 *fill*         0x0002fece        0x2 
 .rodata.delay_machine_code.8841
                0x0002fed0        0x6 target/smardCard_nrf52840/drv_rtc.c.o
 *fill*         0x0002fed6        0x2 
 .rodata._aV2C.7901
                0x0002fed8       0x10 target/smardCard_nrf52840/nrf_fprintf_format.c.o
 .rodata.str1.4
                0x0002fee8        0x9 target/smardCard_nrf52840/nrf_pwr_mgmt.c.o
 *fill*         0x0002fef1        0x3 
 .rodata.pwr_mgmt_data
                0x0002fef4        0xc target/smardCard_nrf52840/nrf_pwr_mgmt.c.o
 .rodata.str1.4
                0x0002ff00        0x9 target/smardCard_nrf52840/nrf_sortlist.c.o
 *fill*         0x0002ff09        0x3 
 .rodata.str1.4
                0x0002ff0c      0x3e9 target/smardCard_nrf52840/nrf_strerror.c.o
 *fill*         0x000302f5        0x3 
 .rodata.m_unknown_str
                0x000302f8       0x13 target/smardCard_nrf52840/nrf_strerror.c.o
 *fill*         0x0003030b        0x1 
 .rodata.nrf_strerror_array
                0x0003030c      0x128 target/smardCard_nrf52840/nrf_strerror.c.o
 .rodata        0x00030434       0x20 target/smardCard_nrf52840/nrf_log_backend_uart.c.o
 .rodata.nrf_log_backend_uart_api
                0x00030454        0xc target/smardCard_nrf52840/nrf_log_backend_uart.c.o
                0x00030454                nrf_log_backend_uart_api
 .rodata.str1.4
                0x00030460       0x11 target/smardCard_nrf52840/nrf_log_default_backends.c.o
 *fill*         0x00030471        0x3 
 .rodata.nrf_log_frontend_dequeue.str1.4
                0x00030474       0x11 target/smardCard_nrf52840/nrf_log_frontend.c.o
 *fill*         0x00030485        0x3 
 .rodata.str1.4
                0x00030488        0x4 target/smardCard_nrf52840/nrf_log_frontend.c.o
 .rodata.m_log_push_ringbuf
                0x0003048c        0xc target/smardCard_nrf52840/nrf_log_frontend.c.o
 .rodata.prefix_process.str1.4
                0x00030498       0x36 target/smardCard_nrf52840/nrf_log_str_formatter.c.o
 *fill*         0x000304ce        0x2 
 .rodata.nrf_log_std_entry_process.str1.4
                0x000304d0        0x3 target/smardCard_nrf52840/nrf_log_str_formatter.c.o
 *fill*         0x000304d3        0x1 
 .rodata.nrf_log_hexdump_entry_process.str1.4
                0x000304d4       0x13 target/smardCard_nrf52840/nrf_log_str_formatter.c.o
                                 0x16 (size before relaxing)
 *fill*         0x000304e7        0x1 
 .rodata.str1.4
                0x000304e8       0x56 target/smardCard_nrf52840/nrf_log_str_formatter.c.o
 *fill*         0x0003053e        0x2 
 .rodata.m_colors
                0x00030540       0x24 target/smardCard_nrf52840/nrf_log_str_formatter.c.o
 .rodata.severity_names
                0x00030564       0x14 target/smardCard_nrf52840/nrf_log_str_formatter.c.o
 .rodata.nfc_text_rec_type_field
                0x00030578        0x1 target/smardCard_nrf52840/nfc_text_rec.c.o
                0x00030578                nfc_text_rec_type_field
 *fill*         0x00030579        0x3 
 .rodata.str1.4
                0x0003057c        0x8 target/smardCard_nrf52840/nrf_sdh.c.o
 .rodata        0x00030584        0x4 target/smardCard_nrf52840/nrf_sdh.c.o
 .rodata.sdh_req_observers
                0x00030588        0xc target/smardCard_nrf52840/nrf_sdh.c.o
 .rodata.sdh_stack_observers
                0x00030594        0xc target/smardCard_nrf52840/nrf_sdh.c.o
 .rodata.sdh_state_observers
                0x000305a0        0xc target/smardCard_nrf52840/nrf_sdh.c.o
 .rodata.str1.4
                0x000305ac        0xc target/smardCard_nrf52840/nrf_sdh_ble.c.o
 .rodata.sdh_ble_observers
                0x000305b8        0xc target/smardCard_nrf52840/nrf_sdh_ble.c.o
 .rodata.str1.4
                0x000305c4        0xc target/smardCard_nrf52840/nrf_sdh_soc.c.o
 .rodata.sdh_soc_observers
                0x000305d0        0xc target/smardCard_nrf52840/nrf_sdh_soc.c.o
 .rodata.Font12CN_Table
                0x000305dc      0x738 target/smardCard_nrf52840/font12CN.c.o
                0x000305dc                Font12CN_Table
 .rodata.Font20_Table
                0x00030d14      0xed8 target/smardCard_nrf52840/font20.c.o
                0x00030d14                Font20_Table
 .rodata.Font24CN_Table
                0x00031bec     0x13b0 target/smardCard_nrf52840/font24CN.c.o
                0x00031bec                Font24CN_Table
 .rodata.nfclibDefaultId
                0x00032f9c        0xa ./lib/nfc_t2t_lib_gcc.a(nfc_t2t_lib.c.o)
 *fill*         0x00032fa6        0x2 
 .rodata.statemachine
                0x00032fa8       0x2a ./lib/nfc_t2t_lib_gcc.a(nfc_t2t_lib.c.o)
 *fill*         0x00032fd2        0x2 
 .rodata        0x00032fd4        0x8 ./lib/nfc_t2t_lib_gcc.a(nfc_t2t_lib_al.c.o)
 .rodata.m_rx_desc
                0x00032fdc        0x8 ./lib/nfc_t2t_lib_gcc.a(nfc_t2t_lib_al.c.o)
 .rodata._ctype_
                0x00032fe4      0x101 c:/program files (x86)/gnu tools arm embedded/9 2019-q4-major/bin/../lib/gcc/arm-none-eabi/9.2.1/../../../../arm-none-eabi/lib/thumb/v7e-m+fp/hard\libc_nano.a(lib_a-ctype_.o)
                0x00032fe4                _ctype_
 *fill*         0x000330e5        0x3 
 .rodata._global_impure_ptr
                0x000330e8        0x4 c:/program files (x86)/gnu tools arm embedded/9 2019-q4-major/bin/../lib/gcc/arm-none-eabi/9.2.1/../../../../arm-none-eabi/lib/thumb/v7e-m+fp/hard\libc_nano.a(lib_a-impure.o)
                0x000330e8                _global_impure_ptr
 *(.eh_frame*)
 .eh_frame      0x000330ec        0x0 c:/program files (x86)/gnu tools arm embedded/9 2019-q4-major/bin/../lib/gcc/arm-none-eabi/9.2.1/thumb/v7e-m+fp/hard/crtbegin.o
 .eh_frame      0x000330ec        0x4 c:/program files (x86)/gnu tools arm embedded/9 2019-q4-major/bin/../lib/gcc/arm-none-eabi/9.2.1/thumb/v7e-m+fp/hard/crtend.o

.glue_7         0x000330f0        0x0
 .glue_7        0x000330f0        0x0 linker stubs

.glue_7t        0x000330f0        0x0
 .glue_7t       0x000330f0        0x0 linker stubs

.vfp11_veneer   0x000330f0        0x0
 .vfp11_veneer  0x000330f0        0x0 linker stubs

.v4_bx          0x000330f0        0x0
 .v4_bx         0x000330f0        0x0 linker stubs

.iplt           0x000330f0        0x0
 .iplt          0x000330f0        0x0 c:/program files (x86)/gnu tools arm embedded/9 2019-q4-major/bin/../lib/gcc/arm-none-eabi/9.2.1/thumb/v7e-m+fp/hard/crtbegin.o

.mem_section_dummy_rom

.sdh_soc_observers
                0x000330f0        0x8
                0x000330f0                PROVIDE (__start_sdh_soc_observers = .)
 *(SORT_BY_NAME(.sdh_soc_observers*))
 .sdh_soc_observers0
                0x000330f0        0x8 target/smardCard_nrf52840/nrf_drv_clock.c.o
                0x000330f8                PROVIDE (__stop_sdh_soc_observers = .)

.pwr_mgmt_data  0x000330f8        0x0
                0x000330f8                PROVIDE (__start_pwr_mgmt_data = .)
 *(SORT_BY_NAME(.pwr_mgmt_data*))
                0x000330f8                PROVIDE (__stop_pwr_mgmt_data = .)

.sdh_ble_observers
                0x000330f8       0x30
                0x000330f8                PROVIDE (__start_sdh_ble_observers = .)
 *(SORT_BY_NAME(.sdh_ble_observers*))
 .sdh_ble_observers0
                0x000330f8        0x8 target/smardCard_nrf52840/ble_conn_state.c.o
 .sdh_ble_observers1
                0x00033100        0x8 target/smardCard_nrf52840/main.c.o
 .sdh_ble_observers1
                0x00033108        0x8 target/smardCard_nrf52840/ble_conn_params.c.o
 .sdh_ble_observers2
                0x00033110       0x10 target/smardCard_nrf52840/main.c.o
 .sdh_ble_observers3
                0x00033120        0x8 target/smardCard_nrf52840/main.c.o
                0x00033128                PROVIDE (__stop_sdh_ble_observers = .)

.sdh_req_observers
                0x00033128        0x0
                0x00033128                PROVIDE (__start_sdh_req_observers = .)
 *(SORT_BY_NAME(.sdh_req_observers*))
                0x00033128                PROVIDE (__stop_sdh_req_observers = .)

.sdh_state_observers
                0x00033128        0x8
                0x00033128                PROVIDE (__start_sdh_state_observers = .)
 *(SORT_BY_NAME(.sdh_state_observers*))
 .sdh_state_observers0
                0x00033128        0x8 target/smardCard_nrf52840/nrf_drv_clock.c.o
                0x00033130                PROVIDE (__stop_sdh_state_observers = .)

.sdh_stack_observers
                0x00033130       0x10
                0x00033130                PROVIDE (__start_sdh_stack_observers = .)
 *(SORT_BY_NAME(.sdh_stack_observers*))
 .sdh_stack_observers0
                0x00033130        0x8 target/smardCard_nrf52840/nrf_sdh_ble.c.o
 .sdh_stack_observers0
                0x00033138        0x8 target/smardCard_nrf52840/nrf_sdh_soc.c.o
                0x00033140                PROVIDE (__stop_sdh_stack_observers = .)

.nrf_queue      0x00033140        0x0
                [!provide]                PROVIDE (__start_nrf_queue = .)
 *(.nrf_queue)
                [!provide]                PROVIDE (__stop_nrf_queue = .)

.nrf_balloc     0x00033140       0x14
                [!provide]                PROVIDE (__start_nrf_balloc = .)
 *(.nrf_balloc)
 .nrf_balloc    0x00033140       0x14 target/smardCard_nrf52840/nrf_log_frontend.c.o
                0x00033140                log_mempool
                [!provide]                PROVIDE (__stop_nrf_balloc = .)

.cli_command    0x00033154        0x0
                [!provide]                PROVIDE (__start_cli_command = .)
 *(.cli_command)
                [!provide]                PROVIDE (__stop_cli_command = .)

.crypto_data    0x00033154        0x0
                [!provide]                PROVIDE (__start_crypto_data = .)
 *(SORT_BY_NAME(.crypto_data*))
                [!provide]                PROVIDE (__stop_crypto_data = .)

.log_const_data
                0x00033154       0x50
                0x00033154                PROVIDE (__start_log_const_data = .)
 *(SORT_BY_NAME(.log_const_data*))
 .log_const_data_app
                0x00033154        0x8 target/smardCard_nrf52840/nrf_log_frontend.c.o
                0x00033154                m_nrf_log_app_logs_data_const
 .log_const_data_app_button
                0x0003315c        0x8 target/smardCard_nrf52840/app_button.c.o
                0x0003315c                m_nrf_log_app_button_logs_data_const
 .log_const_data_app_timer
                0x00033164        0x8 target/smardCard_nrf52840/app_timer2.c.o
                0x00033164                m_nrf_log_app_timer_logs_data_const
 .log_const_data_clock
                0x0003316c        0x8 target/smardCard_nrf52840/nrf_drv_clock.c.o
                0x0003316c                m_nrf_log_clock_logs_data_const
 .log_const_data_nrf_ble_gatt
                0x00033174        0x8 target/smardCard_nrf52840/nrf_ble_gatt.c.o
                0x00033174                m_nrf_log_nrf_ble_gatt_logs_data_const
 .log_const_data_nrf_sdh
                0x0003317c        0x8 target/smardCard_nrf52840/nrf_sdh.c.o
                0x0003317c                m_nrf_log_nrf_sdh_logs_data_const
 .log_const_data_nrf_sdh_ble
                0x00033184        0x8 target/smardCard_nrf52840/nrf_sdh_ble.c.o
                0x00033184                m_nrf_log_nrf_sdh_ble_logs_data_const
 .log_const_data_nrf_sdh_soc
                0x0003318c        0x8 target/smardCard_nrf52840/nrf_sdh_soc.c.o
                0x0003318c                m_nrf_log_nrf_sdh_soc_logs_data_const
 .log_const_data_pwr_mgmt
                0x00033194        0x8 target/smardCard_nrf52840/nrf_pwr_mgmt.c.o
                0x00033194                m_nrf_log_pwr_mgmt_logs_data_const
 .log_const_data_sortlist
                0x0003319c        0x8 target/smardCard_nrf52840/nrf_sortlist.c.o
                0x0003319c                m_nrf_log_sortlist_logs_data_const
                0x000331a4                PROVIDE (__stop_log_const_data = .)

.log_backends   0x000331a4       0x10
                [!provide]                PROVIDE (__start_log_backends = .)
 *(SORT_BY_NAME(.log_backends*))
 .log_backends  0x000331a4       0x10 target/smardCard_nrf52840/nrf_log_default_backends.c.o
                [!provide]                PROVIDE (__stop_log_backends = .)

.ARM.extab
 *(.ARM.extab* .gnu.linkonce.armextab.*)
                0x000331b4                __exidx_start = .

.ARM.exidx      0x000331b4        0x8
 *(.ARM.exidx* .gnu.linkonce.armexidx.*)
 .ARM.exidx     0x000331b4        0x8 c:/program files (x86)/gnu tools arm embedded/9 2019-q4-major/bin/../lib/gcc/arm-none-eabi/9.2.1/../../../../arm-none-eabi/lib/thumb/v7e-m+fp/hard/crt0.o
                0x000331bc                __exidx_end = .

.rel.dyn        0x000331bc        0x0
 .rel.iplt      0x000331bc        0x0 c:/program files (x86)/gnu tools arm embedded/9 2019-q4-major/bin/../lib/gcc/arm-none-eabi/9.2.1/thumb/v7e-m+fp/hard/crtbegin.o
                0x000331bc                . = ALIGN (0x4)
                0x000331bc                __etext = .

.data           0x20002bf0       0xe4 load address 0x000331bc
                0x20002bf0                __data_start__ = .
 *(vtable)
 *(.data*)
 .data.Imagesize
                0x20002bf0        0x2 target/smardCard_nrf52840/main.c.o
                0x20002bf0                Imagesize
 *fill*         0x20002bf2        0x2 
 .data.buttons.13661
                0x20002bf4        0x8 target/smardCard_nrf52840/main.c.o
 .data.m_adv_data
                0x20002bfc       0x10 target/smardCard_nrf52840/main.c.o
 .data.m_adv_handle
                0x20002c0c        0x1 target/smardCard_nrf52840/main.c.o
 *fill*         0x20002c0d        0x1 
 .data.m_conn_handle
                0x20002c0e        0x2 target/smardCard_nrf52840/main.c.o
 .data.s_transferOk
                0x20002c10        0x1 target/smardCard_nrf52840/board_spi.c.o
 *fill*         0x20002c11        0x3 
 .data.SystemCoreClock
                0x20002c14        0x4 target/smardCard_nrf52840/system_nrf52840.c.o
                0x20002c14                SystemCoreClock
 .data.m_timer_workaround
                0x20002c18        0xc target/smardCard_nrf52840/nrfx_nfct.c.o
 .data.m_rtc_inst
                0x20002c24        0x8 target/smardCard_nrf52840/app_timer2.c.o
 .data.m_uart   0x20002c2c       0x14 target/smardCard_nrf52840/nrf_log_backend_uart.c.o
                0x20002c2c                m_uart
 .data.log_backend_cb_uart_log_backend
                0x20002c40        0x8 target/smardCard_nrf52840/nrf_log_default_backends.c.o
 .data.Font12CN
                0x20002c48        0xc target/smardCard_nrf52840/font12CN.c.o
                0x20002c48                Font12CN
 .data.Font20   0x20002c54        0x8 target/smardCard_nrf52840/font20.c.o
                0x20002c54                Font20
 .data.Font24CN
                0x20002c5c        0xc target/smardCard_nrf52840/font24CN.c.o
                0x20002c5c                Font24CN
 .data._impure_ptr
                0x20002c68        0x4 c:/program files (x86)/gnu tools arm embedded/9 2019-q4-major/bin/../lib/gcc/arm-none-eabi/9.2.1/../../../../arm-none-eabi/lib/thumb/v7e-m+fp/hard\libc_nano.a(lib_a-impure.o)
                0x20002c68                _impure_ptr
 .data.impure_data
                0x20002c6c       0x60 c:/program files (x86)/gnu tools arm embedded/9 2019-q4-major/bin/../lib/gcc/arm-none-eabi/9.2.1/../../../../arm-none-eabi/lib/thumb/v7e-m+fp/hard\libc_nano.a(lib_a-impure.o)
                0x20002ccc                . = ALIGN (0x4)
                0x20002ccc                PROVIDE (__preinit_array_start = .)
 *(.preinit_array)
                0x20002ccc                PROVIDE (__preinit_array_end = .)
                0x20002ccc                . = ALIGN (0x4)
                0x20002ccc                PROVIDE (__init_array_start = .)
 *(SORT_BY_NAME(.init_array.*))
 *(.init_array)
 .init_array    0x20002ccc        0x4 c:/program files (x86)/gnu tools arm embedded/9 2019-q4-major/bin/../lib/gcc/arm-none-eabi/9.2.1/thumb/v7e-m+fp/hard/crtbegin.o
                0x20002cd0                PROVIDE (__init_array_end = .)
                0x20002cd0                . = ALIGN (0x4)
                [!provide]                PROVIDE (__fini_array_start = .)
 *(SORT_BY_NAME(.fini_array.*))
 *(.fini_array)
 .fini_array    0x20002cd0        0x4 c:/program files (x86)/gnu tools arm embedded/9 2019-q4-major/bin/../lib/gcc/arm-none-eabi/9.2.1/thumb/v7e-m+fp/hard/crtbegin.o
                [!provide]                PROVIDE (__fini_array_end = .)
 *(.jcr*)
                0x20002cd4                . = ALIGN (0x4)
                0x20002cd4                __data_end__ = .
LOAD c:/program files (x86)/gnu tools arm embedded/9 2019-q4-major/bin/../lib/gcc/arm-none-eabi/9.2.1/thumb/v7e-m+fp/hard/crti.o
LOAD c:/program files (x86)/gnu tools arm embedded/9 2019-q4-major/bin/../lib/gcc/arm-none-eabi/9.2.1/thumb/v7e-m+fp/hard/crtbegin.o
LOAD c:/program files (x86)/gnu tools arm embedded/9 2019-q4-major/bin/../lib/gcc/arm-none-eabi/9.2.1/../../../../arm-none-eabi/lib/thumb/v7e-m+fp/hard/crt0.o
LOAD target/smardCard_nrf52840/main.c.o
LOAD target/smardCard_nrf52840/board_spi.c.o
LOAD target/smardCard_nrf52840/GUI_Paint.c.o
LOAD target/smardCard_nrf52840/multi_button.c.o
LOAD target/smardCard_nrf52840/boards.c.o
LOAD target/smardCard_nrf52840/bsp.c.o
LOAD target/smardCard_nrf52840/gcc_startup_nrf52840.S.o
LOAD target/smardCard_nrf52840/system_nrf52840.c.o
LOAD target/smardCard_nrf52840/ble_advdata.c.o
LOAD target/smardCard_nrf52840/ble_conn_params.c.o
LOAD target/smardCard_nrf52840/ble_conn_state.c.o
LOAD target/smardCard_nrf52840/ble_srv_common.c.o
LOAD target/smardCard_nrf52840/nrf_ble_gatt.c.o
LOAD target/smardCard_nrf52840/nrf_ble_qwr.c.o
LOAD target/smardCard_nrf52840/ble_lbs.c.o
LOAD target/smardCard_nrf52840/app_fifo.c.o
LOAD target/smardCard_nrf52840/app_uart_fifo.c.o
LOAD target/smardCard_nrf52840/nrf_drv_clock.c.o
LOAD target/smardCard_nrf52840/nrf_drv_spi.c.o
LOAD target/smardCard_nrf52840/nrf_drv_uart.c.o
LOAD target/smardCard_nrf52840/nrf_nvic.c.o
LOAD target/smardCard_nrf52840/nrf_soc.c.o
LOAD target/smardCard_nrf52840/nrfx_atomic.c.o
LOAD target/smardCard_nrf52840/nrfx_clock.c.o
LOAD target/smardCard_nrf52840/nrfx_gpiote.c.o
LOAD target/smardCard_nrf52840/nrfx_nfct.c.o
LOAD target/smardCard_nrf52840/nrfx_prs.c.o
LOAD target/smardCard_nrf52840/nrfx_spi.c.o
LOAD target/smardCard_nrf52840/nrfx_spim.c.o
LOAD target/smardCard_nrf52840/nrfx_timer.c.o
LOAD target/smardCard_nrf52840/nrfx_uart.c.o
LOAD target/smardCard_nrf52840/nrfx_uarte.c.o
LOAD target/smardCard_nrf52840/retarget.c.o
LOAD target/smardCard_nrf52840/app_button.c.o
LOAD target/smardCard_nrf52840/app_error.c.o
LOAD target/smardCard_nrf52840/app_error_handler_gcc.c.o
LOAD target/smardCard_nrf52840/app_error_weak.c.o
LOAD target/smardCard_nrf52840/app_scheduler.c.o
LOAD target/smardCard_nrf52840/app_timer2.c.o
LOAD target/smardCard_nrf52840/app_util_platform.c.o
LOAD target/smardCard_nrf52840/drv_rtc.c.o
LOAD target/smardCard_nrf52840/hardfault_handler_gcc.c.o
LOAD target/smardCard_nrf52840/hardfault_implementation.c.o
LOAD target/smardCard_nrf52840/nrf_assert.c.o
LOAD target/smardCard_nrf52840/nrf_atfifo.c.o
LOAD target/smardCard_nrf52840/nrf_atflags.c.o
LOAD target/smardCard_nrf52840/nrf_atomic.c.o
LOAD target/smardCard_nrf52840/nrf_balloc.c.o
LOAD target/smardCard_nrf52840/nrf_fprintf.c.o
LOAD target/smardCard_nrf52840/nrf_fprintf_format.c.o
LOAD target/smardCard_nrf52840/nrf_memobj.c.o
LOAD target/smardCard_nrf52840/nrf_pwr_mgmt.c.o
LOAD target/smardCard_nrf52840/nrf_ringbuf.c.o
LOAD target/smardCard_nrf52840/nrf_section_iter.c.o
LOAD target/smardCard_nrf52840/nrf_sortlist.c.o
LOAD target/smardCard_nrf52840/nrf_strerror.c.o
LOAD target/smardCard_nrf52840/nrf_log_backend_rtt.c.o
LOAD target/smardCard_nrf52840/nrf_log_backend_serial.c.o
LOAD target/smardCard_nrf52840/nrf_log_backend_uart.c.o
LOAD target/smardCard_nrf52840/nrf_log_default_backends.c.o
LOAD target/smardCard_nrf52840/nrf_log_frontend.c.o
LOAD target/smardCard_nrf52840/nrf_log_str_formatter.c.o
LOAD target/smardCard_nrf52840/nfc_ndef_msg.c.o
LOAD target/smardCard_nrf52840/nfc_ndef_record.c.o
LOAD target/smardCard_nrf52840/nfc_platform.c.o
LOAD target/smardCard_nrf52840/nfc_text_rec.c.o
LOAD target/smardCard_nrf52840/SEGGER_RTT.c.o
LOAD target/smardCard_nrf52840/SEGGER_RTT_Syscalls_GCC.c.o
LOAD target/smardCard_nrf52840/SEGGER_RTT_printf.c.o
LOAD target/smardCard_nrf52840/nrf_sdh.c.o
LOAD target/smardCard_nrf52840/nrf_sdh_ble.c.o
LOAD target/smardCard_nrf52840/nrf_sdh_soc.c.o
LOAD target/smardCard_nrf52840/font8.c.o
LOAD target/smardCard_nrf52840/font12.c.o
LOAD target/smardCard_nrf52840/font12CN.c.o
LOAD target/smardCard_nrf52840/font16.c.o
LOAD target/smardCard_nrf52840/font20.c.o
LOAD target/smardCard_nrf52840/font24.c.o
LOAD target/smardCard_nrf52840/font24CN.c.o
LOAD target/smardCard_nrf52840/utf.c.o
LOAD ./lib/nfc_t2t_lib_gcc.a
LOAD c:/program files (x86)/gnu tools arm embedded/9 2019-q4-major/bin/../lib/gcc/arm-none-eabi/9.2.1/../../../../arm-none-eabi/lib/thumb/v7e-m+fp/hard\libc_nano.a
LOAD c:/program files (x86)/gnu tools arm embedded/9 2019-q4-major/bin/../lib/gcc/arm-none-eabi/9.2.1/../../../../arm-none-eabi/lib/thumb/v7e-m+fp/hard\libnosys.a
LOAD c:/program files (x86)/gnu tools arm embedded/9 2019-q4-major/bin/../lib/gcc/arm-none-eabi/9.2.1/../../../../arm-none-eabi/lib/thumb/v7e-m+fp/hard\libm.a
START GROUP
LOAD c:/program files (x86)/gnu tools arm embedded/9 2019-q4-major/bin/../lib/gcc/arm-none-eabi/9.2.1/thumb/v7e-m+fp/hard\libgcc.a
LOAD c:/program files (x86)/gnu tools arm embedded/9 2019-q4-major/bin/../lib/gcc/arm-none-eabi/9.2.1/../../../../arm-none-eabi/lib/thumb/v7e-m+fp/hard\libg_nano.a
LOAD c:/program files (x86)/gnu tools arm embedded/9 2019-q4-major/bin/../lib/gcc/arm-none-eabi/9.2.1/../../../../arm-none-eabi/lib/thumb/v7e-m+fp/hard\libc_nano.a
END GROUP
START GROUP
LOAD c:/program files (x86)/gnu tools arm embedded/9 2019-q4-major/bin/../lib/gcc/arm-none-eabi/9.2.1/thumb/v7e-m+fp/hard\libgcc.a
LOAD c:/program files (x86)/gnu tools arm embedded/9 2019-q4-major/bin/../lib/gcc/arm-none-eabi/9.2.1/../../../../arm-none-eabi/lib/thumb/v7e-m+fp/hard\libc_nano.a
END GROUP
LOAD c:/program files (x86)/gnu tools arm embedded/9 2019-q4-major/bin/../lib/gcc/arm-none-eabi/9.2.1/thumb/v7e-m+fp/hard/crtend.o
LOAD c:/program files (x86)/gnu tools arm embedded/9 2019-q4-major/bin/../lib/gcc/arm-none-eabi/9.2.1/thumb/v7e-m+fp/hard/crtn.o
START GROUP
LOAD c:/program files (x86)/gnu tools arm embedded/9 2019-q4-major/bin/../lib/gcc/arm-none-eabi/9.2.1/thumb/v7e-m+fp/hard\libgcc.a
LOAD c:/program files (x86)/gnu tools arm embedded/9 2019-q4-major/bin/../lib/gcc/arm-none-eabi/9.2.1/../../../../arm-none-eabi/lib/thumb/v7e-m+fp/hard\libc.a
LOAD c:/program files (x86)/gnu tools arm embedded/9 2019-q4-major/bin/../lib/gcc/arm-none-eabi/9.2.1/../../../../arm-none-eabi/lib/thumb/v7e-m+fp/hard\libnosys.a
END GROUP

.igot.plt       0x20002cd4        0x0 load address 0x000332a0
 .igot.plt      0x20002cd4        0x0 c:/program files (x86)/gnu tools arm embedded/9 2019-q4-major/bin/../lib/gcc/arm-none-eabi/9.2.1/thumb/v7e-m+fp/hard/crtbegin.o
                0x20002cd4                . = ALIGN (0x4)

.mem_section_dummy_ram

.cli_sorted_cmd_ptrs
                0x20002cd4        0x0
                [!provide]                PROVIDE (__start_cli_sorted_cmd_ptrs = .)
 *(.cli_sorted_cmd_ptrs)
                [!provide]                PROVIDE (__stop_cli_sorted_cmd_ptrs = .)

.fs_data        0x20002cd4        0x0
                [!provide]                PROVIDE (__start_fs_data = .)
 *(.fs_data)
                [!provide]                PROVIDE (__stop_fs_data = .)

.log_dynamic_data
                0x20002cd4        0x0
                0x20002cd4                PROVIDE (__start_log_dynamic_data = .)
 *(SORT_BY_NAME(.log_dynamic_data*))
                [!provide]                PROVIDE (__stop_log_dynamic_data = .)

.log_filter_data
                0x20002cd4        0x0
                [!provide]                PROVIDE (__start_log_filter_data = .)
 *(SORT_BY_NAME(.log_filter_data*))
                [!provide]                PROVIDE (__stop_log_filter_data = .)

.bss            0x20002cd8      0xc4c load address 0x000332a8
                0x20002cd8                . = ALIGN (0x4)
                0x20002cd8                __bss_start__ = .
 *(.bss*)
 .bss           0x20002cd8       0x1c c:/program files (x86)/gnu tools arm embedded/9 2019-q4-major/bin/../lib/gcc/arm-none-eabi/9.2.1/thumb/v7e-m+fp/hard/crtbegin.o
 .bss.m_enc_advdata
                0x20002cf4       0x1f target/smardCard_nrf52840/main.c.o
 *fill*         0x20002d13        0x1 
 .bss.m_enc_scan_response_data
                0x20002d14       0x1f target/smardCard_nrf52840/main.c.o
 *fill*         0x20002d33        0x1 
 .bss.m_gatt    0x20002d34       0x14 target/smardCard_nrf52840/main.c.o
 .bss.m_lbs     0x20002d48       0x18 target/smardCard_nrf52840/main.c.o
 .bss.m_qwr     0x20002d60        0xc target/smardCard_nrf52840/main.c.o
 .bss.m_rx_buf  0x20002d6c        0x8 target/smardCard_nrf52840/main.c.o
 .bss.head_handle
                0x20002d74        0x4 target/smardCard_nrf52840/multi_button.c.o
 .bss.m_conn_params_config
                0x20002d78       0x1c target/smardCard_nrf52840/ble_conn_params.c.o
 .bss.m_conn_params_instances
                0x20002d94       0x14 target/smardCard_nrf52840/ble_conn_params.c.o
 .bss.m_preferred_conn_params
                0x20002da8        0x8 target/smardCard_nrf52840/ble_conn_params.c.o
 .bss.m_timer_data
                0x20002db0       0x20 target/smardCard_nrf52840/ble_conn_params.c.o
 .bss.m_bcs     0x20002dd0       0x7c target/smardCard_nrf52840/ble_conn_state.c.o
 .bss.m_clock_cb
                0x20002e4c       0x14 target/smardCard_nrf52840/nrf_drv_clock.c.o
 .bss.m_contexts
                0x20002e60       0x10 target/smardCard_nrf52840/nrf_drv_spi.c.o
 .bss.m_handlers
                0x20002e70       0x10 target/smardCard_nrf52840/nrf_drv_spi.c.o
 .bss.m_contexts
                0x20002e80        0x8 target/smardCard_nrf52840/nrf_drv_uart.c.o
 .bss.m_handlers
                0x20002e88        0x8 target/smardCard_nrf52840/nrf_drv_uart.c.o
 .bss.m_clock_cb
                0x20002e90        0x8 target/smardCard_nrf52840/nrfx_clock.c.o
 .bss.m_cb      0x20002e98       0x5c target/smardCard_nrf52840/nrfx_gpiote.c.o
 .bss.is_field_validation_pending.9767
                0x20002ef4        0x1 target/smardCard_nrf52840/nrfx_nfct.c.o
 *fill*         0x20002ef5        0x3 
 .bss.m_nfct_cb
                0x20002ef8       0x10 target/smardCard_nrf52840/nrfx_nfct.c.o
 .bss.m_prs_box_0
                0x20002f08        0x8 target/smardCard_nrf52840/nrfx_prs.c.o
 .bss.m_prs_box_1
                0x20002f10        0x8 target/smardCard_nrf52840/nrfx_prs.c.o
 .bss.m_prs_box_2
                0x20002f18        0x8 target/smardCard_nrf52840/nrfx_prs.c.o
 .bss.m_prs_box_3
                0x20002f20        0x8 target/smardCard_nrf52840/nrfx_prs.c.o
 .bss.m_prs_box_4
                0x20002f28        0x8 target/smardCard_nrf52840/nrfx_prs.c.o
 .bss.m_cb      0x20002f30       0x90 target/smardCard_nrf52840/nrfx_spim.c.o
 .bss.m_cb      0x20002fc0       0x3c target/smardCard_nrf52840/nrfx_timer.c.o
 *fill*         0x20002ffc        0x4 
 .bss.m_cb      0x20003000       0x2c target/smardCard_nrf52840/nrfx_uart.c.o
 .bss.m_cb      0x2000302c       0x48 target/smardCard_nrf52840/nrfx_uarte.c.o
 .bss.m_button_count
                0x20003074        0x1 target/smardCard_nrf52840/app_button.c.o
 *fill*         0x20003075        0x3 
 .bss.m_detection_delay
                0x20003078        0x4 target/smardCard_nrf52840/app_button.c.o
 *fill*         0x2000307c        0x4 
 .bss.m_detection_delay_timer_id_data
                0x20003080       0x20 target/smardCard_nrf52840/app_button.c.o
 .bss.m_pin_active
                0x200030a0        0x8 target/smardCard_nrf52840/app_button.c.o
 .bss.m_pin_states
                0x200030a8       0x20 target/smardCard_nrf52840/app_button.c.o
 .bss.mp_buttons
                0x200030c8        0x4 target/smardCard_nrf52840/app_button.c.o
 .bss.m_app_timer_sortlist_sortlist_cb
                0x200030cc        0x4 target/smardCard_nrf52840/app_timer2.c.o
 .bss.m_base_counter
                0x200030d0        0x8 target/smardCard_nrf52840/app_timer2.c.o
 .bss.m_global_active
                0x200030d8        0x1 target/smardCard_nrf52840/app_timer2.c.o
 *fill*         0x200030d9        0x3 
 .bss.m_req_fifo_data
                0x200030dc       0x58 target/smardCard_nrf52840/app_timer2.c.o
 .bss.m_req_fifo_inst
                0x20003134       0x10 target/smardCard_nrf52840/app_timer2.c.o
 *fill*         0x20003144        0x4 
 .bss.m_stamp64
                0x20003148        0x8 target/smardCard_nrf52840/app_timer2.c.o
 .bss.mp_active_timer
                0x20003150        0x4 target/smardCard_nrf52840/app_timer2.c.o
 .bss.m_cb      0x20003154        0x8 target/smardCard_nrf52840/drv_rtc.c.o
 .bss.m_handlers
                0x2000315c        0x4 target/smardCard_nrf52840/drv_rtc.c.o
 .bss.m_handlers_iter
                0x20003160        0x8 target/smardCard_nrf52840/nrf_pwr_mgmt.c.o
 .bss.m_shutdown_started
                0x20003168        0x1 target/smardCard_nrf52840/nrf_pwr_mgmt.c.o
 *fill*         0x20003169        0x3 
 .bss.m_sysoff_mtx
                0x2000316c        0x4 target/smardCard_nrf52840/nrf_pwr_mgmt.c.o
 .bss.m_async_mode
                0x20003170        0x1 target/smardCard_nrf52840/nrf_log_backend_uart.c.o
 *fill*         0x20003171        0x3 
 .bss.m_string_buff
                0x20003174       0x40 target/smardCard_nrf52840/nrf_log_backend_uart.c.o
 .bss.m_xfer_done
                0x200031b4        0x1 target/smardCard_nrf52840/nrf_log_backend_uart.c.o
 *fill*         0x200031b5        0x3 
 .bss.log_mempool_nrf_balloc_cb
                0x200031b8        0x8 target/smardCard_nrf52840/nrf_log_frontend.c.o
 .bss.log_mempool_nrf_balloc_pool_mem
                0x200031c0       0xc0 target/smardCard_nrf52840/nrf_log_frontend.c.o
 .bss.log_mempool_nrf_balloc_pool_stack
                0x20003280        0x8 target/smardCard_nrf52840/nrf_log_frontend.c.o
 .bss.m_log_data
                0x20003288      0x420 target/smardCard_nrf52840/nrf_log_frontend.c.o
 .bss.m_log_push_ringbuf_buf
                0x200036a8       0x80 target/smardCard_nrf52840/nrf_log_frontend.c.o
 .bss.m_log_push_ringbuf_cb
                0x20003728       0x18 target/smardCard_nrf52840/nrf_log_frontend.c.o
 .bss.m_clock_handler_item
                0x20003740        0x8 target/smardCard_nrf52840/nfc_platform.c.o
 .bss.m_nrf_sdh_continue
                0x20003748        0x1 target/smardCard_nrf52840/nrf_sdh.c.o
 .bss.m_nrf_sdh_enabled
                0x20003749        0x1 target/smardCard_nrf52840/nrf_sdh.c.o
 .bss.m_nrf_sdh_suspended
                0x2000374a        0x1 target/smardCard_nrf52840/nrf_sdh.c.o
 .bss.m_stack_is_enabled
                0x2000374b        0x1 target/smardCard_nrf52840/nrf_sdh_ble.c.o
 .bss.nfclib    0x2000374c       0x6c ./lib/nfc_t2t_lib_gcc.a(nfc_t2t_lib.c.o)
 .bss.m_nfc_lib_callback
                0x200037b8        0x4 ./lib/nfc_t2t_lib_gcc.a(nfc_t2t_lib_al.c.o)
 .bss.m_nfc_lib_context
                0x200037bc        0x4 ./lib/nfc_t2t_lib_gcc.a(nfc_t2t_lib_al.c.o)
 .bss.m_nfc_rx_buffer
                0x200037c0       0x10 ./lib/nfc_t2t_lib_gcc.a(nfc_t2t_lib_al.c.o)
 .bss.m_nfcid1_data
                0x200037d0        0xa ./lib/nfc_t2t_lib_gcc.a(nfc_t2t_lib_al.c.o)
 .bss.m_nfcid1_length
                0x200037da        0x1 ./lib/nfc_t2t_lib_gcc.a(nfc_t2t_lib_al.c.o)
 .bss.m_slp_req_received
                0x200037db        0x1 ./lib/nfc_t2t_lib_gcc.a(nfc_t2t_lib_al.c.o)
 .bss.__malloc_free_list
                0x200037dc        0x4 c:/program files (x86)/gnu tools arm embedded/9 2019-q4-major/bin/../lib/gcc/arm-none-eabi/9.2.1/../../../../arm-none-eabi/lib/thumb/v7e-m+fp/hard\libc_nano.a(lib_a-nano-mallocr.o)
                0x200037dc                __malloc_free_list
 .bss.__malloc_sbrk_start
                0x200037e0        0x4 c:/program files (x86)/gnu tools arm embedded/9 2019-q4-major/bin/../lib/gcc/arm-none-eabi/9.2.1/../../../../arm-none-eabi/lib/thumb/v7e-m+fp/hard\libc_nano.a(lib_a-nano-mallocr.o)
                0x200037e0                __malloc_sbrk_start
 .bss.heap_end.5507
                0x200037e4        0x4 c:/program files (x86)/gnu tools arm embedded/9 2019-q4-major/bin/../lib/gcc/arm-none-eabi/9.2.1/../../../../arm-none-eabi/lib/thumb/v7e-m+fp/hard\libnosys.a(sbrk.o)
 *(COMMON)
 COMMON         0x200037e8      0x104 target/smardCard_nrf52840/main.c.o
                0x200037e8                m_ndef_msg_buf
                0x200038e8                BlackImage
 COMMON         0x200038ec       0x18 target/smardCard_nrf52840/GUI_Paint.c.o
                0x200038ec                Paint
 COMMON         0x20003904        0x2 target/smardCard_nrf52840/nrf_drv_uart.c.o
                0x20003904                nrf_drv_uart_use_easy_dma
 COMMON         0x20003906        0x1 target/smardCard_nrf52840/nrfx_clock.c.o
                0x20003906                nrfx_clock_irq_enabled
 *fill*         0x20003907        0x1 
 COMMON         0x20003908        0xc target/smardCard_nrf52840/app_util_platform.c.o
                0x20003908                nrf_nvic_state
 COMMON         0x20003914        0x4 c:/program files (x86)/gnu tools arm embedded/9 2019-q4-major/bin/../lib/gcc/arm-none-eabi/9.2.1/../../../../arm-none-eabi/lib/thumb/v7e-m+fp/hard\libc_nano.a(lib_a-reent.o)
                0x20003914                errno
 COMMON         0x20003918        0x9 c:/program files (x86)/gnu tools arm embedded/9 2019-q4-major/bin/../lib/gcc/arm-none-eabi/9.2.1/../../../../arm-none-eabi/lib/thumb/v7e-m+fp/hard\libc_nano.a(lib_a-lock.o)
                0x20003918                __lock___atexit_recursive_mutex
                0x20003919                __lock___arc4random_mutex
                0x2000391a                __lock___env_recursive_mutex
                0x2000391b                __lock___sinit_recursive_mutex
                0x2000391c                __lock___malloc_recursive_mutex
                0x2000391d                __lock___at_quick_exit_mutex
                0x2000391e                __lock___dd_hash_mutex
                0x2000391f                __lock___tz_mutex
                0x20003920                __lock___sfp_recursive_mutex
                0x20003924                . = ALIGN (0x4)
 *fill*         0x20003921        0x3 
                0x20003924                __bss_end__ = .

.heap           0x20003928     0x2000
                0x20003928                __HeapBase = .
                0x20003928                __end__ = .
                0x20003928                PROVIDE (end = .)
 *(.heap*)
 .heap          0x20003928     0x2000 target/smardCard_nrf52840/gcc_startup_nrf52840.S.o
                0x20005928                __HeapLimit = .

.stack_dummy    0x20003928     0x2000
 *(.stack*)
 .stack         0x20003928     0x2000 target/smardCard_nrf52840/gcc_startup_nrf52840.S.o
                0x20040000                __StackTop = (ORIGIN (RAM) + LENGTH (RAM))
                0x2003e000                __StackLimit = (__StackTop - SIZEOF (.stack_dummy))
                0x20040000                PROVIDE (__stack = __StackTop)
                0x00000001                ASSERT ((__StackLimit >= __HeapLimit), region RAM overflowed with stack)
                0x000000e8                DataInitFlashUsed = (__bss_start__ - __data_start__)
                0x0000c1bc                CodeFlashUsed = (__etext - ORIGIN (FLASH))
                0x0000c2a4                TotalFlashUsed = (CodeFlashUsed + DataInitFlashUsed)
                0x00000001                ASSERT ((TotalFlashUsed <= LENGTH (FLASH)), region FLASH overflowed with .data and user data)
OUTPUT(target/smardCard_nrf52840.out elf32-littlearm)

.ARM.attributes
                0x00000000       0x30
 .ARM.attributes
                0x00000000       0x1e c:/program files (x86)/gnu tools arm embedded/9 2019-q4-major/bin/../lib/gcc/arm-none-eabi/9.2.1/thumb/v7e-m+fp/hard/crti.o
 .ARM.attributes
                0x0000001e       0x34 c:/program files (x86)/gnu tools arm embedded/9 2019-q4-major/bin/../lib/gcc/arm-none-eabi/9.2.1/thumb/v7e-m+fp/hard/crtbegin.o
 .ARM.attributes
                0x00000052       0x1c c:/program files (x86)/gnu tools arm embedded/9 2019-q4-major/bin/../lib/gcc/arm-none-eabi/9.2.1/../../../../arm-none-eabi/lib/thumb/v7e-m+fp/hard/crt0.o
 .ARM.attributes
                0x0000006e       0x34 target/smardCard_nrf52840/main.c.o
 .ARM.attributes
                0x000000a2       0x34 target/smardCard_nrf52840/board_spi.c.o
 .ARM.attributes
                0x000000d6       0x34 target/smardCard_nrf52840/GUI_Paint.c.o
 .ARM.attributes
                0x0000010a       0x34 target/smardCard_nrf52840/multi_button.c.o
 .ARM.attributes
                0x0000013e       0x34 target/smardCard_nrf52840/boards.c.o
 .ARM.attributes
                0x00000172       0x20 target/smardCard_nrf52840/gcc_startup_nrf52840.S.o
 .ARM.attributes
                0x00000192       0x34 target/smardCard_nrf52840/system_nrf52840.c.o
 .ARM.attributes
                0x000001c6       0x34 target/smardCard_nrf52840/ble_advdata.c.o
 .ARM.attributes
                0x000001fa       0x34 target/smardCard_nrf52840/ble_conn_params.c.o
 .ARM.attributes
                0x0000022e       0x34 target/smardCard_nrf52840/ble_conn_state.c.o
 .ARM.attributes
                0x00000262       0x34 target/smardCard_nrf52840/ble_srv_common.c.o
 .ARM.attributes
                0x00000296       0x34 target/smardCard_nrf52840/nrf_ble_gatt.c.o
 .ARM.attributes
                0x000002ca       0x34 target/smardCard_nrf52840/nrf_ble_qwr.c.o
 .ARM.attributes
                0x000002fe       0x34 target/smardCard_nrf52840/ble_lbs.c.o
 .ARM.attributes
                0x00000332       0x34 target/smardCard_nrf52840/nrf_drv_clock.c.o
 .ARM.attributes
                0x00000366       0x34 target/smardCard_nrf52840/nrf_drv_spi.c.o
 .ARM.attributes
                0x0000039a       0x34 target/smardCard_nrf52840/nrf_drv_uart.c.o
 .ARM.attributes
                0x000003ce       0x34 target/smardCard_nrf52840/nrfx_clock.c.o
 .ARM.attributes
                0x00000402       0x34 target/smardCard_nrf52840/nrfx_gpiote.c.o
 .ARM.attributes
                0x00000436       0x34 target/smardCard_nrf52840/nrfx_nfct.c.o
 .ARM.attributes
                0x0000046a       0x34 target/smardCard_nrf52840/nrfx_prs.c.o
 .ARM.attributes
                0x0000049e       0x34 target/smardCard_nrf52840/nrfx_spim.c.o
 .ARM.attributes
                0x000004d2       0x34 target/smardCard_nrf52840/nrfx_timer.c.o
 .ARM.attributes
                0x00000506       0x34 target/smardCard_nrf52840/nrfx_uart.c.o
 .ARM.attributes
                0x0000053a       0x34 target/smardCard_nrf52840/nrfx_uarte.c.o
 .ARM.attributes
                0x0000056e       0x34 target/smardCard_nrf52840/app_button.c.o
 .ARM.attributes
                0x000005a2       0x34 target/smardCard_nrf52840/app_error.c.o
 .ARM.attributes
                0x000005d6       0x34 target/smardCard_nrf52840/app_error_weak.c.o
 .ARM.attributes
                0x0000060a       0x34 target/smardCard_nrf52840/app_timer2.c.o
 .ARM.attributes
                0x0000063e       0x34 target/smardCard_nrf52840/app_util_platform.c.o
 .ARM.attributes
                0x00000672       0x34 target/smardCard_nrf52840/drv_rtc.c.o
 .ARM.attributes
                0x000006a6       0x34 target/smardCard_nrf52840/nrf_atfifo.c.o
 .ARM.attributes
                0x000006da       0x34 target/smardCard_nrf52840/nrf_atflags.c.o
 .ARM.attributes
                0x0000070e       0x34 target/smardCard_nrf52840/nrf_atomic.c.o
 .ARM.attributes
                0x00000742       0x34 target/smardCard_nrf52840/nrf_balloc.c.o
 .ARM.attributes
                0x00000776       0x34 target/smardCard_nrf52840/nrf_fprintf.c.o
 .ARM.attributes
                0x000007aa       0x34 target/smardCard_nrf52840/nrf_fprintf_format.c.o
 .ARM.attributes
                0x000007de       0x34 target/smardCard_nrf52840/nrf_memobj.c.o
 .ARM.attributes
                0x00000812       0x34 target/smardCard_nrf52840/nrf_pwr_mgmt.c.o
 .ARM.attributes
                0x00000846       0x34 target/smardCard_nrf52840/nrf_ringbuf.c.o
 .ARM.attributes
                0x0000087a       0x34 target/smardCard_nrf52840/nrf_section_iter.c.o
 .ARM.attributes
                0x000008ae       0x34 target/smardCard_nrf52840/nrf_sortlist.c.o
 .ARM.attributes
                0x000008e2       0x34 target/smardCard_nrf52840/nrf_strerror.c.o
 .ARM.attributes
                0x00000916       0x34 target/smardCard_nrf52840/nrf_log_backend_serial.c.o
 .ARM.attributes
                0x0000094a       0x34 target/smardCard_nrf52840/nrf_log_backend_uart.c.o
 .ARM.attributes
                0x0000097e       0x34 target/smardCard_nrf52840/nrf_log_default_backends.c.o
 .ARM.attributes
                0x000009b2       0x34 target/smardCard_nrf52840/nrf_log_frontend.c.o
 .ARM.attributes
                0x000009e6       0x34 target/smardCard_nrf52840/nrf_log_str_formatter.c.o
 .ARM.attributes
                0x00000a1a       0x34 target/smardCard_nrf52840/nfc_ndef_msg.c.o
 .ARM.attributes
                0x00000a4e       0x34 target/smardCard_nrf52840/nfc_ndef_record.c.o
 .ARM.attributes
                0x00000a82       0x34 target/smardCard_nrf52840/nfc_platform.c.o
 .ARM.attributes
                0x00000ab6       0x34 target/smardCard_nrf52840/nfc_text_rec.c.o
 .ARM.attributes
                0x00000aea       0x34 target/smardCard_nrf52840/nrf_sdh.c.o
 .ARM.attributes
                0x00000b1e       0x34 target/smardCard_nrf52840/nrf_sdh_ble.c.o
 .ARM.attributes
                0x00000b52       0x34 target/smardCard_nrf52840/nrf_sdh_soc.c.o
 .ARM.attributes
                0x00000b86       0x39 target/smardCard_nrf52840/font12CN.c.o
 .ARM.attributes
                0x00000bbf       0x39 target/smardCard_nrf52840/font20.c.o
 .ARM.attributes
                0x00000bf8       0x39 target/smardCard_nrf52840/font24CN.c.o
 .ARM.attributes